Archive member included to satisfy reference by file (symbol)

/usr/lib/gcc/arm-none-eabi/9.2.1/../../../arm-none-eabi/lib/thumb/v7e-m+fp/hard/libc_nano.a(lib_a-atexit.o)
                              /usr/lib/gcc/arm-none-eabi/9.2.1/../../../arm-none-eabi/lib/thumb/v7e-m+fp/hard/crt0.o (atexit)
/usr/lib/gcc/arm-none-eabi/9.2.1/../../../arm-none-eabi/lib/thumb/v7e-m+fp/hard/libc_nano.a(lib_a-atoi.o)
                              build/wifi_interface.o (atoi)
/usr/lib/gcc/arm-none-eabi/9.2.1/../../../arm-none-eabi/lib/thumb/v7e-m+fp/hard/libc_nano.a(lib_a-exit.o)
                              /usr/lib/gcc/arm-none-eabi/9.2.1/../../../arm-none-eabi/lib/thumb/v7e-m+fp/hard/crt0.o (exit)
/usr/lib/gcc/arm-none-eabi/9.2.1/../../../arm-none-eabi/lib/thumb/v7e-m+fp/hard/libc_nano.a(lib_a-fflush.o)
                              build/main.o (fflush)
/usr/lib/gcc/arm-none-eabi/9.2.1/../../../arm-none-eabi/lib/thumb/v7e-m+fp/hard/libc_nano.a(lib_a-findfp.o)
                              /usr/lib/gcc/arm-none-eabi/9.2.1/../../../arm-none-eabi/lib/thumb/v7e-m+fp/hard/libc_nano.a(lib_a-fflush.o) (__sinit)
/usr/lib/gcc/arm-none-eabi/9.2.1/../../../arm-none-eabi/lib/thumb/v7e-m+fp/hard/libc_nano.a(lib_a-fini.o)
                              /usr/lib/gcc/arm-none-eabi/9.2.1/../../../arm-none-eabi/lib/thumb/v7e-m+fp/hard/crt0.o (__libc_fini_array)
/usr/lib/gcc/arm-none-eabi/9.2.1/../../../arm-none-eabi/lib/thumb/v7e-m+fp/hard/libc_nano.a(lib_a-fwalk.o)
                              /usr/lib/gcc/arm-none-eabi/9.2.1/../../../arm-none-eabi/lib/thumb/v7e-m+fp/hard/libc_nano.a(lib_a-findfp.o) (_fwalk)
/usr/lib/gcc/arm-none-eabi/9.2.1/../../../arm-none-eabi/lib/thumb/v7e-m+fp/hard/libc_nano.a(lib_a-impure.o)
                              /usr/lib/gcc/arm-none-eabi/9.2.1/../../../arm-none-eabi/lib/thumb/v7e-m+fp/hard/libc_nano.a(lib_a-exit.o) (_global_impure_ptr)
/usr/lib/gcc/arm-none-eabi/9.2.1/../../../arm-none-eabi/lib/thumb/v7e-m+fp/hard/libc_nano.a(lib_a-init.o)
                              /usr/lib/gcc/arm-none-eabi/9.2.1/../../../arm-none-eabi/lib/thumb/v7e-m+fp/hard/crt0.o (__libc_init_array)
/usr/lib/gcc/arm-none-eabi/9.2.1/../../../arm-none-eabi/lib/thumb/v7e-m+fp/hard/libc_nano.a(lib_a-memcpy.o)
                              build/main.o (memcpy)
/usr/lib/gcc/arm-none-eabi/9.2.1/../../../arm-none-eabi/lib/thumb/v7e-m+fp/hard/libc_nano.a(lib_a-memset.o)
                              /usr/lib/gcc/arm-none-eabi/9.2.1/../../../arm-none-eabi/lib/thumb/v7e-m+fp/hard/crt0.o (memset)
/usr/lib/gcc/arm-none-eabi/9.2.1/../../../arm-none-eabi/lib/thumb/v7e-m+fp/hard/libc_nano.a(lib_a-nano-freer.o)
                              /usr/lib/gcc/arm-none-eabi/9.2.1/../../../arm-none-eabi/lib/thumb/v7e-m+fp/hard/libc_nano.a(lib_a-fflush.o) (_free_r)
/usr/lib/gcc/arm-none-eabi/9.2.1/../../../arm-none-eabi/lib/thumb/v7e-m+fp/hard/libc_nano.a(lib_a-nano-mallocr.o)
                              /usr/lib/gcc/arm-none-eabi/9.2.1/../../../arm-none-eabi/lib/thumb/v7e-m+fp/hard/libc_nano.a(lib_a-findfp.o) (_malloc_r)
/usr/lib/gcc/arm-none-eabi/9.2.1/../../../arm-none-eabi/lib/thumb/v7e-m+fp/hard/libc_nano.a(lib_a-printf.o)
                              build/main.o (printf)
/usr/lib/gcc/arm-none-eabi/9.2.1/../../../arm-none-eabi/lib/thumb/v7e-m+fp/hard/libc_nano.a(lib_a-putchar.o)
                              build/main.o (putchar)
/usr/lib/gcc/arm-none-eabi/9.2.1/../../../arm-none-eabi/lib/thumb/v7e-m+fp/hard/libc_nano.a(lib_a-puts.o)
                              build/main.o (puts)
/usr/lib/gcc/arm-none-eabi/9.2.1/../../../arm-none-eabi/lib/thumb/v7e-m+fp/hard/libc_nano.a(lib_a-sbrkr.o)
                              /usr/lib/gcc/arm-none-eabi/9.2.1/../../../arm-none-eabi/lib/thumb/v7e-m+fp/hard/libc_nano.a(lib_a-nano-mallocr.o) (_sbrk_r)
/usr/lib/gcc/arm-none-eabi/9.2.1/../../../arm-none-eabi/lib/thumb/v7e-m+fp/hard/libc_nano.a(lib_a-scanf.o)
                              build/main.o (scanf)
/usr/lib/gcc/arm-none-eabi/9.2.1/../../../arm-none-eabi/lib/thumb/v7e-m+fp/hard/libc_nano.a(lib_a-sprintf.o)
                              build/stm32_spwf_wifi.o (sprintf)
/usr/lib/gcc/arm-none-eabi/9.2.1/../../../arm-none-eabi/lib/thumb/v7e-m+fp/hard/libc_nano.a(lib_a-sscanf.o)
                              build/spwf04WiFi.o (sscanf)
/usr/lib/gcc/arm-none-eabi/9.2.1/../../../arm-none-eabi/lib/thumb/v7e-m+fp/hard/libc_nano.a(lib_a-stdio.o)
                              /usr/lib/gcc/arm-none-eabi/9.2.1/../../../arm-none-eabi/lib/thumb/v7e-m+fp/hard/libc_nano.a(lib_a-findfp.o) (__sread)
/usr/lib/gcc/arm-none-eabi/9.2.1/../../../arm-none-eabi/lib/thumb/v7e-m+fp/hard/libc_nano.a(lib_a-strchr.o)
                              build/spwf04WiFi.o (strchr)
/usr/lib/gcc/arm-none-eabi/9.2.1/../../../arm-none-eabi/lib/thumb/v7e-m+fp/hard/libc_nano.a(lib_a-strcmp.o)
                              build/wifi_module.o (strcmp)
/usr/lib/gcc/arm-none-eabi/9.2.1/../../../arm-none-eabi/lib/thumb/v7e-m+fp/hard/libc_nano.a(lib_a-strlen.o)
[...]
Memory Configuration

Name             Origin             Length             Attributes
RAM              0x0000000020000000 0x0000000000018000 xrw
FLASH            0x0000000008000000 0x0000000000080000 xr
*default*        0x0000000000000000 0xffffffffffffffff

Linker script and memory map

LOAD /usr/lib/gcc/arm-none-eabi/9.2.1/thumb/v7e-m+fp/hard/crti.o
LOAD /usr/lib/gcc/arm-none-eabi/9.2.1/thumb/v7e-m+fp/hard/crtbegin.o
LOAD /usr/lib/gcc/arm-none-eabi/9.2.1/../../../arm-none-eabi/lib/thumb/v7e-m+fp/hard/crt0.o
LOAD build/main.o
LOAD build/stm32f4xx_it.o
LOAD build/stm32f4xx_hal_msp.o
LOAD build/system_stm32f4xx.o
LOAD build/stm32f4xx_ll_fmc.o
LOAD build/stm32f4xx_hal_tim_ex.o
LOAD build/stm32f4xx_hal_irda.o
LOAD build/stm32f4xx_ll_fsmc.o
LOAD build/stm32f4xx_hal_i2s_ex.o
LOAD build/stm32f4xx_hal_rcc_ex.o
LOAD build/stm32f4xx_hal_msp_template.o
LOAD build/stm32f4xx_hal.o
LOAD build/stm32f4xx_hal_cryp.o
LOAD build/stm32f4xx_hal_rng.o
LOAD build/stm32f4xx_ll_dma.o
LOAD build/stm32f4xx_hal_pwr.o
LOAD build/stm32f4xx_hal_ltdc.o
LOAD build/stm32f4xx_hal_dcmi_ex.o
LOAD build/stm32f4xx_hal_pcd_ex.o
LOAD build/stm32f4xx_hal_adc.o
LOAD build/stm32f4xx_hal_lptim.o
LOAD build/stm32f4xx_hal_spi.o
LOAD build/stm32f4xx_hal_i2s.o
LOAD build/stm32f4xx_hal_gpio.o
LOAD build/stm32f4xx_hal_smartcard.o
LOAD build/stm32f4xx_hal_fmpi2c.o
LOAD build/stm32f4xx_hal_dma2d.o
LOAD build/stm32f4xx_hal_sai.o
LOAD build/stm32f4xx_hal_cryp_ex.o
LOAD build/stm32f4xx_hal_hash.o
LOAD build/stm32f4xx_hal_ltdc_ex.o
LOAD build/stm32f4xx_hal_flash_ramfunc.o
LOAD build/stm32f4xx_hal_cortex.o
LOAD build/stm32f4xx_hal_iwdg.o
LOAD build/stm32f4xx_hal_dfsdm.o
LOAD build/stm32f4xx_hal_adc_ex.o
LOAD build/stm32f4xx_hal_i2c_ex.o
LOAD build/stm32f4xx_ll_sdmmc.o
LOAD build/stm32f4xx_ll_usb.o
LOAD build/stm32f4xx_hal_dma.o
LOAD build/stm32f4xx_hal_dsi.o
LOAD build/stm32f4xx_hal_pccard.o
LOAD build/stm32f4xx_hal_cec.o
LOAD build/stm32f4xx_hal_spdifrx.o
LOAD build/stm32f4xx_hal_fmpi2c_ex.o
LOAD build/stm32f4xx_hal_dac.o
LOAD build/stm32f4xx_hal_can.o
LOAD build/stm32f4xx_hal_nand.o
LOAD build/stm32f4xx_hal_flash_ex.o
LOAD build/stm32f4xx_hal_nor.o
LOAD build/stm32f4xx_hal_qspi.o
LOAD build/stm32f4xx_hal_hash_ex.o
LOAD build/stm32f4xx_hal_rtc.o
LOAD build/stm32f4xx_hal_i2c.o
LOAD build/stm32f4xx_hal_sram.o
LOAD build/stm32f4xx_hal_uart.o
LOAD build/stm32f4xx_hal_eth.o
LOAD build/stm32f4xx_hal_tim.o
LOAD build/stm32f4xx_hal_dma_ex.o
LOAD build/stm32f4xx_hal_sd.o
LOAD build/stm32f4xx_hal_usart.o
LOAD build/stm32f4xx_hal_sai_ex.o
LOAD build/stm32f4xx_hal_rcc.o
LOAD build/stm32f4xx_hal_wwdg.o
LOAD build/stm32f4xx_hal_dac_ex.o
LOAD build/stm32f4xx_hal_rtc_ex.o
LOAD build/stm32f4xx_hal_pwr_ex.o
LOAD build/stm32f4xx_hal_sdram.o
LOAD build/stm32f4xx_hal_flash.o
LOAD build/stm32f4xx_hal_crc.o
LOAD build/stm32f4xx_hal_hcd.o
LOAD build/stm32f4xx_hal_dcmi.o
LOAD build/stm32f4xx_hal_pcd.o
LOAD build/stm32_spwf_wifi.o
LOAD build/wifi_module_spi.o
LOAD build/wifi_module_uart_04.o
LOAD build/wifi_interface.o
LOAD build/wifi_module_uart_01.o
LOAD build/wifi_module.o
LOAD build/wifi_globals.o
LOAD build/spwf04WiFi.o
LOAD build/ring_buffer.o
LOAD build/event_buffer.o
LOAD build/stm32f4xx_nucleo.o
LOAD build/startup_stm32f401xe.o
LOAD /usr/lib/gcc/arm-none-eabi/9.2.1/../../../arm-none-eabi/lib/thumb/v7e-m+fp/hard/libc_nano.a
LOAD /usr/lib/gcc/arm-none-eabi/9.2.1/../../../arm-none-eabi/lib/thumb/v7e-m+fp/hard/libm.a
LOAD /usr/lib/gcc/arm-none-eabi/9.2.1/../../../arm-none-eabi/lib/thumb/v7e-m+fp/hard/libnosys.a
START GROUP
LOAD /usr/lib/gcc/arm-none-eabi/9.2.1/thumb/v7e-m+fp/hard/libgcc.a
LOAD /usr/lib/gcc/arm-none-eabi/9.2.1/../../../arm-none-eabi/lib/thumb/v7e-m+fp/hard/libc_nano.a
END GROUP
START GROUP
LOAD /usr/lib/gcc/arm-none-eabi/9.2.1/thumb/v7e-m+fp/hard/libgcc.a
LOAD /usr/lib/gcc/arm-none-eabi/9.2.1/../../../arm-none-eabi/lib/thumb/v7e-m+fp/hard/libc_nano.a
END GROUP
LOAD /usr/lib/gcc/arm-none-eabi/9.2.1/thumb/v7e-m+fp/hard/crtend.o
LOAD /usr/lib/gcc/arm-none-eabi/9.2.1/thumb/v7e-m+fp/hard/crtn.o
                0x0000000020018000                _estack = 0x20018000
                0x0000000000000200                _Min_Heap_Size = 0x200
                0x0000000000000400                _Min_Stack_Size = 0x400

.isr_vector     0x0000000008000000      0x194
                0x0000000008000000                . = ALIGN (0x4)
 *(.isr_vector)
 .isr_vector    0x0000000008000000      0x194 build/startup_stm32f401xe.o
                0x0000000008000000                g_pfnVectors
                0x0000000008000194                . = ALIGN (0x4)

.text           0x00000000080001c0     0x5230
                0x00000000080001c0                . = ALIGN (0x4)
 *(.text)
 .text          0x00000000080001c0       0x88 /usr/lib/gcc/arm-none-eabi/9.2.1/thumb/v7e-m+fp/hard/crtbegin.o
 .text          0x0000000008000248      0x1b0 /usr/lib/gcc/arm-none-eabi/9.2.1/../../../arm-none-eabi/lib/thumb/v7e-m+fp/hard/libc_nano.a(lib_a-fflush.o)
                0x0000000008000248                __sflush_r
                0x0000000008000374                _fflush_r
                0x00000000080003d4                fflush
 .text          0x00000000080003f8      0x210 /usr/lib/gcc/arm-none-eabi/9.2.1/../../../arm-none-eabi/lib/thumb/v7e-m+fp/hard/libc_nano.a(lib_a-findfp.o)
                0x00000000080003fc                _cleanup_r
                0x000000000800040c                __sfmoreglue
                0x000000000800043c                __sfp
                0x00000000080005b4                _cleanup
                0x00000000080005c8                __sinit
                0x00000000080005d0                __sfp_lock_acquire
                0x00000000080005d4                __sfp_lock_release
                0x00000000080005d8                __sinit_lock_acquire
                0x00000000080005dc                __sinit_lock_release
                0x00000000080005e0                __fp_lock_all
                0x00000000080005f4                __fp_unlock_all
 .text          0x0000000008000608       0xa0 /usr/lib/gcc/arm-none-eabi/9.2.1/../../../arm-none-eabi/lib/thumb/v7e-m+fp/hard/libc_nano.a(lib_a-fwalk.o)
                0x0000000008000608                _fwalk
                0x0000000008000654                _fwalk_reent
 .text          0x00000000080006a8       0x48 /usr/lib/gcc/arm-none-eabi/9.2.1/../../../arm-none-eabi/lib/thumb/v7e-m+fp/hard/libc_nano.a(lib_a-init.o)
                0x00000000080006a8                __libc_init_array
 .text          0x00000000080006f0      0x134 /usr/lib/gcc/arm-none-eabi/9.2.1/../../../arm-none-eabi/lib/thumb/v7e-m+fp/hard/libc_nano.a(lib_a-memcpy.o)
                0x00000000080006f0                memcpy
 .text          0x0000000008000824       0xa0 /usr/lib/gcc/arm-none-eabi/9.2.1/../../../arm-none-eabi/lib/thumb/v7e-m+fp/hard/libc_nano.a(lib_a-memset.o)
                0x0000000008000824                memset
 .text          0x00000000080008c4       0xac /usr/lib/gcc/arm-none-eabi/9.2.1/../../../arm-none-eabi/lib/thumb/v7e-m+fp/hard/libc_nano.a(lib_a-nano-freer.o)
                0x00000000080008c4                _free_r
 .text          0x0000000008000970       0xc8 /usr/lib/gcc/arm-none-eabi/9.2.1/../../../arm-none-eabi/lib/thumb/v7e-m+fp/hard/libc_nano.a(lib_a-nano-mallocr.o)
                0x0000000008000970                _malloc_r
 .text          0x0000000008000a38       0x68 /usr/lib/gcc/arm-none-eabi/9.2.1/../../../arm-none-eabi/lib/thumb/v7e-m+fp/hard/libc_nano.a(lib_a-printf.o)
                0x0000000008000a38                _printf_r
                0x0000000008000a38                _iprintf_r
                0x0000000008000a68                printf
                0x0000000008000a68                iprintf
 .text          0x0000000008000aa0       0x58 /usr/lib/gcc/arm-none-eabi/9.2.1/../../../arm-none-eabi/lib/thumb/v7e-m+fp/hard/libc_nano.a(lib_a-putchar.o)
                0x0000000008000aa0                _putchar_r
                0x0000000008000ac4                putchar
 .text          0x0000000008000af8       0xe8 /usr/lib/gcc/arm-none-eabi/9.2.1/../../../arm-none-eabi/lib/thumb/v7e-m+fp/hard/libc_nano.a(lib_a-puts.o)
                0x0000000008000af8                _puts_r
                0x0000000008000bd0                puts
 .text          0x0000000008000be0       0x24 /usr/lib/gcc/arm-none-eabi/9.2.1/../../../arm-none-eabi/lib/thumb/v7e-m+fp/hard/libc_nano.a(lib_a-sbrkr.o)
                0x0000000008000be0                _sbrk_r
 .text          0x0000000008000c04       0x68 /usr/lib/gcc/arm-none-eabi/9.2.1/../../../arm-none-eabi/lib/thumb/v7e-m+fp/hard/libc_nano.a(lib_a-scanf.o)
                0x0000000008000c04                iscanf
                0x0000000008000c04                scanf
                0x0000000008000c3c                _iscanf_r
                0x0000000008000c3c                _scanf_r
 .text          0x0000000008000c6c       0x80 /usr/lib/gcc/arm-none-eabi/9.2.1/../../../arm-none-eabi/lib/thumb/v7e-m+fp/hard/libc_nano.a(lib_a-sprintf.o)
                0x0000000008000c6c                _siprintf_r
                0x0000000008000c6c                _sprintf_r
                0x0000000008000ca8                sprintf
                0x0000000008000ca8                siprintf
 .text          0x0000000008000cec       0x90 /usr/lib/gcc/arm-none-eabi/9.2.1/../../../arm-none-eabi/lib/thumb/v7e-m+fp/hard/libc_nano.a(lib_a-stdio.o)
                0x0000000008000cec                __sread
                0x0000000008000d10                __seofread
                0x0000000008000d14                __swrite
                0x0000000008000d54                __sseek
                0x0000000008000d74                __sclose
 *fill*         0x0000000008000d7c        0x4 
 .text          0x0000000008000d80       0xdc /usr/lib/gcc/arm-none-eabi/9.2.1/../../../arm-none-eabi/lib/thumb/v7e-m+fp/hard/libc_nano.a(lib_a-strlen.o)
                0x0000000008000d80                strlen
 .text          0x0000000008000e5c      0x168 /usr/lib/gcc/arm-none-eabi/9.2.1/../../../arm-none-eabi/lib/thumb/v7e-m+fp/hard/libc_nano.a(lib_a-strtol.o)
                0x0000000008000f90                _strtol_r
                0x0000000008000f94                strtol_l
                0x0000000008000fac                strtol
 .text          0x0000000008000fc4       0xc0 /usr/lib/gcc/arm-none-eabi/9.2.1/../../../arm-none-eabi/lib/thumb/v7e-m+fp/hard/libc_nano.a(lib_a-wbuf.o)
                0x0000000008000fc4                __swbuf_r
                0x0000000008001074                __swbuf
 .text          0x0000000008001084       0x2c /usr/lib/gcc/arm-none-eabi/9.2.1/../../../arm-none-eabi/lib/thumb/v7e-m+fp/hard/libc_nano.a(lib_a-writer.o)
                0x0000000008001084                _write_r
 .text          0x00000000080010b0      0x100 /usr/lib/gcc/arm-none-eabi/9.2.1/../../../arm-none-eabi/lib/thumb/v7e-m+fp/hard/libc_nano.a(lib_a-wsetup.o)
                0x00000000080010b0                __swsetup_r
 .text          0x00000000080011b0       0x24 /usr/lib/gcc/arm-none-eabi/9.2.1/../../../arm-none-eabi/lib/thumb/v7e-m+fp/hard/libc_nano.a(lib_a-closer.o)
                0x00000000080011b0                _close_r
 .text          0x00000000080011d4        0xc /usr/lib/gcc/arm-none-eabi/9.2.1/../../../arm-none-eabi/lib/thumb/v7e-m+fp/hard/libc_nano.a(lib_a-errno.o)
                0x00000000080011d4                __errno
 .text          0x00000000080011e0       0x2c /usr/lib/gcc/arm-none-eabi/9.2.1/../../../arm-none-eabi/lib/thumb/v7e-m+fp/hard/libc_nano.a(lib_a-lseekr.o)
                0x00000000080011e0                _lseek_r
 .text          0x000000000800120c       0xf0 /usr/lib/gcc/arm-none-eabi/9.2.1/../../../arm-none-eabi/lib/thumb/v7e-m+fp/hard/libc_nano.a(lib_a-makebuf.o)
                0x000000000800120c                __swhatbuf_r
                0x0000000008001268                __smakebuf_r
 .text          0x00000000080012fc        0x8 /usr/lib/gcc/arm-none-eabi/9.2.1/../../../arm-none-eabi/lib/thumb/v7e-m+fp/hard/libc_nano.a(lib_a-mlock.o)
                0x00000000080012fc                __malloc_lock
                0x0000000008001300                __malloc_unlock
 .text          0x0000000008001304      0x42c /usr/lib/gcc/arm-none-eabi/9.2.1/../../../arm-none-eabi/lib/thumb/v7e-m+fp/hard/libc_nano.a(lib_a-nano-svfprintf.o)
                0x0000000008001304                __ssputs_r
                0x00000000080013c4                __ssprint_r
                0x00000000080014bc                _svfprintf_r
                0x00000000080014bc                _svfiprintf_r
 .text          0x0000000008001730      0x364 /usr/lib/gcc/arm-none-eabi/9.2.1/../../../arm-none-eabi/lib/thumb/v7e-m+fp/hard/libc_nano.a(lib_a-nano-vfprintf.o)
                0x000000000800176c                __sfputs_r
                0x000000000800179c                __sprint_r
                0x00000000080017b8                _vfiprintf_r
                0x00000000080017b8                _vfprintf_r
                0x0000000008001a7c                vfiprintf
                0x0000000008001a7c                vfprintf
 .text          0x0000000008001a94      0x3c4 /usr/lib/gcc/arm-none-eabi/9.2.1/../../../arm-none-eabi/lib/thumb/v7e-m+fp/hard/libc_nano.a(lib_a-nano-vfprintf_i.o)
                0x0000000008001a94                _printf_common
                0x0000000008001bc0                _printf_i
 .text          0x0000000008001e58      0x474 /usr/lib/gcc/arm-none-eabi/9.2.1/../../../arm-none-eabi/lib/thumb/v7e-m+fp/hard/libc_nano.a(lib_a-nano-vfscanf.o)
                0x0000000008001e58                __svfiscanf_r
                0x0000000008001e58                __svfscanf_r
                0x00000000080021d0                vfiscanf
                0x00000000080021d0                vfscanf
                0x0000000008002248                __svfscanf
                0x0000000008002260                _vfiscanf_r
                0x0000000008002260                _vfscanf_r
 .text          0x00000000080022cc      0x2d8 /usr/lib/gcc/arm-none-eabi/9.2.1/../../../arm-none-eabi/lib/thumb/v7e-m+fp/hard/libc_nano.a(lib_a-nano-vfscanf_i.o)
                0x00000000080022cc                _scanf_chars
                0x000000000800238c                _scanf_i
 .text          0x00000000080025a4      0x10c /usr/lib/gcc/arm-none-eabi/9.2.1/../../../arm-none-eabi/lib/thumb/v7e-m+fp/hard/libc_nano.a(lib_a-putc.o)
                0x00000000080025a4                _putc_r
                0x0000000008002624                putc
 .text          0x00000000080026b0       0x2c /usr/lib/gcc/arm-none-eabi/9.2.1/../../../arm-none-eabi/lib/thumb/v7e-m+fp/hard/libc_nano.a(lib_a-readr.o)
                0x00000000080026b0                _read_r
 .text          0x00000000080026dc      0x144 /usr/lib/gcc/arm-none-eabi/9.2.1/../../../arm-none-eabi/lib/thumb/v7e-m+fp/hard/libc_nano.a(lib_a-refill.o)
                0x00000000080026f0                __srefill_r
 .text          0x0000000008002820       0x70 /usr/lib/gcc/arm-none-eabi/9.2.1/../../../arm-none-eabi/lib/thumb/v7e-m+fp/hard/libc_nano.a(lib_a-sccl.o)
                0x0000000008002820                __sccl
 .text          0x0000000008002890      0x174 /usr/lib/gcc/arm-none-eabi/9.2.1/../../../arm-none-eabi/lib/thumb/v7e-m+fp/hard/libc_nano.a(lib_a-strtoul.o)
                0x00000000080029d0                _strtoul_r
                0x00000000080029d4                strtoul_l
                0x00000000080029ec                strtoul
 .text          0x0000000008002a04      0x174 /usr/lib/gcc/arm-none-eabi/9.2.1/../../../arm-none-eabi/lib/thumb/v7e-m+fp/hard/libc_nano.a(lib_a-ungetc.o)
                0x0000000008002a04                __submore
                0x0000000008002a7c                _ungetc_r
                0x0000000008002b68                ungetc
 .text          0x0000000008002b78       0x28 /usr/lib/gcc/arm-none-eabi/9.2.1/../../../arm-none-eabi/lib/thumb/v7e-m+fp/hard/libc_nano.a(lib_a-fstatr.o)
                0x0000000008002b78                _fstat_r
 .text          0x0000000008002ba0      0x308 /usr/lib/gcc/arm-none-eabi/9.2.1/../../../arm-none-eabi/lib/thumb/v7e-m+fp/hard/libc_nano.a(lib_a-fvwrite.o)
                0x0000000008002ba0                __sfvwrite_r
 .text          0x0000000008002ea8       0x24 /usr/lib/gcc/arm-none-eabi/9.2.1/../../../arm-none-eabi/lib/thumb/v7e-m+fp/hard/libc_nano.a(lib_a-isattyr.o)
                0x0000000008002ea8                _isatty_r
 *fill*         0x0000000008002ecc        0x4 
 .text          0x0000000008002ed0       0xa0 /usr/lib/gcc/arm-none-eabi/9.2.1/../../../arm-none-eabi/lib/thumb/v7e-m+fp/hard/libc_nano.a(lib_a-memchr.o)
                0x0000000008002ed0                memchr
 .text          0x0000000008002f70       0xd0 /usr/lib/gcc/arm-none-eabi/9.2.1/../../../arm-none-eabi/lib/thumb/v7e-m+fp/hard/libc_nano.a(lib_a-memmove.o)
                0x0000000008002f70                memmove
 .text          0x0000000008003040       0x4c /usr/lib/gcc/arm-none-eabi/9.2.1/../../../arm-none-eabi/lib/thumb/v7e-m+fp/hard/libc_nano.a(lib_a-nano-reallocr.o)
                0x0000000008003040                _realloc_r
 .text          0x000000000800308c       0x10 /usr/lib/gcc/arm-none-eabi/9.2.1/../../../arm-none-eabi/lib/thumb/v7e-m+fp/hard/libc_nano.a(lib_a-nano-msizer.o)
                0x000000000800308c                _malloc_usable_size_r
 .text          0x000000000800309c       0x10 /usr/lib/gcc/arm-none-eabi/9.2.1/../../../arm-none-eabi/lib/thumb/v7e-m+fp/hard/libnosys.a(close.o)
                0x000000000800309c                _close
 .text          0x00000000080030ac       0x10 /usr/lib/gcc/arm-none-eabi/9.2.1/../../../arm-none-eabi/lib/thumb/v7e-m+fp/hard/libnosys.a(fstat.o)
                0x00000000080030ac                _fstat
 .text          0x00000000080030bc       0x10 /usr/lib/gcc/arm-none-eabi/9.2.1/../../../arm-none-eabi/lib/thumb/v7e-m+fp/hard/libnosys.a(isatty.o)
                0x00000000080030bc                _isatty
 .text          0x00000000080030cc       0x10 /usr/lib/gcc/arm-none-eabi/9.2.1/../../../arm-none-eabi/lib/thumb/v7e-m+fp/hard/libnosys.a(lseek.o)
                0x00000000080030cc                _lseek
 .text          0x00000000080030dc       0x10 /usr/lib/gcc/arm-none-eabi/9.2.1/../../../arm-none-eabi/lib/thumb/v7e-m+fp/hard/libnosys.a(read.o)
                0x00000000080030dc                _read
 .text          0x00000000080030ec       0x1c /usr/lib/gcc/arm-none-eabi/9.2.1/../../../arm-none-eabi/lib/thumb/v7e-m+fp/hard/libnosys.a(sbrk.o)
                0x00000000080030ec                _sbrk
 .text          0x0000000008003108       0x10 /usr/lib/gcc/arm-none-eabi/9.2.1/../../../arm-none-eabi/lib/thumb/v7e-m+fp/hard/libnosys.a(write.o)
                0x0000000008003108                _write
 *(.text*)
 .text.SystemClock_Config
                0x0000000008003118       0x80 build/main.o
                0x0000000008003118                SystemClock_Config
 .text.wifi_get_AP_settings
                0x0000000008003198      0x168 build/main.o
                0x0000000008003198                wifi_get_AP_settings
 .text.main     0x0000000008003300      0x1d0 build/main.o
                0x0000000008003300                main
 .text.NMI_Handler
                0x00000000080034d0        0x2 build/stm32f4xx_it.o
                0x00000000080034d0                NMI_Handler
 .text.HardFault_Handler
                0x00000000080034d2        0x2 build/stm32f4xx_it.o
                0x00000000080034d2                HardFault_Handler
 .text.MemManage_Handler
                0x00000000080034d4        0x2 build/stm32f4xx_it.o
                0x00000000080034d4                MemManage_Handler
 .text.BusFault_Handler
                0x00000000080034d6        0x2 build/stm32f4xx_it.o
                0x00000000080034d6                BusFault_Handler
 .text.UsageFault_Handler
                0x00000000080034d8        0x2 build/stm32f4xx_it.o
                0x00000000080034d8                UsageFault_Handler
 .text.SVC_Handler
                0x00000000080034da        0x2 build/stm32f4xx_it.o
                0x00000000080034da                SVC_Handler
 .text.DebugMon_Handler
                0x00000000080034dc        0x2 build/stm32f4xx_it.o
                0x00000000080034dc                DebugMon_Handler
 .text.PendSV_Handler
                0x00000000080034de        0x2 build/stm32f4xx_it.o
                0x00000000080034de                PendSV_Handler
 .text.SysTick_Handler
                0x00000000080034e0        0x8 build/stm32f4xx_it.o
                0x00000000080034e0                SysTick_Handler
 .text.HAL_MspInit
                0x00000000080034e8       0x38 build/stm32f4xx_hal_msp.o
                0x00000000080034e8                HAL_MspInit
 .text.SystemInit
                0x0000000008003520       0x4c build/system_stm32f4xx.o
                0x0000000008003520                SystemInit
 .text.HAL_InitTick
                0x000000000800356c       0x2c build/stm32f4xx_hal.o
                0x000000000800356c                HAL_InitTick
 .text.HAL_Init
                0x0000000008003598       0x34 build/stm32f4xx_hal.o
                0x0000000008003598                HAL_Init
 .text.HAL_IncTick
                0x00000000080035cc       0x10 build/stm32f4xx_hal.o
                0x00000000080035cc                HAL_IncTick
 .text.HAL_GetTick
                0x00000000080035dc        0xc build/stm32f4xx_hal.o
                0x00000000080035dc                HAL_GetTick
 .text.HAL_Delay
                0x00000000080035e8       0x1c build/stm32f4xx_hal.o
                0x00000000080035e8                HAL_Delay
 .text.HAL_GPIO_Init
                0x0000000008003604      0x1a8 build/stm32f4xx_hal_gpio.o
                0x0000000008003604                HAL_GPIO_Init
 .text.HAL_GPIO_DeInit
                0x00000000080037ac      0x100 build/stm32f4xx_hal_gpio.o
                0x00000000080037ac                HAL_GPIO_DeInit
 .text.HAL_GPIO_WritePin
                0x00000000080038ac        0xc build/stm32f4xx_hal_gpio.o
                0x00000000080038ac                HAL_GPIO_WritePin
 .text.HAL_NVIC_SetPriorityGrouping
                0x00000000080038b8       0x24 build/stm32f4xx_hal_cortex.o
                0x00000000080038b8                HAL_NVIC_SetPriorityGrouping
 .text.HAL_NVIC_SetPriority
                0x00000000080038dc       0x68 build/stm32f4xx_hal_cortex.o
                0x00000000080038dc                HAL_NVIC_SetPriority
 .text.HAL_SYSTICK_Config
                0x0000000008003944       0x2c build/stm32f4xx_hal_cortex.o
                0x0000000008003944                HAL_SYSTICK_Config
 .text.UART_SetConfig
                0x0000000008003970      0x334 build/stm32f4xx_hal_uart.o
 .text.UART_WaitOnFlagUntilTimeout
                0x0000000008003ca4       0x68 build/stm32f4xx_hal_uart.o
 .text.HAL_UART_MspInit
                0x0000000008003d0c        0x2 build/stm32f4xx_hal_uart.o
                0x0000000008003d0c                HAL_UART_MspInit
 .text.HAL_UART_Init
                0x0000000008003d0e       0x5e build/stm32f4xx_hal_uart.o
                0x0000000008003d0e                HAL_UART_Init
 .text.HAL_UART_MspDeInit
                0x0000000008003d6c        0x2 build/stm32f4xx_hal_uart.o
                0x0000000008003d6c                HAL_UART_MspDeInit
 .text.HAL_UART_DeInit
                0x0000000008003d6e       0x26 build/stm32f4xx_hal_uart.o
                0x0000000008003d6e                HAL_UART_DeInit
 .text.HAL_UART_Transmit
                0x0000000008003d94       0xd6 build/stm32f4xx_hal_uart.o
                0x0000000008003d94                HAL_UART_Transmit
 .text.HAL_UART_Receive_IT
                0x0000000008003e6a       0x52 build/stm32f4xx_hal_uart.o
                0x0000000008003e6a                HAL_UART_Receive_IT
 .text.HAL_TIM_Base_MspInit
                0x0000000008003ebc        0x2 build/stm32f4xx_hal_tim.o
                0x0000000008003ebc                HAL_TIM_Base_MspInit
 .text.HAL_TIM_Base_Start_IT
                0x0000000008003ebe       0x18 build/stm32f4xx_hal_tim.o
                0x0000000008003ebe                HAL_TIM_Base_Start_IT
 *fill*         0x0000000008003ed6        0x2 
 .text.TIM_Base_SetConfig
                0x0000000008003ed8       0x94 build/stm32f4xx_hal_tim.o
                0x0000000008003ed8                TIM_Base_SetConfig
 .text.HAL_TIM_Base_Init
                0x0000000008003f6c       0x34 build/stm32f4xx_hal_tim.o
                0x0000000008003f6c                HAL_TIM_Base_Init
 .text.HAL_RCC_OscConfig
                0x0000000008003fa0      0x348 build/stm32f4xx_hal_rcc.o
                0x0000000008003fa0                HAL_RCC_OscConfig
 .text.HAL_RCC_GetSysClockFreq
                0x00000000080042e8       0x94 build/stm32f4xx_hal_rcc.o
                0x00000000080042e8                HAL_RCC_GetSysClockFreq
 .text.HAL_RCC_ClockConfig
                0x000000000800437c      0x1a0 build/stm32f4xx_hal_rcc.o
                0x000000000800437c                HAL_RCC_ClockConfig
 .text.HAL_RCC_GetHCLKFreq
                0x000000000800451c        0xc build/stm32f4xx_hal_rcc.o
                0x000000000800451c                HAL_RCC_GetHCLKFreq
 .text.HAL_RCC_GetPCLK1Freq
                0x0000000008004528       0x2c build/stm32f4xx_hal_rcc.o
                0x0000000008004528                HAL_RCC_GetPCLK1Freq
 .text.HAL_RCC_GetPCLK2Freq
                0x0000000008004554       0x2c build/stm32f4xx_hal_rcc.o
                0x0000000008004554                HAL_RCC_GetPCLK2Freq
 .text.Timer_Config
                0x0000000008004580       0x48 build/stm32_spwf_wifi.o
                0x0000000008004580                Timer_Config
 .text.UART_Configuration
                0x00000000080045c8       0x44 build/stm32_spwf_wifi.o
                0x00000000080045c8                UART_Configuration
 .text.wifi_socket_server_open
                0x000000000800460c        0xc build/wifi_interface.o
                0x000000000800460c                wifi_socket_server_open
 .text.wait_for_command_mode
                0x0000000008004618       0x14 build/wifi_interface.o
                0x0000000008004618                wait_for_command_mode
 .text.wifi_socket_server_write
                0x000000000800462c      0x100 build/wifi_interface.o
                0x000000000800462c                wifi_socket_server_write
 .text.wifi_ap_start
                0x000000000800472c       0x88 build/wifi_interface.o
                0x000000000800472c                wifi_ap_start
 .text.wifi_wakeup
                0x00000000080047b4       0x60 build/wifi_interface.o
                0x00000000080047b4                wifi_wakeup
 .text.wifi_init
                0x0000000008004814      0x448 build/wifi_interface.o
                0x0000000008004814                wifi_init
 .text.wifi_get_IP_address
                0x0000000008004c5c       0x60 build/wifi_interface.o
                0x0000000008004c5c                wifi_get_IP_address
 .text.wifi_get_MAC_address
                0x0000000008004cbc       0x60 build/wifi_interface.o
                0x0000000008004cbc                wifi_get_MAC_address
 .text.SET_Power_State
                0x0000000008004d1c       0x50 build/wifi_module_uart_01.o
                0x0000000008004d1c                SET_Power_State
 .text.Set_WiFi_Control_Variables
                0x0000000008004d6c       0x78 build/wifi_module.o
                0x0000000008004d6c                Set_WiFi_Control_Variables
 .text.Set_WiFi_Counter_Variables
                0x0000000008004de4       0x6c build/wifi_module.o
                0x0000000008004de4                Set_WiFi_Counter_Variables
 .text.wifi_reset
                0x0000000008004e50       0xa4 build/wifi_module.o
                0x0000000008004e50                wifi_reset
 .text.Receive_Data
                0x0000000008004ef4       0x38 build/wifi_module.o
                0x0000000008004ef4                Receive_Data
 .text.Start_Timer
                0x0000000008004f2c       0x14 build/wifi_module.o
                0x0000000008004f2c                Start_Timer
 .text.USART_Receive_AT_Resp
                0x0000000008004f40       0x28 build/wifi_module.o
                0x0000000008004f40                USART_Receive_AT_Resp
 .text.Wait_For_Sock_Read_To_Complete
                0x0000000008004f68       0x28 build/wifi_module.o
                0x0000000008004f68                Wait_For_Sock_Read_To_Complete
 .text.Queue_Server_Open_Event
                0x0000000008004f90       0x3c build/wifi_module.o
                0x0000000008004f90                Queue_Server_Open_Event
 .text.Reset_AT_CMD_Buffer
                0x0000000008004fcc       0x14 build/wifi_module.o
                0x0000000008004fcc                Reset_AT_CMD_Buffer
 .text.Error_Handler
                0x0000000008004fe0        0xa build/wifi_module.o
                0x0000000008004fe0                Error_Handler
 .text.WiFi_UART_Error_Handler
                0x0000000008004fea        0xe build/wifi_module.o
                0x0000000008004fea                WiFi_UART_Error_Handler
 .text.WiFi_Module_Init
                0x0000000008004ff8       0x64 build/wifi_module.o
                0x0000000008004ff8                WiFi_Module_Init
 .text.USART_Transmit_AT_Cmd
                0x000000000800505c       0x94 build/wifi_module.o
                0x000000000800505c                USART_Transmit_AT_Cmd
 .text.WiFi_switch_to_command_mode
                0x00000000080050f0       0x28 build/wifi_module.o
                0x00000000080050f0                WiFi_switch_to_command_mode
 .text.WiFi_switch_to_data_mode
                0x0000000008005118       0x2c build/wifi_module.o
                0x0000000008005118                WiFi_switch_to_data_mode
 .text.SET_Configuration_Addr
                0x0000000008005144       0x38 build/wifi_module.o
                0x0000000008005144                SET_Configuration_Addr
 .text.SET_Configuration_Value
                0x000000000800517c       0x38 build/wifi_module.o
                0x000000000800517c                SET_Configuration_Value
 .text.SET_SSID
                0x00000000080051b4       0x34 build/wifi_module.o
                0x00000000080051b4                SET_SSID
 .text.SET_WiFi_SecKey
                0x00000000080051e8       0x34 build/wifi_module.o
                0x00000000080051e8                SET_WiFi_SecKey
 .text.Restore_Default_Setting
                0x000000000800521c       0x30 build/wifi_module.o
                0x000000000800521c                Restore_Default_Setting
 .text.Save_Current_Setting
                0x000000000800524c       0x30 build/wifi_module.o
                0x000000000800524c                Save_Current_Setting
 .text.init     0x000000000800527c       0x14 build/ring_buffer.o
                0x000000000800527c                init
 .text.event_init
                0x0000000008005290       0x18 build/event_buffer.o
                0x0000000008005290                event_init
 .text.event_full
                0x00000000080052a8       0x14 build/event_buffer.o
                0x00000000080052a8                event_full
 .text.push_eventbuffer_queue
                0x00000000080052bc       0x96 build/event_buffer.o
                0x00000000080052bc                push_eventbuffer_queue
 .text.reset_event
                0x0000000008005352       0x18 build/event_buffer.o
                0x0000000008005352                reset_event
 *fill*         0x000000000800536a        0x2 
 .text.BSP_LED_On
                0x000000000800536c       0x18 build/stm32f4xx_nucleo.o
                0x000000000800536c                BSP_LED_On
 .text.Reset_Handler
                0x0000000008005384       0x50 build/startup_stm32f401xe.o
                0x0000000008005384                Reset_Handler
 .text.Default_Handler
                0x00000000080053d4        0x2 build/startup_stm32f401xe.o
                0x00000000080053d4                RTC_Alarm_IRQHandler
                0x00000000080053d4                EXTI2_IRQHandler
                0x00000000080053d4                SPI4_IRQHandler
                0x00000000080053d4                TIM1_CC_IRQHandler
                0x00000000080053d4                DMA2_Stream5_IRQHandler
                0x00000000080053d4                DMA1_Stream5_IRQHandler
                0x00000000080053d4                PVD_IRQHandler
                0x00000000080053d4                SDIO_IRQHandler
                0x00000000080053d4                TAMP_STAMP_IRQHandler
                0x00000000080053d4                EXTI3_IRQHandler
                0x00000000080053d4                TIM1_UP_TIM10_IRQHandler
                0x00000000080053d4                I2C3_ER_IRQHandler
                0x00000000080053d4                EXTI0_IRQHandler
                0x00000000080053d4                I2C2_EV_IRQHandler
                0x00000000080053d4                DMA1_Stream2_IRQHandler
                0x00000000080053d4                FPU_IRQHandler
                0x00000000080053d4                DMA2_Stream2_IRQHandler
                0x00000000080053d4                SPI1_IRQHandler
                0x00000000080053d4                TIM1_BRK_TIM9_IRQHandler
                0x00000000080053d4                DMA2_Stream3_IRQHandler
                0x00000000080053d4                USART6_IRQHandler
                0x00000000080053d4                DMA2_Stream0_IRQHandler
                0x00000000080053d4                TIM4_IRQHandler
                0x00000000080053d4                I2C1_EV_IRQHandler
                0x00000000080053d4                DMA1_Stream6_IRQHandler
                0x00000000080053d4                DMA1_Stream1_IRQHandler
                0x00000000080053d4                TIM3_IRQHandler
                0x00000000080053d4                RCC_IRQHandler
                0x00000000080053d4                Default_Handler
                0x00000000080053d4                EXTI15_10_IRQHandler
                0x00000000080053d4                ADC_IRQHandler
                0x00000000080053d4                DMA1_Stream7_IRQHandler
                0x00000000080053d4                TIM5_IRQHandler
                0x00000000080053d4                DMA2_Stream7_IRQHandler
                0x00000000080053d4                I2C3_EV_IRQHandler
                0x00000000080053d4                EXTI9_5_IRQHandler
                0x00000000080053d4                RTC_WKUP_IRQHandler
                0x00000000080053d4                SPI2_IRQHandler
                0x00000000080053d4                DMA1_Stream0_IRQHandler
                0x00000000080053d4                EXTI4_IRQHandler
                0x00000000080053d4                WWDG_IRQHandler
                0x00000000080053d4                TIM2_IRQHandler
                0x00000000080053d4                OTG_FS_WKUP_IRQHandler
                0x00000000080053d4                TIM1_TRG_COM_TIM11_IRQHandler
                0x00000000080053d4                EXTI1_IRQHandler
                0x00000000080053d4                USART2_IRQHandler
                0x00000000080053d4                I2C2_ER_IRQHandler
                0x00000000080053d4                DMA2_Stream1_IRQHandler
                0x00000000080053d4                FLASH_IRQHandler
                0x00000000080053d4                DMA2_Stream4_IRQHandler
                0x00000000080053d4                USART1_IRQHandler
                0x00000000080053d4                OTG_FS_IRQHandler
                0x00000000080053d4                SPI3_IRQHandler
                0x00000000080053d4                DMA1_Stream4_IRQHandler
                0x00000000080053d4                I2C1_ER_IRQHandler
                0x00000000080053d4                DMA2_Stream6_IRQHandler
                0x00000000080053d4                DMA1_Stream3_IRQHandler
 *(.glue_7)
 .glue_7        0x00000000080053d6        0x0 linker stubs
 *(.glue_7t)
 .glue_7t       0x00000000080053d6        0x0 linker stubs
 *(.eh_frame)
 *fill*         0x00000000080053d6        0x2 
 .eh_frame      0x00000000080053d8        0x0 /usr/lib/gcc/arm-none-eabi/9.2.1/thumb/v7e-m+fp/hard/crtbegin.o
 *(.init)
 .init          0x00000000080053d8        0x4 /usr/lib/gcc/arm-none-eabi/9.2.1/thumb/v7e-m+fp/hard/crti.o
                0x00000000080053d8                _init
 .init          0x00000000080053dc        0x8 /usr/lib/gcc/arm-none-eabi/9.2.1/thumb/v7e-m+fp/hard/crtn.o
 *(.fini)
 .fini          0x00000000080053e4        0x4 /usr/lib/gcc/arm-none-eabi/9.2.1/thumb/v7e-m+fp/hard/crti.o
                0x00000000080053e4                _fini
 .fini          0x00000000080053e8        0x8 /usr/lib/gcc/arm-none-eabi/9.2.1/thumb/v7e-m+fp/hard/crtn.o
                0x00000000080053f0                . = ALIGN (0x4)
                0x00000000080053f0                _etext = .

.vfp11_veneer   0x00000000080053f0        0x0
 .vfp11_veneer  0x00000000080053f0        0x0 linker stubs

.v4_bx          0x00000000080053f0        0x0
 .v4_bx         0x00000000080053f0        0x0 linker stubs

.iplt           0x00000000080053f0        0x0
 .iplt          0x00000000080053f0        0x0 /usr/lib/gcc/arm-none-eabi/9.2.1/thumb/v7e-m+fp/hard/crtbegin.o

.rodata         0x00000000080053f0      0xabc
                0x00000000080053f0                . = ALIGN (0x4)
 *(.rodata)
 .rodata        0x00000000080053f0       0x60 /usr/lib/gcc/arm-none-eabi/9.2.1/../../../arm-none-eabi/lib/thumb/v7e-m+fp/hard/libc_nano.a(lib_a-findfp.o)
                0x00000000080053f0                __sf_fake_stderr
                0x0000000008005410                __sf_fake_stdout
                0x0000000008005430                __sf_fake_stdin
 .rodata        0x0000000008005450        0x4 /usr/lib/gcc/arm-none-eabi/9.2.1/../../../arm-none-eabi/lib/thumb/v7e-m+fp/hard/libc_nano.a(lib_a-impure.o)
                0x0000000008005450                _global_impure_ptr
 .rodata        0x0000000008005454      0x101 /usr/lib/gcc/arm-none-eabi/9.2.1/../../../arm-none-eabi/lib/thumb/v7e-m+fp/hard/libc_nano.a(lib_a-ctype_.o)
                0x0000000008005454                _ctype_
 *fill*         0x0000000008005555        0x3 
 .rodata        0x0000000008005558        0xc /usr/lib/gcc/arm-none-eabi/9.2.1/../../../arm-none-eabi/lib/thumb/v7e-m+fp/hard/libc_nano.a(lib_a-nano-vfscanf_i.o)
 *(.rodata*)
 .rodata.wifi_get_AP_settings.str1.4
                0x0000000008005564      0x362 build/main.o
                                        0x366 (size before relaxing)
 *fill*         0x00000000080058c6        0x2 
 .rodata.main.str1.4
                0x00000000080058c8      0x166 build/main.o
                                        0x16a (size before relaxing)
 *fill*         0x0000000008005a2e        0x2 
 .rodata.str1.4
                0x0000000008005a30       0x2d build/main.o
 *fill*         0x0000000008005a5d        0x3 
 .rodata.APBAHBPrescTable
                0x0000000008005a60       0x10 build/stm32f4xx_hal_rcc.o
                0x0000000008005a60                APBAHBPrescTable
 .rodata.wifi_set_socket_certificates.str1.4
                0x0000000008005a70       0x99 build/wifi_interface.o
 *fill*         0x0000000008005b09        0x3 
 .rodata.wifi_ap_start.str1.4
                0x0000000008005b0c       0x2c build/wifi_interface.o
 .rodata.wifi_adhoc_create.str1.4
                0x0000000008005b38       0x54 build/wifi_interface.o
                                         0x60 (size before relaxing)
 .rodata.wifi_standby.str1.4
                0x0000000008005b8c       0x3c build/wifi_interface.o
 .rodata.wifi_init.str1.4
                0x0000000008005bc8      0x1c3 build/wifi_interface.o
 *fill*         0x0000000008005d8b        0x1 
 .rodata.wifi_get_IP_address.str1.4
                0x0000000008005d8c        0xd build/wifi_interface.o
 *fill*         0x0000000008005d99        0x3 
 .rodata.wifi_get_MAC_address.str1.4
                0x0000000008005d9c       0x1e build/wifi_interface.o
 .rodata.SET_Power_State.str1.4
                0x0000000008005dba        0xc build/wifi_module_uart_01.o
 *fill*         0x0000000008005dba        0x2 
 .rodata.USART_Transmit_AT_Cmd.str1.4
                0x0000000008005dbc       0x20 build/wifi_module.o
 .rodata.WiFi_switch_to_command_mode.str1.4
                0x0000000008005ddc        0x6 build/wifi_module.o
 *fill*         0x0000000008005de2        0x2 
 .rodata.WiFi_switch_to_data_mode.str1.4
                0x0000000008005de4        0x7 build/wifi_module.o
 *fill*         0x0000000008005deb        0x1 
 .rodata.SET_Configuration_Addr.str1.4
                0x0000000008005dec       0x11 build/wifi_module.o
 *fill*         0x0000000008005dfd        0x3 
 .rodata.SET_Configuration_Value.str1.4
                0x0000000008005e00       0x11 build/wifi_module.o
 *fill*         0x0000000008005e11        0x3 
 .rodata.SET_SSID.str1.4
                0x0000000008005e14       0x11 build/wifi_module.o
 *fill*         0x0000000008005e25        0x3 
 .rodata.SET_WiFi_SecKey.str1.4
                0x0000000008005e28       0x20 build/wifi_module.o
 .rodata.Restore_Default_Setting.str1.4
                0x0000000008005e48        0x6 build/wifi_module.o
 .rodata.Save_Current_Setting.str1.4
                0x0000000008005e4e        0x6 build/wifi_module.o
 *fill*         0x0000000008005e4e        0x2 
 .rodata.str1.4
                0x0000000008005e50       0x13 /usr/lib/gcc/arm-none-eabi/9.2.1/../../../arm-none-eabi/lib/thumb/v7e-m+fp/hard/libc_nano.a(lib_a-nano-svfprintf.o)
 .rodata.str1.4
                0x0000000008005e63       0x13 /usr/lib/gcc/arm-none-eabi/9.2.1/../../../arm-none-eabi/lib/thumb/v7e-m+fp/hard/libc_nano.a(lib_a-nano-vfprintf.o)
 *fill*         0x0000000008005e63        0x1 
 .rodata.str1.4
                0x0000000008005e64       0x25 /usr/lib/gcc/arm-none-eabi/9.2.1/../../../arm-none-eabi/lib/thumb/v7e-m+fp/hard/libc_nano.a(lib_a-nano-vfprintf_i.o)
 .rodata.str1.4
                0x0000000008005e89        0x4 /usr/lib/gcc/arm-none-eabi/9.2.1/../../../arm-none-eabi/lib/thumb/v7e-m+fp/hard/libc_nano.a(lib_a-nano-vfscanf.o)
 *fill*         0x0000000008005e89        0x3 
 .rodata.str1.4
                0x0000000008005e8c       0x1f /usr/lib/gcc/arm-none-eabi/9.2.1/../../../arm-none-eabi/lib/thumb/v7e-m+fp/hard/libc_nano.a(lib_a-nano-vfscanf_i.o)
                0x0000000008005eac                . = ALIGN (0x4)
 *fill*         0x0000000008005eab        0x1 

.rel.dyn        0x0000000008005eac        0x0
 .rel.iplt      0x0000000008005eac        0x0 /usr/lib/gcc/arm-none-eabi/9.2.1/thumb/v7e-m+fp/hard/crtbegin.o

.ARM.extab
 *(.ARM.extab* .gnu.linkonce.armextab.*)

.ARM            0x0000000008005eac        0x0
                0x0000000008005eac                __exidx_start = .
 *(.ARM.exidx*)
                0x0000000008005eac                __exidx_end = .

.preinit_array  0x0000000008005eac        0x0
                0x0000000008005eac                PROVIDE (__preinit_array_start = .)
 *(.preinit_array*)
                0x0000000008005eac                PROVIDE (__preinit_array_end = .)

.init_array     0x0000000008005eac        0x4
                0x0000000008005eac                PROVIDE (__init_array_start = .)
 *(SORT_BY_NAME(.init_array.*))
 *(.init_array*)
 .init_array    0x0000000008005eac        0x4 /usr/lib/gcc/arm-none-eabi/9.2.1/thumb/v7e-m+fp/hard/crtbegin.o
                0x0000000008005eb0                PROVIDE (__init_array_end = .)

.fini_array     0x0000000008005eb0        0x4
                0x0000000008005eb0                PROVIDE (__fini_array_start = .)
 *(SORT_BY_NAME(.fini_array.*))
 *(.fini_array*)
 .fini_array    0x0000000008005eb0        0x4 /usr/lib/gcc/arm-none-eabi/9.2.1/thumb/v7e-m+fp/hard/crtbegin.o
                0x0000000008005eb4                PROVIDE (__fini_array_end = .)
                0x0000000008005eb4                _sidata = LOADADDR (.data)

.data           0x0000000020000000       0x7c load address 0x0000000008005eb4
                0x0000000020000000                . = ALIGN (0x4)
                0x0000000020000000                _sdata = .
 *(.data)
 .data          0x0000000020000000       0x64 /usr/lib/gcc/arm-none-eabi/9.2.1/../../../arm-none-eabi/lib/thumb/v7e-m+fp/hard/libc_nano.a(lib_a-impure.o)
                0x0000000020000000                _impure_ptr
 *(.data*)
 .data.baud_rate
                0x0000000020000064        0x4 build/main.o
                0x0000000020000064                baud_rate
 .data.channel_num
                0x0000000020000068        0x1 build/main.o
                0x0000000020000068                channel_num
 .data.mode     0x0000000020000069        0x1 build/main.o
                0x0000000020000069                mode
 *fill*         0x000000002000006a        0x2 
 .data.seckey   0x000000002000006c        0x4 build/main.o
                0x000000002000006c                seckey
 .data.ssid     0x0000000020000070        0x4 build/main.o
                0x0000000020000070                ssid
 .data.SystemCoreClock
                0x0000000020000074        0x4 build/system_stm32f4xx.o
                0x0000000020000074                SystemCoreClock
 .data.GPIO_PORT
                0x0000000020000078        0x4 build/stm32f4xx_nucleo.o
                0x0000000020000078                GPIO_PORT
                0x000000002000007c                . = ALIGN (0x4)
                0x000000002000007c                _edata = .

.tm_clone_table
                0x000000002000007c        0x0 load address 0x0000000008005f30
 .tm_clone_table
                0x000000002000007c        0x0 /usr/lib/gcc/arm-none-eabi/9.2.1/thumb/v7e-m+fp/hard/crtbegin.o
 .tm_clone_table
                0x000000002000007c        0x0 /usr/lib/gcc/arm-none-eabi/9.2.1/thumb/v7e-m+fp/hard/crtend.o

.igot.plt       0x000000002000007c        0x0 load address 0x0000000008005f30
 .igot.plt      0x000000002000007c        0x0 /usr/lib/gcc/arm-none-eabi/9.2.1/thumb/v7e-m+fp/hard/crtbegin.o
                0x000000002000007c                . = ALIGN (0x4)

.bss            0x000000002000007c     0x206c load address 0x0000000008005f30
                0x000000002000007c                _sbss = .
                0x000000002000007c                __bss_start__ = _sbss
 *(.bss)
 .bss           0x000000002000007c       0x1c /usr/lib/gcc/arm-none-eabi/9.2.1/thumb/v7e-m+fp/hard/crtbegin.o
 .bss           0x0000000020000098        0x8 /usr/lib/gcc/arm-none-eabi/9.2.1/../../../arm-none-eabi/lib/thumb/v7e-m+fp/hard/libc_nano.a(lib_a-nano-mallocr.o)
                0x0000000020000098                __malloc_free_list
                0x000000002000009c                __malloc_sbrk_start
 .bss           0x00000000200000a0        0x4 /usr/lib/gcc/arm-none-eabi/9.2.1/../../../arm-none-eabi/lib/thumb/v7e-m+fp/hard/libnosys.a(sbrk.o)
 *(.bss*)
 .bss.console_count
                0x00000000200000a4        0x1 build/main.o
                0x00000000200000a4                console_count
 *fill*         0x00000000200000a5        0x3 
 .bss.uwPrescalerValue
                0x00000000200000a8        0x4 build/stm32_spwf_wifi.o
                0x00000000200000a8                uwPrescalerValue
 .bss.wifi_client_connected
                0x00000000200000ac        0x1 build/wifi_globals.o
                0x00000000200000ac                wifi_client_connected
 .bss.wifi_connected
                0x00000000200000ad        0x1 build/wifi_globals.o
                0x00000000200000ad                wifi_connected
 *fill*         0x00000000200000ae        0x2 
 .bss.ring_buffer
                0x00000000200000b0      0x400 build/ring_buffer.o
 .bss.event_buffer
                0x00000000200004b0      0x190 build/event_buffer.o
 *(COMMON)
 COMMON         0x0000000020000640      0x33c build/main.o
                0x0000000020000640                console_input
                0x0000000020000641                server_id
                0x0000000020000644                wifi_ip_addr
                0x0000000020000658                mac_addr
                0x000000002000066c                echo
                0x00000000200006ac                ip_addr
                0x00000000200006bc                wifi_state
                0x00000000200006c0                print_msg_buff
                0x00000000200008c0                console_ssid
                0x00000000200008e8                socket_id
                0x00000000200008ec                console_psk
                0x0000000020000900                len
                0x0000000020000902                sock_id
                0x0000000020000904                UART_MsgHandle
                0x0000000020000944                config
 COMMON         0x000000002000097c        0x4 build/stm32f4xx_hal.o
                0x000000002000097c                uwTick
 COMMON         0x0000000020000980       0x44 build/wifi_module.o
                0x0000000020000980                wifi_instances
 COMMON         0x00000000200009c4     0x1720 build/wifi_globals.o
                0x00000000200009c4                client_connected_on_server_socket
                0x00000000200009d4                IO_status_flag
                0x00000000200009ec                UartMsgHandle
                0x00000000200009f0                wifi_scanned_list
                0x00000000200009f4                UserDataBuff
                0x0000000020000bf4                UartWiFiHandle
                0x0000000020000c34                packet_payload_data_available
                0x0000000020000c38                WiFi_Control_Variables
                0x0000000020000c44                WiFi_Counter_Variables
                0x0000000020000d40                WiFi_SPI_Packet
                0x0000000020000dc0                open_sockets
                0x0000000020000dc8                PushTimHandle
                0x0000000020000e04                open_web_socket
                0x0000000020000e08                SpiHandle
                0x0000000020000e60                dma_buffer
                0x0000000020001660                element
                0x0000000020001668                Client_Socket_Close_Callback
                0x0000000020001670                WiFi_Config_Variables
                0x00000000200016a4                WiFi_AT_Cmd_Buff
                0x0000000020001ea4                pop_buffer
                0x00000000200020a4                open_server_sockets
                0x00000000200020a8                TimHandle
 COMMON         0x00000000200020e4        0x4 /usr/lib/gcc/arm-none-eabi/9.2.1/../../../arm-none-eabi/lib/thumb/v7e-m+fp/hard/libc_nano.a(lib_a-reent.o)
                0x00000000200020e4                errno
                0x00000000200020e8                . = ALIGN (0x4)
                0x00000000200020e8                _ebss = .
                0x00000000200020e8                __bss_end__ = _ebss

._user_heap_stack
                0x00000000200020e8      0x600 load address 0x0000000008005f30
                0x00000000200020e8                . = ALIGN (0x8)
                0x00000000200020e8                PROVIDE (end = .)
                [!provide]                        PROVIDE (_end = .)
                0x00000000200022e8                . = (. + _Min_Heap_Size)
 *fill*         0x00000000200020e8      0x200 
                0x00000000200026e8                . = (. + _Min_Stack_Size)
 *fill*         0x00000000200022e8      0x400 
                0x00000000200026e8                . = ALIGN (0x8)

/DISCARD/
 libc.a(*)
 libm.a(*)
 libgcc.a(*)

.ARM.attributes
                0x0000000000000000       0x30
 *(.ARM.attributes)
 .ARM.attributes
                0x0000000000000000       0x1e /usr/lib/gcc/arm-none-eabi/9.2.1/thumb/v7e-m+fp/hard/crti.o
 .ARM.attributes
                0x000000000000001e       0x34 /usr/lib/gcc/arm-none-eabi/9.2.1/thumb/v7e-m+fp/hard/crtbegin.o
 .ARM.attributes
                0x0000000000000052       0x34 build/main.o
 .ARM.attributes
                0x0000000000000086       0x34 build/stm32f4xx_it.o
 .ARM.attributes
                0x00000000000000ba       0x34 build/stm32f4xx_hal_msp.o
 .ARM.attributes
                0x00000000000000ee       0x34 build/system_stm32f4xx.o
 .ARM.attributes
                0x0000000000000122       0x34 build/stm32f4xx_hal.o
 .ARM.attributes
                0x0000000000000156       0x34 build/stm32f4xx_hal_gpio.o
 .ARM.attributes
                0x000000000000018a       0x34 build/stm32f4xx_hal_cortex.o
 .ARM.attributes
                0x00000000000001be       0x34 build/stm32f4xx_hal_uart.o
 .ARM.attributes
                0x00000000000001f2       0x34 build/stm32f4xx_hal_tim.o
 .ARM.attributes
                0x0000000000000226       0x34 build/stm32f4xx_hal_rcc.o
 .ARM.attributes
                0x000000000000025a       0x34 build/stm32_spwf_wifi.o
 .ARM.attributes
                0x000000000000028e       0x34 build/wifi_interface.o
 .ARM.attributes
                0x00000000000002c2       0x34 build/wifi_module_uart_01.o
 .ARM.attributes
                0x00000000000002f6       0x34 build/wifi_module.o
 .ARM.attributes
                0x000000000000032a       0x34 build/wifi_globals.o
 .ARM.attributes
                0x000000000000035e       0x34 build/ring_buffer.o
 .ARM.attributes
                0x0000000000000392       0x34 build/event_buffer.o
 .ARM.attributes
                0x00000000000003c6       0x34 build/stm32f4xx_nucleo.o
 .ARM.attributes
                0x00000000000003fa       0x21 build/startup_stm32f401xe.o
 .ARM.attributes
                0x000000000000041b       0x34 /usr/lib/gcc/arm-none-eabi/9.2.1/../../../arm-none-eabi/lib/thumb/v7e-m+fp/hard/libc_nano.a(lib_a-fflush.o)
 .ARM.attributes
                0x000000000000044f       0x34 /usr/lib/gcc/arm-none-eabi/9.2.1/../../../arm-none-eabi/lib/thumb/v7e-m+fp/hard/libc_nano.a(lib_a-findfp.o)
 .ARM.attributes
                0x0000000000000483       0x34 /usr/lib/gcc/arm-none-eabi/9.2.1/../../../arm-none-eabi/lib/thumb/v7e-m+fp/hard/libc_nano.a(lib_a-fwalk.o)
 .ARM.attributes
                0x00000000000004b7       0x32 /usr/lib/gcc/arm-none-eabi/9.2.1/../../../arm-none-eabi/lib/thumb/v7e-m+fp/hard/libc_nano.a(lib_a-impure.o)
 .ARM.attributes
                0x00000000000004e9       0x34 /usr/lib/gcc/arm-none-eabi/9.2.1/../../../arm-none-eabi/lib/thumb/v7e-m+fp/hard/libc_nano.a(lib_a-init.o)
 .ARM.attributes
                0x000000000000051d       0x1c /usr/lib/gcc/arm-none-eabi/9.2.1/../../../arm-none-eabi/lib/thumb/v7e-m+fp/hard/libc_nano.a(lib_a-memcpy.o)
 .ARM.attributes
                0x0000000000000539       0x34 /usr/lib/gcc/arm-none-eabi/9.2.1/../../../arm-none-eabi/lib/thumb/v7e-m+fp/hard/libc_nano.a(lib_a-memset.o)
 .ARM.attributes
                0x000000000000056d       0x34 /usr/lib/gcc/arm-none-eabi/9.2.1/../../../arm-none-eabi/lib/thumb/v7e-m+fp/hard/libc_nano.a(lib_a-nano-freer.o)
 .ARM.attributes
                0x00000000000005a1       0x34 /usr/lib/gcc/arm-none-eabi/9.2.1/../../../arm-none-eabi/lib/thumb/v7e-m+fp/hard/libc_nano.a(lib_a-nano-mallocr.o)
 .ARM.attributes
                0x00000000000005d5       0x34 /usr/lib/gcc/arm-none-eabi/9.2.1/../../../arm-none-eabi/lib/thumb/v7e-m+fp/hard/libc_nano.a(lib_a-printf.o)
 .ARM.attributes
                0x0000000000000609       0x34 /usr/lib/gcc/arm-none-eabi/9.2.1/../../../arm-none-eabi/lib/thumb/v7e-m+fp/hard/libc_nano.a(lib_a-putchar.o)
 .ARM.attributes
                0x000000000000063d       0x34 /usr/lib/gcc/arm-none-eabi/9.2.1/../../../arm-none-eabi/lib/thumb/v7e-m+fp/hard/libc_nano.a(lib_a-puts.o)
 .ARM.attributes
                0x0000000000000671       0x34 /usr/lib/gcc/arm-none-eabi/9.2.1/../../../arm-none-eabi/lib/thumb/v7e-m+fp/hard/libc_nano.a(lib_a-sbrkr.o)
 .ARM.attributes
                0x00000000000006a5       0x34 /usr/lib/gcc/arm-none-eabi/9.2.1/../../../arm-none-eabi/lib/thumb/v7e-m+fp/hard/libc_nano.a(lib_a-scanf.o)
 .ARM.attributes
                0x00000000000006d9       0x34 /usr/lib/gcc/arm-none-eabi/9.2.1/../../../arm-none-eabi/lib/thumb/v7e-m+fp/hard/libc_nano.a(lib_a-sprintf.o)
 .ARM.attributes
                0x000000000000070d       0x34 /usr/lib/gcc/arm-none-eabi/9.2.1/../../../arm-none-eabi/lib/thumb/v7e-m+fp/hard/libc_nano.a(lib_a-stdio.o)
 .ARM.attributes
                0x0000000000000741       0x1c /usr/lib/gcc/arm-none-eabi/9.2.1/../../../arm-none-eabi/lib/thumb/v7e-m+fp/hard/libc_nano.a(lib_a-strlen.o)
 .ARM.attributes
                0x000000000000075d       0x34 /usr/lib/gcc/arm-none-eabi/9.2.1/../../../arm-none-eabi/lib/thumb/v7e-m+fp/hard/libc_nano.a(lib_a-strtol.o)
 .ARM.attributes
                0x0000000000000791       0x34 /usr/lib/gcc/arm-none-eabi/9.2.1/../../../arm-none-eabi/lib/thumb/v7e-m+fp/hard/libc_nano.a(lib_a-wbuf.o)
 .ARM.attributes
                0x00000000000007c5       0x34 /usr/lib/gcc/arm-none-eabi/9.2.1/../../../arm-none-eabi/lib/thumb/v7e-m+fp/hard/libc_nano.a(lib_a-writer.o)
 .ARM.attributes
                0x00000000000007f9       0x34 /usr/lib/gcc/arm-none-eabi/9.2.1/../../../arm-none-eabi/lib/thumb/v7e-m+fp/hard/libc_nano.a(lib_a-wsetup.o)
 .ARM.attributes
                0x000000000000082d       0x34 /usr/lib/gcc/arm-none-eabi/9.2.1/../../../arm-none-eabi/lib/thumb/v7e-m+fp/hard/libc_nano.a(lib_a-closer.o)
 .ARM.attributes
                0x0000000000000861       0x32 /usr/lib/gcc/arm-none-eabi/9.2.1/../../../arm-none-eabi/lib/thumb/v7e-m+fp/hard/libc_nano.a(lib_a-ctype_.o)
 .ARM.attributes
                0x0000000000000893       0x34 /usr/lib/gcc/arm-none-eabi/9.2.1/../../../arm-none-eabi/lib/thumb/v7e-m+fp/hard/libc_nano.a(lib_a-errno.o)
 .ARM.attributes
                0x00000000000008c7       0x34 /usr/lib/gcc/arm-none-eabi/9.2.1/../../../arm-none-eabi/lib/thumb/v7e-m+fp/hard/libc_nano.a(lib_a-lseekr.o)
 .ARM.attributes
                0x00000000000008fb       0x34 /usr/lib/gcc/arm-none-eabi/9.2.1/../../../arm-none-eabi/lib/thumb/v7e-m+fp/hard/libc_nano.a(lib_a-makebuf.o)
 .ARM.attributes
                0x000000000000092f       0x34 /usr/lib/gcc/arm-none-eabi/9.2.1/../../../arm-none-eabi/lib/thumb/v7e-m+fp/hard/libc_nano.a(lib_a-mlock.o)
 .ARM.attributes
                0x0000000000000963       0x34 /usr/lib/gcc/arm-none-eabi/9.2.1/../../../arm-none-eabi/lib/thumb/v7e-m+fp/hard/libc_nano.a(lib_a-nano-svfprintf.o)
 .ARM.attributes
                0x0000000000000997       0x34 /usr/lib/gcc/arm-none-eabi/9.2.1/../../../arm-none-eabi/lib/thumb/v7e-m+fp/hard/libc_nano.a(lib_a-nano-vfprintf.o)
 .ARM.attributes
                0x00000000000009cb       0x34 /usr/lib/gcc/arm-none-eabi/9.2.1/../../../arm-none-eabi/lib/thumb/v7e-m+fp/hard/libc_nano.a(lib_a-nano-vfprintf_i.o)
 .ARM.attributes
                0x00000000000009ff       0x34 /usr/lib/gcc/arm-none-eabi/9.2.1/../../../arm-none-eabi/lib/thumb/v7e-m+fp/hard/libc_nano.a(lib_a-nano-vfscanf.o)
 .ARM.attributes
                0x0000000000000a33       0x34 /usr/lib/gcc/arm-none-eabi/9.2.1/../../../arm-none-eabi/lib/thumb/v7e-m+fp/hard/libc_nano.a(lib_a-nano-vfscanf_i.o)
 .ARM.attributes
                0x0000000000000a67       0x34 /usr/lib/gcc/arm-none-eabi/9.2.1/../../../arm-none-eabi/lib/thumb/v7e-m+fp/hard/libc_nano.a(lib_a-putc.o)
 .ARM.attributes
                0x0000000000000a9b       0x34 /usr/lib/gcc/arm-none-eabi/9.2.1/../../../arm-none-eabi/lib/thumb/v7e-m+fp/hard/libc_nano.a(lib_a-readr.o)
 .ARM.attributes
                0x0000000000000acf       0x34 /usr/lib/gcc/arm-none-eabi/9.2.1/../../../arm-none-eabi/lib/thumb/v7e-m+fp/hard/libc_nano.a(lib_a-reent.o)
 .ARM.attributes
                0x0000000000000b03       0x34 /usr/lib/gcc/arm-none-eabi/9.2.1/../../../arm-none-eabi/lib/thumb/v7e-m+fp/hard/libc_nano.a(lib_a-refill.o)
 .ARM.attributes
                0x0000000000000b37       0x34 /usr/lib/gcc/arm-none-eabi/9.2.1/../../../arm-none-eabi/lib/thumb/v7e-m+fp/hard/libc_nano.a(lib_a-sccl.o)
 .ARM.attributes
                0x0000000000000b6b       0x34 /usr/lib/gcc/arm-none-eabi/9.2.1/../../../arm-none-eabi/lib/thumb/v7e-m+fp/hard/libc_nano.a(lib_a-strtoul.o)
 .ARM.attributes
                0x0000000000000b9f       0x34 /usr/lib/gcc/arm-none-eabi/9.2.1/../../../arm-none-eabi/lib/thumb/v7e-m+fp/hard/libc_nano.a(lib_a-ungetc.o)
 .ARM.attributes
                0x0000000000000bd3       0x34 /usr/lib/gcc/arm-none-eabi/9.2.1/../../../arm-none-eabi/lib/thumb/v7e-m+fp/hard/libc_nano.a(lib_a-fstatr.o)
 .ARM.attributes
                0x0000000000000c07       0x34 /usr/lib/gcc/arm-none-eabi/9.2.1/../../../arm-none-eabi/lib/thumb/v7e-m+fp/hard/libc_nano.a(lib_a-fvwrite.o)
 .ARM.attributes
                0x0000000000000c3b       0x34 /usr/lib/gcc/arm-none-eabi/9.2.1/../../../arm-none-eabi/lib/thumb/v7e-m+fp/hard/libc_nano.a(lib_a-isattyr.o)
 .ARM.attributes
                0x0000000000000c6f       0x1c /usr/lib/gcc/arm-none-eabi/9.2.1/../../../arm-none-eabi/lib/thumb/v7e-m+fp/hard/libc_nano.a(lib_a-memchr.o)
 .ARM.attributes
                0x0000000000000c8b       0x34 /usr/lib/gcc/arm-none-eabi/9.2.1/../../../arm-none-eabi/lib/thumb/v7e-m+fp/hard/libc_nano.a(lib_a-memmove.o)
 .ARM.attributes
                0x0000000000000cbf       0x34 /usr/lib/gcc/arm-none-eabi/9.2.1/../../../arm-none-eabi/lib/thumb/v7e-m+fp/hard/libc_nano.a(lib_a-nano-reallocr.o)
 .ARM.attributes
                0x0000000000000cf3       0x34 /usr/lib/gcc/arm-none-eabi/9.2.1/../../../arm-none-eabi/lib/thumb/v7e-m+fp/hard/libc_nano.a(lib_a-nano-msizer.o)
 .ARM.attributes
                0x0000000000000d27       0x34 /usr/lib/gcc/arm-none-eabi/9.2.1/../../../arm-none-eabi/lib/thumb/v7e-m+fp/hard/libnosys.a(close.o)
 .ARM.attributes
                0x0000000000000d5b       0x34 /usr/lib/gcc/arm-none-eabi/9.2.1/../../../arm-none-eabi/lib/thumb/v7e-m+fp/hard/libnosys.a(fstat.o)
 .ARM.attributes
                0x0000000000000d8f       0x34 /usr/lib/gcc/arm-none-eabi/9.2.1/../../../arm-none-eabi/lib/thumb/v7e-m+fp/hard/libnosys.a(isatty.o)
 .ARM.attributes
                0x0000000000000dc3       0x34 /usr/lib/gcc/arm-none-eabi/9.2.1/../../../arm-none-eabi/lib/thumb/v7e-m+fp/hard/libnosys.a(lseek.o)
 .ARM.attributes
                0x0000000000000df7       0x34 /usr/lib/gcc/arm-none-eabi/9.2.1/../../../arm-none-eabi/lib/thumb/v7e-m+fp/hard/libnosys.a(read.o)
 .ARM.attributes
                0x0000000000000e2b       0x34 /usr/lib/gcc/arm-none-eabi/9.2.1/../../../arm-none-eabi/lib/thumb/v7e-m+fp/hard/libnosys.a(sbrk.o)
 .ARM.attributes
                0x0000000000000e5f       0x34 /usr/lib/gcc/arm-none-eabi/9.2.1/../../../arm-none-eabi/lib/thumb/v7e-m+fp/hard/libnosys.a(write.o)
 .ARM.attributes
                0x0000000000000e93       0x32 /usr/lib/gcc/arm-none-eabi/9.2.1/thumb/v7e-m+fp/hard/crtend.o
 .ARM.attributes
                0x0000000000000ec5       0x1e /usr/lib/gcc/arm-none-eabi/9.2.1/thumb/v7e-m+fp/hard/crtn.o
OUTPUT(build/IDW-testing.elf elf32-littlearm)
LOAD linker stubs
LOAD /usr/lib/gcc/arm-none-eabi/9.2.1/../../../arm-none-eabi/lib/thumb/v7e-m+fp/hard/libc.a
LOAD /usr/lib/gcc/arm-none-eabi/9.2.1/../../../arm-none-eabi/lib/thumb/v7e-m+fp/hard/libm.a
LOAD /usr/lib/gcc/arm-none-eabi/9.2.1/thumb/v7e-m+fp/hard/libgcc.a

.comment        0x0000000000000000       0xa7
 .comment       0x0000000000000000       0x59 /usr/lib/gcc/arm-none-eabi/9.2.1/thumb/v7e-m+fp/hard/crtbegin.o
                                         0x5a (size before relaxing)
 .comment       0x0000000000000059       0x5a build/main.o
 .comment       0x0000000000000059       0x5a build/stm32f4xx_it.o
 .comment       0x0000000000000059       0x5a build/stm32f4xx_hal_msp.o
 .comment       0x0000000000000059       0x5a build/system_stm32f4xx.o
 .comment       0x0000000000000059       0x5a build/stm32f4xx_hal.o
 .comment       0x0000000000000059       0x5a build/stm32f4xx_hal_gpio.o
 .comment       0x0000000000000059       0x5a build/stm32f4xx_hal_cortex.o
 .comment       0x0000000000000059       0x5a build/stm32f4xx_hal_uart.o
 .comment       0x0000000000000059       0x5a build/stm32f4xx_hal_tim.o
 .comment       0x0000000000000059       0x5a build/stm32f4xx_hal_rcc.o
 .comment       0x0000000000000059       0x5a build/stm32_spwf_wifi.o
 .comment       0x0000000000000059       0x5a build/wifi_interface.o
 .comment       0x0000000000000059       0x5a build/wifi_module_uart_01.o
 .comment       0x0000000000000059       0x5a build/wifi_module.o
 .comment       0x0000000000000059       0x5a build/wifi_globals.o
 .comment       0x0000000000000059       0x5a build/ring_buffer.o
 .comment       0x0000000000000059       0x5a build/event_buffer.o
 .comment       0x0000000000000059       0x5a build/stm32f4xx_nucleo.o
 .comment       0x0000000000000059       0x4e /usr/lib/gcc/arm-none-eabi/9.2.1/../../../arm-none-eabi/lib/thumb/v7e-m+fp/hard/libc_nano.a(lib_a-fflush.o)
                                         0x4f (size before relaxing)
 .comment       0x00000000000000a7       0x4f /usr/lib/gcc/arm-none-eabi/9.2.1/../../../arm-none-eabi/lib/thumb/v7e-m+fp/hard/libc_nano.a(lib_a-findfp.o)
 .comment       0x00000000000000a7       0x4f /usr/lib/gcc/arm-none-eabi/9.2.1/../../../arm-none-eabi/lib/thumb/v7e-m+fp/hard/libc_nano.a(lib_a-fwalk.o)
 .comment       0x00000000000000a7       0x4f /usr/lib/gcc/arm-none-eabi/9.2.1/../../../arm-none-eabi/lib/thumb/v7e-m+fp/hard/libc_nano.a(lib_a-impure.o)
 .comment       0x00000000000000a7       0x4f /usr/lib/gcc/arm-none-eabi/9.2.1/../../../arm-none-eabi/lib/thumb/v7e-m+fp/hard/libc_nano.a(lib_a-init.o)
 .comment       0x00000000000000a7       0x4f /usr/lib/gcc/arm-none-eabi/9.2.1/../../../arm-none-eabi/lib/thumb/v7e-m+fp/hard/libc_nano.a(lib_a-memset.o)
 .comment       0x00000000000000a7       0x4f /usr/lib/gcc/arm-none-eabi/9.2.1/../../../arm-none-eabi/lib/thumb/v7e-m+fp/hard/libc_nano.a(lib_a-nano-freer.o)
 .comment       0x00000000000000a7       0x4f /usr/lib/gcc/arm-none-eabi/9.2.1/../../../arm-none-eabi/lib/thumb/v7e-m+fp/hard/libc_nano.a(lib_a-nano-mallocr.o)
 .comment       0x00000000000000a7       0x4f /usr/lib/gcc/arm-none-eabi/9.2.1/../../../arm-none-eabi/lib/thumb/v7e-m+fp/hard/libc_nano.a(lib_a-printf.o)
 .comment       0x00000000000000a7       0x4f /usr/lib/gcc/arm-none-eabi/9.2.1/../../../arm-none-eabi/lib/thumb/v7e-m+fp/hard/libc_nano.a(lib_a-putchar.o)
 .comment       0x00000000000000a7       0x4f /usr/lib/gcc/arm-none-eabi/9.2.1/../../../arm-none-eabi/lib/thumb/v7e-m+fp/hard/libc_nano.a(lib_a-puts.o)
 .comment       0x00000000000000a7       0x4f /usr/lib/gcc/arm-none-eabi/9.2.1/../../../arm-none-eabi/lib/thumb/v7e-m+fp/hard/libc_nano.a(lib_a-sbrkr.o)
 .comment       0x00000000000000a7       0x4f /usr/lib/gcc/arm-none-eabi/9.2.1/../../../arm-none-eabi/lib/thumb/v7e-m+fp/hard/libc_nano.a(lib_a-scanf.o)
 .comment       0x00000000000000a7       0x4f /usr/lib/gcc/arm-none-eabi/9.2.1/../../../arm-none-eabi/lib/thumb/v7e-m+fp/hard/libc_nano.a(lib_a-sprintf.o)
 .comment       0x00000000000000a7       0x4f /usr/lib/gcc/arm-none-eabi/9.2.1/../../../arm-none-eabi/lib/thumb/v7e-m+fp/hard/libc_nano.a(lib_a-stdio.o)
 .comment       0x00000000000000a7       0x4f /usr/lib/gcc/arm-none-eabi/9.2.1/../../../arm-none-eabi/lib/thumb/v7e-m+fp/hard/libc_nano.a(lib_a-strtol.o)
 .comment       0x00000000000000a7       0x4f /usr/lib/gcc/arm-none-eabi/9.2.1/../../../arm-none-eabi/lib/thumb/v7e-m+fp/hard/libc_nano.a(lib_a-wbuf.o)
 .comment       0x00000000000000a7       0x4f /usr/lib/gcc/arm-none-eabi/9.2.1/../../../arm-none-eabi/lib/thumb/v7e-m+fp/hard/libc_nano.a(lib_a-writer.o)
 .comment       0x00000000000000a7       0x4f /usr/lib/gcc/arm-none-eabi/9.2.1/../../../arm-none-eabi/lib/thumb/v7e-m+fp/hard/libc_nano.a(lib_a-wsetup.o)
 .comment       0x00000000000000a7       0x4f /usr/lib/gcc/arm-none-eabi/9.2.1/../../../arm-none-eabi/lib/thumb/v7e-m+fp/hard/libc_nano.a(lib_a-closer.o)
 .comment       0x00000000000000a7       0x4f /usr/lib/gcc/arm-none-eabi/9.2.1/../../../arm-none-eabi/lib/thumb/v7e-m+fp/hard/libc_nano.a(lib_a-ctype_.o)
 .comment       0x00000000000000a7       0x4f /usr/lib/gcc/arm-none-eabi/9.2.1/../../../arm-none-eabi/lib/thumb/v7e-m+fp/hard/libc_nano.a(lib_a-errno.o)
 .comment       0x00000000000000a7       0x4f /usr/lib/gcc/arm-none-eabi/9.2.1/../../../arm-none-eabi/lib/thumb/v7e-m+fp/hard/libc_nano.a(lib_a-lseekr.o)
 .comment       0x00000000000000a7       0x4f /usr/lib/gcc/arm-none-eabi/9.2.1/../../../arm-none-eabi/lib/thumb/v7e-m+fp/hard/libc_nano.a(lib_a-makebuf.o)
 .comment       0x00000000000000a7       0x4f /usr/lib/gcc/arm-none-eabi/9.2.1/../../../arm-none-eabi/lib/thumb/v7e-m+fp/hard/libc_nano.a(lib_a-mlock.o)
 .comment       0x00000000000000a7       0x4f /usr/lib/gcc/arm-none-eabi/9.2.1/../../../arm-none-eabi/lib/thumb/v7e-m+fp/hard/libc_nano.a(lib_a-nano-svfprintf.o)
 .comment       0x00000000000000a7       0x4f /usr/lib/gcc/arm-none-eabi/9.2.1/../../../arm-none-eabi/lib/thumb/v7e-m+fp/hard/libc_nano.a(lib_a-nano-vfprintf.o)
 .comment       0x00000000000000a7       0x4f /usr/lib/gcc/arm-none-eabi/9.2.1/../../../arm-none-eabi/lib/thumb/v7e-m+fp/hard/libc_nano.a(lib_a-nano-vfprintf_i.o)
 .comment       0x00000000000000a7       0x4f /usr/lib/gcc/arm-none-eabi/9.2.1/../../../arm-none-eabi/lib/thumb/v7e-m+fp/hard/libc_nano.a(lib_a-nano-vfscanf.o)
 .comment       0x00000000000000a7       0x4f /usr/lib/gcc/arm-none-eabi/9.2.1/../../../arm-none-eabi/lib/thumb/v7e-m+fp/hard/libc_nano.a(lib_a-nano-vfscanf_i.o)
 .comment       0x00000000000000a7       0x4f /usr/lib/gcc/arm-none-eabi/9.2.1/../../../arm-none-eabi/lib/thumb/v7e-m+fp/hard/libc_nano.a(lib_a-putc.o)
 .comment       0x00000000000000a7       0x4f /usr/lib/gcc/arm-none-eabi/9.2.1/../../../arm-none-eabi/lib/thumb/v7e-m+fp/hard/libc_nano.a(lib_a-readr.o)
 .comment       0x00000000000000a7       0x4f /usr/lib/gcc/arm-none-eabi/9.2.1/../../../arm-none-eabi/lib/thumb/v7e-m+fp/hard/libc_nano.a(lib_a-reent.o)
 .comment       0x00000000000000a7       0x4f /usr/lib/gcc/arm-none-eabi/9.2.1/../../../arm-none-eabi/lib/thumb/v7e-m+fp/hard/libc_nano.a(lib_a-refill.o)
 .comment       0x00000000000000a7       0x4f /usr/lib/gcc/arm-none-eabi/9.2.1/../../../arm-none-eabi/lib/thumb/v7e-m+fp/hard/libc_nano.a(lib_a-sccl.o)
 .comment       0x00000000000000a7       0x4f /usr/lib/gcc/arm-none-eabi/9.2.1/../../../arm-none-eabi/lib/thumb/v7e-m+fp/hard/libc_nano.a(lib_a-strtoul.o)
 .comment       0x00000000000000a7       0x4f /usr/lib/gcc/arm-none-eabi/9.2.1/../../../arm-none-eabi/lib/thumb/v7e-m+fp/hard/libc_nano.a(lib_a-ungetc.o)
 .comment       0x00000000000000a7       0x4f /usr/lib/gcc/arm-none-eabi/9.2.1/../../../arm-none-eabi/lib/thumb/v7e-m+fp/hard/libc_nano.a(lib_a-fstatr.o)
 .comment       0x00000000000000a7       0x4f /usr/lib/gcc/arm-none-eabi/9.2.1/../../../arm-none-eabi/lib/thumb/v7e-m+fp/hard/libc_nano.a(lib_a-fvwrite.o)
 .comment       0x00000000000000a7       0x4f /usr/lib/gcc/arm-none-eabi/9.2.1/../../../arm-none-eabi/lib/thumb/v7e-m+fp/hard/libc_nano.a(lib_a-isattyr.o)
 .comment       0x00000000000000a7       0x4f /usr/lib/gcc/arm-none-eabi/9.2.1/../../../arm-none-eabi/lib/thumb/v7e-m+fp/hard/libc_nano.a(lib_a-memmove.o)
 .comment       0x00000000000000a7       0x4f /usr/lib/gcc/arm-none-eabi/9.2.1/../../../arm-none-eabi/lib/thumb/v7e-m+fp/hard/libc_nano.a(lib_a-nano-reallocr.o)
 .comment       0x00000000000000a7       0x4f /usr/lib/gcc/arm-none-eabi/9.2.1/../../../arm-none-eabi/lib/thumb/v7e-m+fp/hard/libc_nano.a(lib_a-nano-msizer.o)
 .comment       0x00000000000000a7       0x4f /usr/lib/gcc/arm-none-eabi/9.2.1/../../../arm-none-eabi/lib/thumb/v7e-m+fp/hard/libnosys.a(close.o)
 .comment       0x00000000000000a7       0x4f /usr/lib/gcc/arm-none-eabi/9.2.1/../../../arm-none-eabi/lib/thumb/v7e-m+fp/hard/libnosys.a(fstat.o)
 .comment       0x00000000000000a7       0x4f /usr/lib/gcc/arm-none-eabi/9.2.1/../../../arm-none-eabi/lib/thumb/v7e-m+fp/hard/libnosys.a(isatty.o)
 .comment       0x00000000000000a7       0x4f /usr/lib/gcc/arm-none-eabi/9.2.1/../../../arm-none-eabi/lib/thumb/v7e-m+fp/hard/libnosys.a(lseek.o)
 .comment       0x00000000000000a7       0x4f /usr/lib/gcc/arm-none-eabi/9.2.1/../../../arm-none-eabi/lib/thumb/v7e-m+fp/hard/libnosys.a(read.o)
 .comment       0x00000000000000a7       0x4f /usr/lib/gcc/arm-none-eabi/9.2.1/../../../arm-none-eabi/lib/thumb/v7e-m+fp/hard/libnosys.a(sbrk.o)
 .comment       0x00000000000000a7       0x4f /usr/lib/gcc/arm-none-eabi/9.2.1/../../../arm-none-eabi/lib/thumb/v7e-m+fp/hard/libnosys.a(write.o)
 .comment       0x00000000000000a7       0x5a /usr/lib/gcc/arm-none-eabi/9.2.1/thumb/v7e-m+fp/hard/crtend.o

.debug_info     0x0000000000000000    0x57e25
 .debug_info    0x0000000000000000     0x3c78 build/main.o
 .debug_info    0x0000000000003c78      0xb61 build/stm32f4xx_it.o
 .debug_info    0x00000000000047d9      0xd0c build/stm32f4xx_hal_msp.o
 .debug_info    0x00000000000054e5      0xf55 build/system_stm32f4xx.o
 .debug_info    0x000000000000643a     0x1364 build/stm32f4xx_hal.o
 .debug_info    0x000000000000779e     0x1229 build/stm32f4xx_hal_gpio.o
 .debug_info    0x00000000000089c7     0x1a03 build/stm32f4xx_hal_cortex.o
 .debug_info    0x000000000000a3ca     0x20b4 build/stm32f4xx_hal_uart.o
 .debug_info    0x000000000000c47e     0x3ed1 build/stm32f4xx_hal_tim.o
 .debug_info    0x000000000001034f     0x1882 build/stm32f4xx_hal_rcc.o
 .debug_info    0x0000000000011bd1     0x389f build/stm32_spwf_wifi.o
 .debug_info    0x0000000000015470     0x585f build/wifi_interface.o
 .debug_info    0x000000000001accf     0x434c build/wifi_module_uart_01.o
 .debug_info    0x000000000001f01b     0x5eda build/wifi_module.o
 .debug_info    0x0000000000024ef5     0x2c56 build/wifi_globals.o
 .debug_info    0x0000000000027b4b     0x2e50 build/ring_buffer.o
 .debug_info    0x000000000002a99b     0x2cde build/event_buffer.o
 .debug_info    0x000000000002d679     0x28f8 build/stm32f4xx_nucleo.o
 .debug_info    0x000000000002ff71       0x22 build/startup_stm32f401xe.o
 .debug_info    0x000000000002ff93      0xd73 /usr/lib/gcc/arm-none-eabi/9.2.1/../../../arm-none-eabi/lib/thumb/v7e-m+fp/hard/libc_nano.a(lib_a-fflush.o)
 .debug_info    0x0000000000030d06     0x11a8 /usr/lib/gcc/arm-none-eabi/9.2.1/../../../arm-none-eabi/lib/thumb/v7e-m+fp/hard/libc_nano.a(lib_a-findfp.o)
 .debug_info    0x0000000000031eae      0xca4 /usr/lib/gcc/arm-none-eabi/9.2.1/../../../arm-none-eabi/lib/thumb/v7e-m+fp/hard/libc_nano.a(lib_a-fwalk.o)
 .debug_info    0x0000000000032b52      0x92a /usr/lib/gcc/arm-none-eabi/9.2.1/../../../arm-none-eabi/lib/thumb/v7e-m+fp/hard/libc_nano.a(lib_a-impure.o)
 .debug_info    0x000000000003347c      0x11a /usr/lib/gcc/arm-none-eabi/9.2.1/../../../arm-none-eabi/lib/thumb/v7e-m+fp/hard/libc_nano.a(lib_a-init.o)
 .debug_info    0x0000000000033596       0x26 /usr/lib/gcc/arm-none-eabi/9.2.1/../../../arm-none-eabi/lib/thumb/v7e-m+fp/hard/libc_nano.a(lib_a-memcpy.o)
 .debug_info    0x00000000000335bc      0xf21 /usr/lib/gcc/arm-none-eabi/9.2.1/../../../arm-none-eabi/lib/thumb/v7e-m+fp/hard/libc_nano.a(lib_a-memset.o)
 .debug_info    0x00000000000344dd      0xb85 /usr/lib/gcc/arm-none-eabi/9.2.1/../../../arm-none-eabi/lib/thumb/v7e-m+fp/hard/libc_nano.a(lib_a-nano-freer.o)
 .debug_info    0x0000000000035062      0xc5a /usr/lib/gcc/arm-none-eabi/9.2.1/../../../arm-none-eabi/lib/thumb/v7e-m+fp/hard/libc_nano.a(lib_a-nano-mallocr.o)
 .debug_info    0x0000000000035cbc      0xc67 /usr/lib/gcc/arm-none-eabi/9.2.1/../../../arm-none-eabi/lib/thumb/v7e-m+fp/hard/libc_nano.a(lib_a-printf.o)
 .debug_info    0x0000000000036923      0xbf0 /usr/lib/gcc/arm-none-eabi/9.2.1/../../../arm-none-eabi/lib/thumb/v7e-m+fp/hard/libc_nano.a(lib_a-putchar.o)
 .debug_info    0x0000000000037513      0xd13 /usr/lib/gcc/arm-none-eabi/9.2.1/../../../arm-none-eabi/lib/thumb/v7e-m+fp/hard/libc_nano.a(lib_a-puts.o)
 .debug_info    0x0000000000038226      0x9fb /usr/lib/gcc/arm-none-eabi/9.2.1/../../../arm-none-eabi/lib/thumb/v7e-m+fp/hard/libc_nano.a(lib_a-sbrkr.o)
 .debug_info    0x0000000000038c21      0xc67 /usr/lib/gcc/arm-none-eabi/9.2.1/../../../arm-none-eabi/lib/thumb/v7e-m+fp/hard/libc_nano.a(lib_a-scanf.o)
 .debug_info    0x0000000000039888      0xc90 /usr/lib/gcc/arm-none-eabi/9.2.1/../../../arm-none-eabi/lib/thumb/v7e-m+fp/hard/libc_nano.a(lib_a-sprintf.o)
 .debug_info    0x000000000003a518      0xe67 /usr/lib/gcc/arm-none-eabi/9.2.1/../../../arm-none-eabi/lib/thumb/v7e-m+fp/hard/libc_nano.a(lib_a-stdio.o)
 .debug_info    0x000000000003b37f       0x26 /usr/lib/gcc/arm-none-eabi/9.2.1/../../../arm-none-eabi/lib/thumb/v7e-m+fp/hard/libc_nano.a(lib_a-strlen.o)
 .debug_info    0x000000000003b3a5     0x126b /usr/lib/gcc/arm-none-eabi/9.2.1/../../../arm-none-eabi/lib/thumb/v7e-m+fp/hard/libc_nano.a(lib_a-strtol.o)
 .debug_info    0x000000000003c610      0xc90 /usr/lib/gcc/arm-none-eabi/9.2.1/../../../arm-none-eabi/lib/thumb/v7e-m+fp/hard/libc_nano.a(lib_a-wbuf.o)
 .debug_info    0x000000000003d2a0      0xa2c /usr/lib/gcc/arm-none-eabi/9.2.1/../../../arm-none-eabi/lib/thumb/v7e-m+fp/hard/libc_nano.a(lib_a-writer.o)
 .debug_info    0x000000000003dccc      0xbfa /usr/lib/gcc/arm-none-eabi/9.2.1/../../../arm-none-eabi/lib/thumb/v7e-m+fp/hard/libc_nano.a(lib_a-wsetup.o)
 .debug_info    0x000000000003e8c6      0x9d8 /usr/lib/gcc/arm-none-eabi/9.2.1/../../../arm-none-eabi/lib/thumb/v7e-m+fp/hard/libc_nano.a(lib_a-closer.o)
 .debug_info    0x000000000003f29e      0xe91 /usr/lib/gcc/arm-none-eabi/9.2.1/../../../arm-none-eabi/lib/thumb/v7e-m+fp/hard/libc_nano.a(lib_a-ctype_.o)
 .debug_info    0x000000000004012f      0x953 /usr/lib/gcc/arm-none-eabi/9.2.1/../../../arm-none-eabi/lib/thumb/v7e-m+fp/hard/libc_nano.a(lib_a-errno.o)
 .debug_info    0x0000000000040a82      0xa0d /usr/lib/gcc/arm-none-eabi/9.2.1/../../../arm-none-eabi/lib/thumb/v7e-m+fp/hard/libc_nano.a(lib_a-lseekr.o)
 .debug_info    0x000000000004148f      0xf68 /usr/lib/gcc/arm-none-eabi/9.2.1/../../../arm-none-eabi/lib/thumb/v7e-m+fp/hard/libc_nano.a(lib_a-makebuf.o)
 .debug_info    0x00000000000423f7      0x961 /usr/lib/gcc/arm-none-eabi/9.2.1/../../../arm-none-eabi/lib/thumb/v7e-m+fp/hard/libc_nano.a(lib_a-mlock.o)
 .debug_info    0x0000000000042d58     0x17e4 /usr/lib/gcc/arm-none-eabi/9.2.1/../../../arm-none-eabi/lib/thumb/v7e-m+fp/hard/libc_nano.a(lib_a-nano-svfprintf.o)
 .debug_info    0x000000000004453c     0x176a /usr/lib/gcc/arm-none-eabi/9.2.1/../../../arm-none-eabi/lib/thumb/v7e-m+fp/hard/libc_nano.a(lib_a-nano-vfprintf.o)
 .debug_info    0x0000000000045ca6     0x1592 /usr/lib/gcc/arm-none-eabi/9.2.1/../../../arm-none-eabi/lib/thumb/v7e-m+fp/hard/libc_nano.a(lib_a-nano-vfprintf_i.o)
 .debug_info    0x0000000000047238     0x16eb /usr/lib/gcc/arm-none-eabi/9.2.1/../../../arm-none-eabi/lib/thumb/v7e-m+fp/hard/libc_nano.a(lib_a-nano-vfscanf.o)
 .debug_info    0x0000000000048923     0x14d8 /usr/lib/gcc/arm-none-eabi/9.2.1/../../../arm-none-eabi/lib/thumb/v7e-m+fp/hard/libc_nano.a(lib_a-nano-vfscanf_i.o)
 .debug_info    0x0000000000049dfb      0xd09 /usr/lib/gcc/arm-none-eabi/9.2.1/../../../arm-none-eabi/lib/thumb/v7e-m+fp/hard/libc_nano.a(lib_a-putc.o)
 .debug_info    0x000000000004ab04      0xa25 /usr/lib/gcc/arm-none-eabi/9.2.1/../../../arm-none-eabi/lib/thumb/v7e-m+fp/hard/libc_nano.a(lib_a-readr.o)
 .debug_info    0x000000000004b529      0xb0f /usr/lib/gcc/arm-none-eabi/9.2.1/../../../arm-none-eabi/lib/thumb/v7e-m+fp/hard/libc_nano.a(lib_a-reent.o)
 .debug_info    0x000000000004c038      0xcd8 /usr/lib/gcc/arm-none-eabi/9.2.1/../../../arm-none-eabi/lib/thumb/v7e-m+fp/hard/libc_nano.a(lib_a-refill.o)
 .debug_info    0x000000000004cd10      0xb93 /usr/lib/gcc/arm-none-eabi/9.2.1/../../../arm-none-eabi/lib/thumb/v7e-m+fp/hard/libc_nano.a(lib_a-sccl.o)
 .debug_info    0x000000000004d8a3     0x11df /usr/lib/gcc/arm-none-eabi/9.2.1/../../../arm-none-eabi/lib/thumb/v7e-m+fp/hard/libc_nano.a(lib_a-strtoul.o)
 .debug_info    0x000000000004ea82      0xd72 /usr/lib/gcc/arm-none-eabi/9.2.1/../../../arm-none-eabi/lib/thumb/v7e-m+fp/hard/libc_nano.a(lib_a-ungetc.o)
 .debug_info    0x000000000004f7f4      0xc24 /usr/lib/gcc/arm-none-eabi/9.2.1/../../../arm-none-eabi/lib/thumb/v7e-m+fp/hard/libc_nano.a(lib_a-fstatr.o)
 .debug_info    0x0000000000050418      0xeed /usr/lib/gcc/arm-none-eabi/9.2.1/../../../arm-none-eabi/lib/thumb/v7e-m+fp/hard/libc_nano.a(lib_a-fvwrite.o)
 .debug_info    0x0000000000051305      0x9d8 /usr/lib/gcc/arm-none-eabi/9.2.1/../../../arm-none-eabi/lib/thumb/v7e-m+fp/hard/libc_nano.a(lib_a-isattyr.o)
 .debug_info    0x0000000000051cdd       0x26 /usr/lib/gcc/arm-none-eabi/9.2.1/../../../arm-none-eabi/lib/thumb/v7e-m+fp/hard/libc_nano.a(lib_a-memchr.o)
 .debug_info    0x0000000000051d03      0xf2b /usr/lib/gcc/arm-none-eabi/9.2.1/../../../arm-none-eabi/lib/thumb/v7e-m+fp/hard/libc_nano.a(lib_a-memmove.o)
 .debug_info    0x0000000000052c2e      0xb77 /usr/lib/gcc/arm-none-eabi/9.2.1/../../../arm-none-eabi/lib/thumb/v7e-m+fp/hard/libc_nano.a(lib_a-nano-reallocr.o)
 .debug_info    0x00000000000537a5      0xaa6 /usr/lib/gcc/arm-none-eabi/9.2.1/../../../arm-none-eabi/lib/thumb/v7e-m+fp/hard/libc_nano.a(lib_a-nano-msizer.o)
 .debug_info    0x000000000005424b      0x96e /usr/lib/gcc/arm-none-eabi/9.2.1/../../../arm-none-eabi/lib/thumb/v7e-m+fp/hard/libnosys.a(close.o)
 .debug_info    0x0000000000054bb9      0xbb1 /usr/lib/gcc/arm-none-eabi/9.2.1/../../../arm-none-eabi/lib/thumb/v7e-m+fp/hard/libnosys.a(fstat.o)
 .debug_info    0x000000000005576a      0x96e /usr/lib/gcc/arm-none-eabi/9.2.1/../../../arm-none-eabi/lib/thumb/v7e-m+fp/hard/libnosys.a(isatty.o)
 .debug_info    0x00000000000560d8      0x990 /usr/lib/gcc/arm-none-eabi/9.2.1/../../../arm-none-eabi/lib/thumb/v7e-m+fp/hard/libnosys.a(lseek.o)
 .debug_info    0x0000000000056a68      0x990 /usr/lib/gcc/arm-none-eabi/9.2.1/../../../arm-none-eabi/lib/thumb/v7e-m+fp/hard/libnosys.a(read.o)
 .debug_info    0x00000000000573f8       0x9d /usr/lib/gcc/arm-none-eabi/9.2.1/../../../arm-none-eabi/lib/thumb/v7e-m+fp/hard/libnosys.a(sbrk.o)
 .debug_info    0x0000000000057495      0x990 /usr/lib/gcc/arm-none-eabi/9.2.1/../../../arm-none-eabi/lib/thumb/v7e-m+fp/hard/libnosys.a(write.o)

.debug_abbrev   0x0000000000000000     0xaef1
 .debug_abbrev  0x0000000000000000      0x3ae build/main.o
 .debug_abbrev  0x00000000000003ae      0x1f1 build/stm32f4xx_it.o
 .debug_abbrev  0x000000000000059f      0x1ec build/stm32f4xx_hal_msp.o
 .debug_abbrev  0x000000000000078b      0x21a build/system_stm32f4xx.o
 .debug_abbrev  0x00000000000009a5      0x375 build/stm32f4xx_hal.o
 .debug_abbrev  0x0000000000000d1a      0x30a build/stm32f4xx_hal_gpio.o
 .debug_abbrev  0x0000000000001024      0x46b build/stm32f4xx_hal_cortex.o
 .debug_abbrev  0x000000000000148f      0x3ad build/stm32f4xx_hal_uart.o
 .debug_abbrev  0x000000000000183c      0x360 build/stm32f4xx_hal_tim.o
 .debug_abbrev  0x0000000000001b9c      0x400 build/stm32f4xx_hal_rcc.o
 .debug_abbrev  0x0000000000001f9c      0x3b9 build/stm32_spwf_wifi.o
 .debug_abbrev  0x0000000000002355      0x40a build/wifi_interface.o
 .debug_abbrev  0x000000000000275f      0x3fe build/wifi_module_uart_01.o
 .debug_abbrev  0x0000000000002b5d      0x410 build/wifi_module.o
 .debug_abbrev  0x0000000000002f6d      0x267 build/wifi_globals.o
 .debug_abbrev  0x00000000000031d4      0x39b build/ring_buffer.o
 .debug_abbrev  0x000000000000356f      0x32d build/event_buffer.o
 .debug_abbrev  0x000000000000389c      0x37d build/stm32f4xx_nucleo.o
 .debug_abbrev  0x0000000000003c19       0x12 build/startup_stm32f401xe.o
 .debug_abbrev  0x0000000000003c2b      0x2e4 /usr/lib/gcc/arm-none-eabi/9.2.1/../../../arm-none-eabi/lib/thumb/v7e-m+fp/hard/libc_nano.a(lib_a-fflush.o)
 .debug_abbrev  0x0000000000003f0f      0x3dc /usr/lib/gcc/arm-none-eabi/9.2.1/../../../arm-none-eabi/lib/thumb/v7e-m+fp/hard/libc_nano.a(lib_a-findfp.o)
 .debug_abbrev  0x00000000000042eb      0x210 /usr/lib/gcc/arm-none-eabi/9.2.1/../../../arm-none-eabi/lib/thumb/v7e-m+fp/hard/libc_nano.a(lib_a-fwalk.o)
 .debug_abbrev  0x00000000000044fb      0x17a /usr/lib/gcc/arm-none-eabi/9.2.1/../../../arm-none-eabi/lib/thumb/v7e-m+fp/hard/libc_nano.a(lib_a-impure.o)
 .debug_abbrev  0x0000000000004675       0xcc /usr/lib/gcc/arm-none-eabi/9.2.1/../../../arm-none-eabi/lib/thumb/v7e-m+fp/hard/libc_nano.a(lib_a-init.o)
 .debug_abbrev  0x0000000000004741       0x14 /usr/lib/gcc/arm-none-eabi/9.2.1/../../../arm-none-eabi/lib/thumb/v7e-m+fp/hard/libc_nano.a(lib_a-memcpy.o)
 .debug_abbrev  0x0000000000004755      0x1d9 /usr/lib/gcc/arm-none-eabi/9.2.1/../../../arm-none-eabi/lib/thumb/v7e-m+fp/hard/libc_nano.a(lib_a-memset.o)
 .debug_abbrev  0x000000000000492e      0x286 /usr/lib/gcc/arm-none-eabi/9.2.1/../../../arm-none-eabi/lib/thumb/v7e-m+fp/hard/libc_nano.a(lib_a-nano-freer.o)
 .debug_abbrev  0x0000000000004bb4      0x2d1 /usr/lib/gcc/arm-none-eabi/9.2.1/../../../arm-none-eabi/lib/thumb/v7e-m+fp/hard/libc_nano.a(lib_a-nano-mallocr.o)
 .debug_abbrev  0x0000000000004e85      0x29f /usr/lib/gcc/arm-none-eabi/9.2.1/../../../arm-none-eabi/lib/thumb/v7e-m+fp/hard/libc_nano.a(lib_a-printf.o)
 .debug_abbrev  0x0000000000005124      0x268 /usr/lib/gcc/arm-none-eabi/9.2.1/../../../arm-none-eabi/lib/thumb/v7e-m+fp/hard/libc_nano.a(lib_a-putchar.o)
 .debug_abbrev  0x000000000000538c      0x2de /usr/lib/gcc/arm-none-eabi/9.2.1/../../../arm-none-eabi/lib/thumb/v7e-m+fp/hard/libc_nano.a(lib_a-puts.o)
 .debug_abbrev  0x000000000000566a      0x212 /usr/lib/gcc/arm-none-eabi/9.2.1/../../../arm-none-eabi/lib/thumb/v7e-m+fp/hard/libc_nano.a(lib_a-sbrkr.o)
 .debug_abbrev  0x000000000000587c      0x2b3 /usr/lib/gcc/arm-none-eabi/9.2.1/../../../arm-none-eabi/lib/thumb/v7e-m+fp/hard/libc_nano.a(lib_a-scanf.o)
 .debug_abbrev  0x0000000000005b2f      0x274 /usr/lib/gcc/arm-none-eabi/9.2.1/../../../arm-none-eabi/lib/thumb/v7e-m+fp/hard/libc_nano.a(lib_a-sprintf.o)
 .debug_abbrev  0x0000000000005da3      0x26f /usr/lib/gcc/arm-none-eabi/9.2.1/../../../arm-none-eabi/lib/thumb/v7e-m+fp/hard/libc_nano.a(lib_a-stdio.o)
 .debug_abbrev  0x0000000000006012       0x14 /usr/lib/gcc/arm-none-eabi/9.2.1/../../../arm-none-eabi/lib/thumb/v7e-m+fp/hard/libc_nano.a(lib_a-strlen.o)
 .debug_abbrev  0x0000000000006026      0x2d4 /usr/lib/gcc/arm-none-eabi/9.2.1/../../../arm-none-eabi/lib/thumb/v7e-m+fp/hard/libc_nano.a(lib_a-strtol.o)
 .debug_abbrev  0x00000000000062fa      0x285 /usr/lib/gcc/arm-none-eabi/9.2.1/../../../arm-none-eabi/lib/thumb/v7e-m+fp/hard/libc_nano.a(lib_a-wbuf.o)
 .debug_abbrev  0x000000000000657f      0x1ec /usr/lib/gcc/arm-none-eabi/9.2.1/../../../arm-none-eabi/lib/thumb/v7e-m+fp/hard/libc_nano.a(lib_a-writer.o)
 .debug_abbrev  0x000000000000676b      0x23a /usr/lib/gcc/arm-none-eabi/9.2.1/../../../arm-none-eabi/lib/thumb/v7e-m+fp/hard/libc_nano.a(lib_a-wsetup.o)
 .debug_abbrev  0x00000000000069a5      0x1e7 /usr/lib/gcc/arm-none-eabi/9.2.1/../../../arm-none-eabi/lib/thumb/v7e-m+fp/hard/libc_nano.a(lib_a-closer.o)
 .debug_abbrev  0x0000000000006b8c      0x178 /usr/lib/gcc/arm-none-eabi/9.2.1/../../../arm-none-eabi/lib/thumb/v7e-m+fp/hard/libc_nano.a(lib_a-ctype_.o)
 .debug_abbrev  0x0000000000006d04      0x198 /usr/lib/gcc/arm-none-eabi/9.2.1/../../../arm-none-eabi/lib/thumb/v7e-m+fp/hard/libc_nano.a(lib_a-errno.o)
 .debug_abbrev  0x0000000000006e9c      0x1fb /usr/lib/gcc/arm-none-eabi/9.2.1/../../../arm-none-eabi/lib/thumb/v7e-m+fp/hard/libc_nano.a(lib_a-lseekr.o)
 .debug_abbrev  0x0000000000007097      0x2f6 /usr/lib/gcc/arm-none-eabi/9.2.1/../../../arm-none-eabi/lib/thumb/v7e-m+fp/hard/libc_nano.a(lib_a-makebuf.o)
 .debug_abbrev  0x000000000000738d      0x1c5 /usr/lib/gcc/arm-none-eabi/9.2.1/../../../arm-none-eabi/lib/thumb/v7e-m+fp/hard/libc_nano.a(lib_a-mlock.o)
 .debug_abbrev  0x0000000000007552      0x33f /usr/lib/gcc/arm-none-eabi/9.2.1/../../../arm-none-eabi/lib/thumb/v7e-m+fp/hard/libc_nano.a(lib_a-nano-svfprintf.o)
 .debug_abbrev  0x0000000000007891      0x337 /usr/lib/gcc/arm-none-eabi/9.2.1/../../../arm-none-eabi/lib/thumb/v7e-m+fp/hard/libc_nano.a(lib_a-nano-vfprintf.o)
 .debug_abbrev  0x0000000000007bc8      0x2dc /usr/lib/gcc/arm-none-eabi/9.2.1/../../../arm-none-eabi/lib/thumb/v7e-m+fp/hard/libc_nano.a(lib_a-nano-vfprintf_i.o)
 .debug_abbrev  0x0000000000007ea4      0x350 /usr/lib/gcc/arm-none-eabi/9.2.1/../../../arm-none-eabi/lib/thumb/v7e-m+fp/hard/libc_nano.a(lib_a-nano-vfscanf.o)
 .debug_abbrev  0x00000000000081f4      0x2c9 /usr/lib/gcc/arm-none-eabi/9.2.1/../../../arm-none-eabi/lib/thumb/v7e-m+fp/hard/libc_nano.a(lib_a-nano-vfscanf_i.o)
 .debug_abbrev  0x00000000000084bd      0x2c1 /usr/lib/gcc/arm-none-eabi/9.2.1/../../../arm-none-eabi/lib/thumb/v7e-m+fp/hard/libc_nano.a(lib_a-putc.o)
 .debug_abbrev  0x000000000000877e      0x1e7 /usr/lib/gcc/arm-none-eabi/9.2.1/../../../arm-none-eabi/lib/thumb/v7e-m+fp/hard/libc_nano.a(lib_a-readr.o)
 .debug_abbrev  0x0000000000008965      0x268 /usr/lib/gcc/arm-none-eabi/9.2.1/../../../arm-none-eabi/lib/thumb/v7e-m+fp/hard/libc_nano.a(lib_a-reent.o)
 .debug_abbrev  0x0000000000008bcd      0x288 /usr/lib/gcc/arm-none-eabi/9.2.1/../../../arm-none-eabi/lib/thumb/v7e-m+fp/hard/libc_nano.a(lib_a-refill.o)
 .debug_abbrev  0x0000000000008e55      0x1f1 /usr/lib/gcc/arm-none-eabi/9.2.1/../../../arm-none-eabi/lib/thumb/v7e-m+fp/hard/libc_nano.a(lib_a-sccl.o)
 .debug_abbrev  0x0000000000009046      0x2a6 /usr/lib/gcc/arm-none-eabi/9.2.1/../../../arm-none-eabi/lib/thumb/v7e-m+fp/hard/libc_nano.a(lib_a-strtoul.o)
 .debug_abbrev  0x00000000000092ec      0x312 /usr/lib/gcc/arm-none-eabi/9.2.1/../../../arm-none-eabi/lib/thumb/v7e-m+fp/hard/libc_nano.a(lib_a-ungetc.o)
 .debug_abbrev  0x00000000000095fe      0x1fb /usr/lib/gcc/arm-none-eabi/9.2.1/../../../arm-none-eabi/lib/thumb/v7e-m+fp/hard/libc_nano.a(lib_a-fstatr.o)
 .debug_abbrev  0x00000000000097f9      0x270 /usr/lib/gcc/arm-none-eabi/9.2.1/../../../arm-none-eabi/lib/thumb/v7e-m+fp/hard/libc_nano.a(lib_a-fvwrite.o)
 .debug_abbrev  0x0000000000009a69      0x1e7 /usr/lib/gcc/arm-none-eabi/9.2.1/../../../arm-none-eabi/lib/thumb/v7e-m+fp/hard/libc_nano.a(lib_a-isattyr.o)
 .debug_abbrev  0x0000000000009c50       0x14 /usr/lib/gcc/arm-none-eabi/9.2.1/../../../arm-none-eabi/lib/thumb/v7e-m+fp/hard/libc_nano.a(lib_a-memchr.o)
 .debug_abbrev  0x0000000000009c64      0x1de /usr/lib/gcc/arm-none-eabi/9.2.1/../../../arm-none-eabi/lib/thumb/v7e-m+fp/hard/libc_nano.a(lib_a-memmove.o)
 .debug_abbrev  0x0000000000009e42      0x22a /usr/lib/gcc/arm-none-eabi/9.2.1/../../../arm-none-eabi/lib/thumb/v7e-m+fp/hard/libc_nano.a(lib_a-nano-reallocr.o)
 .debug_abbrev  0x000000000000a06c      0x1e5 /usr/lib/gcc/arm-none-eabi/9.2.1/../../../arm-none-eabi/lib/thumb/v7e-m+fp/hard/libc_nano.a(lib_a-nano-msizer.o)
 .debug_abbrev  0x000000000000a251      0x1ea /usr/lib/gcc/arm-none-eabi/9.2.1/../../../arm-none-eabi/lib/thumb/v7e-m+fp/hard/libnosys.a(close.o)
 .debug_abbrev  0x000000000000a43b      0x1fd /usr/lib/gcc/arm-none-eabi/9.2.1/../../../arm-none-eabi/lib/thumb/v7e-m+fp/hard/libnosys.a(fstat.o)
 .debug_abbrev  0x000000000000a638      0x1ea /usr/lib/gcc/arm-none-eabi/9.2.1/../../../arm-none-eabi/lib/thumb/v7e-m+fp/hard/libnosys.a(isatty.o)
 .debug_abbrev  0x000000000000a822      0x20f /usr/lib/gcc/arm-none-eabi/9.2.1/../../../arm-none-eabi/lib/thumb/v7e-m+fp/hard/libnosys.a(lseek.o)
 .debug_abbrev  0x000000000000aa31      0x20f /usr/lib/gcc/arm-none-eabi/9.2.1/../../../arm-none-eabi/lib/thumb/v7e-m+fp/hard/libnosys.a(read.o)
 .debug_abbrev  0x000000000000ac40       0xa2 /usr/lib/gcc/arm-none-eabi/9.2.1/../../../arm-none-eabi/lib/thumb/v7e-m+fp/hard/libnosys.a(sbrk.o)
 .debug_abbrev  0x000000000000ace2      0x20f /usr/lib/gcc/arm-none-eabi/9.2.1/../../../arm-none-eabi/lib/thumb/v7e-m+fp/hard/libnosys.a(write.o)

.debug_loc      0x0000000000000000    0x13ed7
 .debug_loc     0x0000000000000000      0x355 build/main.o
 .debug_loc     0x0000000000000355       0x20 build/stm32f4xx_it.o
 .debug_loc     0x0000000000000375       0x2c build/stm32f4xx_hal_msp.o
 .debug_loc     0x00000000000003a1      0x16c build/system_stm32f4xx.o
 .debug_loc     0x000000000000050d      0x173 build/stm32f4xx_hal.o
 .debug_loc     0x0000000000000680      0x5bd build/stm32f4xx_hal_gpio.o
 .debug_loc     0x0000000000000c3d      0x7af build/stm32f4xx_hal_cortex.o
 .debug_loc     0x00000000000013ec     0x192f build/stm32f4xx_hal_uart.o
 .debug_loc     0x0000000000002d1b     0x427c build/stm32f4xx_hal_tim.o
 .debug_loc     0x0000000000006f97      0x8d0 build/stm32f4xx_hal_rcc.o
 .debug_loc     0x0000000000007867      0x3ea build/stm32_spwf_wifi.o
 .debug_loc     0x0000000000007c51     0x211c build/wifi_interface.o
 .debug_loc     0x0000000000009d6d      0x88d build/wifi_module_uart_01.o
 .debug_loc     0x000000000000a5fa     0x1b72 build/wifi_module.o
 .debug_loc     0x000000000000c16c      0x214 build/ring_buffer.o
 .debug_loc     0x000000000000c380      0x17a build/event_buffer.o
 .debug_loc     0x000000000000c4fa      0xa38 build/stm32f4xx_nucleo.o
 .debug_loc     0x000000000000cf32      0x3f5 /usr/lib/gcc/arm-none-eabi/9.2.1/../../../arm-none-eabi/lib/thumb/v7e-m+fp/hard/libc_nano.a(lib_a-fflush.o)
 .debug_loc     0x000000000000d327      0x339 /usr/lib/gcc/arm-none-eabi/9.2.1/../../../arm-none-eabi/lib/thumb/v7e-m+fp/hard/libc_nano.a(lib_a-findfp.o)
 .debug_loc     0x000000000000d660      0x24f /usr/lib/gcc/arm-none-eabi/9.2.1/../../../arm-none-eabi/lib/thumb/v7e-m+fp/hard/libc_nano.a(lib_a-fwalk.o)
 .debug_loc     0x000000000000d8af       0xba /usr/lib/gcc/arm-none-eabi/9.2.1/../../../arm-none-eabi/lib/thumb/v7e-m+fp/hard/libc_nano.a(lib_a-init.o)
 .debug_loc     0x000000000000d969      0x231 /usr/lib/gcc/arm-none-eabi/9.2.1/../../../arm-none-eabi/lib/thumb/v7e-m+fp/hard/libc_nano.a(lib_a-memset.o)
 .debug_loc     0x000000000000db9a      0x211 /usr/lib/gcc/arm-none-eabi/9.2.1/../../../arm-none-eabi/lib/thumb/v7e-m+fp/hard/libc_nano.a(lib_a-nano-freer.o)
 .debug_loc     0x000000000000ddab      0x437 /usr/lib/gcc/arm-none-eabi/9.2.1/../../../arm-none-eabi/lib/thumb/v7e-m+fp/hard/libc_nano.a(lib_a-nano-mallocr.o)
 .debug_loc     0x000000000000e1e2       0x98 /usr/lib/gcc/arm-none-eabi/9.2.1/../../../arm-none-eabi/lib/thumb/v7e-m+fp/hard/libc_nano.a(lib_a-printf.o)
 .debug_loc     0x000000000000e27a      0x13e /usr/lib/gcc/arm-none-eabi/9.2.1/../../../arm-none-eabi/lib/thumb/v7e-m+fp/hard/libc_nano.a(lib_a-putchar.o)
 .debug_loc     0x000000000000e3b8      0x32d /usr/lib/gcc/arm-none-eabi/9.2.1/../../../arm-none-eabi/lib/thumb/v7e-m+fp/hard/libc_nano.a(lib_a-puts.o)
 .debug_loc     0x000000000000e6e5       0x6c /usr/lib/gcc/arm-none-eabi/9.2.1/../../../arm-none-eabi/lib/thumb/v7e-m+fp/hard/libc_nano.a(lib_a-sbrkr.o)
 .debug_loc     0x000000000000e751       0x98 /usr/lib/gcc/arm-none-eabi/9.2.1/../../../arm-none-eabi/lib/thumb/v7e-m+fp/hard/libc_nano.a(lib_a-scanf.o)