Archive member included to satisfy reference by file (symbol)

c:/program files (x86)/gnu tools arm embedded/6 2017-q2-update/bin/../lib/gcc/arm-none-eabi/6.3.1/../../../../arm-none-eabi/lib/thumb/v7e-m/fpv4-sp/hard\libc_nano.a(lib_a-atoi.o)
                              build/wifi_interface.o (atoi)
c:/program files (x86)/gnu tools arm embedded/6 2017-q2-update/bin/../lib/gcc/arm-none-eabi/6.3.1/../../../../arm-none-eabi/lib/thumb/v7e-m/fpv4-sp/hard\libc_nano.a(lib_a-errno.o)
                              build/retarget.o (__errno)
c:/program files (x86)/gnu tools arm embedded/6 2017-q2-update/bin/../lib/gcc/arm-none-eabi/6.3.1/../../../../arm-none-eabi/lib/thumb/v7e-m/fpv4-sp/hard\libc_nano.a(lib_a-exit.o)
                              c:/program files (x86)/gnu tools arm embedded/6 2017-q2-update/bin/../lib/gcc/arm-none-eabi/6.3.1/../../../../arm-none-eabi/lib/thumb/v7e-m/fpv4-sp/hard/crt0.o (exit)
c:/program files (x86)/gnu tools arm embedded/6 2017-q2-update/bin/../lib/gcc/arm-none-eabi/6.3.1/../../../../arm-none-eabi/lib/thumb/v7e-m/fpv4-sp/hard\libc_nano.a(lib_a-fflush.o)
                              build/main.o (fflush)
c:/program files (x86)/gnu tools arm embedded/6 2017-q2-update/bin/../lib/gcc/arm-none-eabi/6.3.1/../../../../arm-none-eabi/lib/thumb/v7e-m/fpv4-sp/hard\libc_nano.a(lib_a-findfp.o)
                              c:/program files (x86)/gnu tools arm embedded/6 2017-q2-update/bin/../lib/gcc/arm-none-eabi/6.3.1/../../../../arm-none-eabi/lib/thumb/v7e-m/fpv4-sp/hard\libc_nano.a(lib_a-fflush.o) (__sinit)
c:/program files (x86)/gnu tools arm embedded/6 2017-q2-update/bin/../lib/gcc/arm-none-eabi/6.3.1/../../../../arm-none-eabi/lib/thumb/v7e-m/fpv4-sp/hard\libc_nano.a(lib_a-fwalk.o)
                              c:/program files (x86)/gnu tools arm embedded/6 2017-q2-update/bin/../lib/gcc/arm-none-eabi/6.3.1/../../../../arm-none-eabi/lib/thumb/v7e-m/fpv4-sp/hard\libc_nano.a(lib_a-findfp.o) (_fwalk)
c:/program files (x86)/gnu tools arm embedded/6 2017-q2-update/bin/../lib/gcc/arm-none-eabi/6.3.1/../../../../arm-none-eabi/lib/thumb/v7e-m/fpv4-sp/hard\libc_nano.a(lib_a-impure.o)
                              c:/program files (x86)/gnu tools arm embedded/6 2017-q2-update/bin/../lib/gcc/arm-none-eabi/6.3.1/../../../../arm-none-eabi/lib/thumb/v7e-m/fpv4-sp/hard\libc_nano.a(lib_a-exit.o) (_global_impure_ptr)
c:/program files (x86)/gnu tools arm embedded/6 2017-q2-update/bin/../lib/gcc/arm-none-eabi/6.3.1/../../../../arm-none-eabi/lib/thumb/v7e-m/fpv4-sp/hard\libc_nano.a(lib_a-init.o)
                              c:/program files (x86)/gnu tools arm embedded/6 2017-q2-update/bin/../lib/gcc/arm-none-eabi/6.3.1/../../../../arm-none-eabi/lib/thumb/v7e-m/fpv4-sp/hard/crt0.o (__libc_init_array)
c:/program files (x86)/gnu tools arm embedded/6 2017-q2-update/bin/../lib/gcc/arm-none-eabi/6.3.1/../../../../arm-none-eabi/lib/thumb/v7e-m/fpv4-sp/hard\libc_nano.a(lib_a-memcpy-stub.o)
                              build/main.o (memcpy)
c:/program files (x86)/gnu tools arm embedded/6 2017-q2-update/bin/../lib/gcc/arm-none-eabi/6.3.1/../../../../arm-none-eabi/lib/thumb/v7e-m/fpv4-sp/hard\libc_nano.a(lib_a-memset.o)
                              c:/program files (x86)/gnu tools arm embedded/6 2017-q2-update/bin/../lib/gcc/arm-none-eabi/6.3.1/../../../../arm-none-eabi/lib/thumb/v7e-m/fpv4-sp/hard/crt0.o (memset)
c:/program files (x86)/gnu tools arm embedded/6 2017-q2-update/bin/../lib/gcc/arm-none-eabi/6.3.1/../../../../arm-none-eabi/lib/thumb/v7e-m/fpv4-sp/hard\libc_nano.a(lib_a-nano-freer.o)
                              c:/program files (x86)/gnu tools arm embedded/6 2017-q2-update/bin/../lib/gcc/arm-none-eabi/6.3.1/../../../../arm-none-eabi/lib/thumb/v7e-m/fpv4-sp/hard\libc_nano.a(lib_a-fflush.o) (_free_r)
c:/program files (x86)/gnu tools arm embedded/6 2017-q2-update/bin/../lib/gcc/arm-none-eabi/6.3.1/../../../../arm-none-eabi/lib/thumb/v7e-m/fpv4-sp/hard\libc_nano.a(lib_a-nano-mallocr.o)
                              c:/program files (x86)/gnu tools arm embedded/6 2017-q2-update/bin/../lib/gcc/arm-none-eabi/6.3.1/../../../../arm-none-eabi/lib/thumb/v7e-m/fpv4-sp/hard\libc_nano.a(lib_a-findfp.o) (_malloc_r)
c:/program files (x86)/gnu tools arm embedded/6 2017-q2-update/bin/../lib/gcc/arm-none-eabi/6.3.1/../../../../arm-none-eabi/lib/thumb/v7e-m/fpv4-sp/hard\libc_nano.a(lib_a-printf.o)
                              build/main.o (printf)
c:/program files (x86)/gnu tools arm embedded/6 2017-q2-update/bin/../lib/gcc/arm-none-eabi/6.3.1/../../../../arm-none-eabi/lib/thumb/v7e-m/fpv4-sp/hard\libc_nano.a(lib_a-putchar.o)
                              build/main.o (putchar)
c:/program files (x86)/gnu tools arm embedded/6 2017-q2-update/bin/../lib/gcc/arm-none-eabi/6.3.1/../../../../arm-none-eabi/lib/thumb/v7e-m/fpv4-sp/hard\libc_nano.a(lib_a-puts.o)
                              build/main.o (puts)
[...]
Memory Configuration

Name             Origin             Length             Attributes
RAM              0x20000000         0x00018000         xrw
FLASH            0x08000000         0x00080000         xr
*default*        0x00000000         0xffffffff

Linker script and memory map

LOAD c:/program files (x86)/gnu tools arm embedded/6 2017-q2-update/bin/../lib/gcc/arm-none-eabi/6.3.1/thumb/v7e-m/fpv4-sp/hard/crti.o
LOAD c:/program files (x86)/gnu tools arm embedded/6 2017-q2-update/bin/../lib/gcc/arm-none-eabi/6.3.1/thumb/v7e-m/fpv4-sp/hard/crtbegin.o
LOAD c:/program files (x86)/gnu tools arm embedded/6 2017-q2-update/bin/../lib/gcc/arm-none-eabi/6.3.1/../../../../arm-none-eabi/lib/thumb/v7e-m/fpv4-sp/hard/crt0.o
LOAD build/main.o
LOAD build/stm32f4xx_it.o
LOAD build/stm32f4xx_hal_msp.o
LOAD build/system_stm32f4xx.o
LOAD build/retarget.o
LOAD build/stm32f4xx_hal.o
LOAD build/stm32f4xx_hal_adc.o
LOAD build/stm32f4xx_hal_adc_ex.o
LOAD build/stm32f4xx_hal_can.o
LOAD build/stm32f4xx_hal_cec.o
LOAD build/stm32f4xx_hal_cortex.o
LOAD build/stm32f4xx_hal_crc.o
LOAD build/stm32f4xx_hal_cryp.o
LOAD build/stm32f4xx_hal_cryp_ex.o
LOAD build/stm32f4xx_hal_dac.o
LOAD build/stm32f4xx_hal_dac_ex.o
LOAD build/stm32f4xx_hal_dcmi.o
LOAD build/stm32f4xx_hal_dcmi_ex.o
LOAD build/stm32f4xx_hal_dfsdm.o
LOAD build/stm32f4xx_hal_dma.o
LOAD build/stm32f4xx_hal_dma2d.o
LOAD build/stm32f4xx_hal_dma_ex.o
LOAD build/stm32f4xx_hal_dsi.o
LOAD build/stm32f4xx_hal_eth.o
LOAD build/stm32f4xx_hal_exti.o
LOAD build/stm32f4xx_hal_flash.o
LOAD build/stm32f4xx_hal_flash_ex.o
LOAD build/stm32f4xx_hal_flash_ramfunc.o
LOAD build/stm32f4xx_hal_fmpi2c.o
LOAD build/stm32f4xx_hal_fmpi2c_ex.o
LOAD build/stm32f4xx_hal_fmpsmbus.o
LOAD build/stm32f4xx_hal_gpio.o
LOAD build/stm32f4xx_hal_hash.o
LOAD build/stm32f4xx_hal_hash_ex.o
LOAD build/stm32f4xx_hal_hcd.o
LOAD build/stm32f4xx_hal_i2c.o
LOAD build/stm32f4xx_hal_i2c_ex.o
LOAD build/stm32f4xx_hal_i2s.o
LOAD build/stm32f4xx_hal_i2s_ex.o
LOAD build/stm32f4xx_hal_irda.o
LOAD build/stm32f4xx_hal_iwdg.o
LOAD build/stm32f4xx_hal_lptim.o
LOAD build/stm32f4xx_hal_ltdc.o
LOAD build/stm32f4xx_hal_ltdc_ex.o
LOAD build/stm32f4xx_hal_mmc.o
LOAD build/stm32f4xx_hal_msp_template.o
LOAD build/stm32f4xx_hal_nand.o
LOAD build/stm32f4xx_hal_nor.o
LOAD build/stm32f4xx_hal_pccard.o
LOAD build/stm32f4xx_hal_pcd.o
LOAD build/stm32f4xx_hal_pcd_ex.o
LOAD build/stm32f4xx_hal_pwr.o
LOAD build/stm32f4xx_hal_pwr_ex.o
LOAD build/stm32f4xx_hal_qspi.o
LOAD build/stm32f4xx_hal_rcc.o
LOAD build/stm32f4xx_hal_rcc_ex.o
LOAD build/stm32f4xx_hal_rng.o
LOAD build/stm32f4xx_hal_rtc.o
LOAD build/stm32f4xx_hal_rtc_ex.o
LOAD build/stm32f4xx_hal_sai.o
LOAD build/stm32f4xx_hal_sai_ex.o
LOAD build/stm32f4xx_hal_sd.o
LOAD build/stm32f4xx_hal_sdram.o
LOAD build/stm32f4xx_hal_smartcard.o
LOAD build/stm32f4xx_hal_smbus.o
LOAD build/stm32f4xx_hal_spdifrx.o
LOAD build/stm32f4xx_hal_spi.o
LOAD build/stm32f4xx_hal_sram.o
LOAD build/stm32f4xx_hal_tim.o
LOAD build/stm32f4xx_hal_tim_ex.o
LOAD build/stm32f4xx_hal_uart.o
LOAD build/stm32f4xx_hal_usart.o
LOAD build/stm32f4xx_hal_wwdg.o
LOAD build/stm32f4xx_ll_adc.o
LOAD build/stm32f4xx_ll_crc.o
LOAD build/stm32f4xx_ll_dac.o
LOAD build/stm32f4xx_ll_dma.o
LOAD build/stm32f4xx_ll_dma2d.o
LOAD build/stm32f4xx_ll_exti.o
LOAD build/stm32f4xx_ll_fmc.o
LOAD build/stm32f4xx_ll_fmpi2c.o
LOAD build/stm32f4xx_ll_fsmc.o
LOAD build/stm32f4xx_ll_gpio.o
LOAD build/stm32f4xx_ll_i2c.o
LOAD build/stm32f4xx_ll_lptim.o
LOAD build/stm32f4xx_ll_pwr.o
LOAD build/stm32f4xx_ll_rcc.o
LOAD build/stm32f4xx_ll_rng.o
LOAD build/stm32f4xx_ll_rtc.o
LOAD build/stm32f4xx_ll_sdmmc.o
LOAD build/stm32f4xx_ll_spi.o
LOAD build/stm32f4xx_ll_tim.o
LOAD build/stm32f4xx_ll_usart.o
LOAD build/stm32f4xx_ll_usb.o
LOAD build/stm32f4xx_ll_utils.o
LOAD build/stm32_spwf_wifi.o
LOAD build/wifi_interface.o
LOAD build/wifi_module.o
LOAD build/wifi_module_spi.o
LOAD build/wifi_module_uart_01.o
LOAD build/wifi_module_uart_04.o
LOAD build/event_buffer.o
LOAD build/ring_buffer.o
LOAD build/spwf04WiFi.o
LOAD build/wifi_globals.o
LOAD build/stm32f4xx_nucleo.o
LOAD build/startup_stm32f401xe.o
LOAD c:/program files (x86)/gnu tools arm embedded/6 2017-q2-update/bin/../lib/gcc/arm-none-eabi/6.3.1/../../../../arm-none-eabi/lib/thumb/v7e-m/fpv4-sp/hard\libc_nano.a
LOAD c:/program files (x86)/gnu tools arm embedded/6 2017-q2-update/bin/../lib/gcc/arm-none-eabi/6.3.1/../../../../arm-none-eabi/lib/thumb/v7e-m/fpv4-sp/hard\libm.a
LOAD c:/program files (x86)/gnu tools arm embedded/6 2017-q2-update/bin/../lib/gcc/arm-none-eabi/6.3.1/../../../../arm-none-eabi/lib/thumb/v7e-m/fpv4-sp/hard\libnosys.a
START GROUP
LOAD c:/program files (x86)/gnu tools arm embedded/6 2017-q2-update/bin/../lib/gcc/arm-none-eabi/6.3.1/thumb/v7e-m/fpv4-sp/hard\libgcc.a
LOAD c:/program files (x86)/gnu tools arm embedded/6 2017-q2-update/bin/../lib/gcc/arm-none-eabi/6.3.1/../../../../arm-none-eabi/lib/thumb/v7e-m/fpv4-sp/hard\libc_nano.a
END GROUP
START GROUP
LOAD c:/program files (x86)/gnu tools arm embedded/6 2017-q2-update/bin/../lib/gcc/arm-none-eabi/6.3.1/thumb/v7e-m/fpv4-sp/hard\libgcc.a
LOAD c:/program files (x86)/gnu tools arm embedded/6 2017-q2-update/bin/../lib/gcc/arm-none-eabi/6.3.1/../../../../arm-none-eabi/lib/thumb/v7e-m/fpv4-sp/hard\libc_nano.a
END GROUP
LOAD c:/program files (x86)/gnu tools arm embedded/6 2017-q2-update/bin/../lib/gcc/arm-none-eabi/6.3.1/thumb/v7e-m/fpv4-sp/hard/crtend.o
LOAD c:/program files (x86)/gnu tools arm embedded/6 2017-q2-update/bin/../lib/gcc/arm-none-eabi/6.3.1/thumb/v7e-m/fpv4-sp/hard/crtn.o
                0x20018000                _estack = 0x20018000
                0x00000200                _Min_Heap_Size = 0x200
                0x00000400                _Min_Stack_Size = 0x400

.isr_vector     0x08000000      0x194
                0x08000000                . = ALIGN (0x4)
 *(.isr_vector)
 .isr_vector    0x08000000      0x194 build/startup_stm32f401xe.o
                0x08000000                g_pfnVectors
                0x08000194                . = ALIGN (0x4)

.text           0x080001a0     0x3c0c
                0x080001a0                . = ALIGN (0x4)
 *(.text)
 .text          0x080001a0       0x6c c:/program files (x86)/gnu tools arm embedded/6 2017-q2-update/bin/../lib/gcc/arm-none-eabi/6.3.1/thumb/v7e-m/fpv4-sp/hard/crtbegin.o
 .text          0x0800020c       0x10 c:/program files (x86)/gnu tools arm embedded/6 2017-q2-update/bin/../lib/gcc/arm-none-eabi/6.3.1/../../../../arm-none-eabi/lib/thumb/v7e-m/fpv4-sp/hard\libc_nano.a(lib_a-strlen.o)
                0x0800020c                strlen
 *fill*         0x0800021c        0x4 
 .text          0x08000220       0xa0 c:/program files (x86)/gnu tools arm embedded/6 2017-q2-update/bin/../lib/gcc/arm-none-eabi/6.3.1/../../../../arm-none-eabi/lib/thumb/v7e-m/fpv4-sp/hard\libc_nano.a(lib_a-memchr.o)
                0x08000220                memchr
 .text          0x080002c0       0x30 c:/program files (x86)/gnu tools arm embedded/6 2017-q2-update/bin/../lib/gcc/arm-none-eabi/6.3.1/thumb/v7e-m/fpv4-sp/hard\libgcc.a(_aeabi_uldivmod.o)
                0x080002c0                __aeabi_uldivmod
 .text          0x080002f0      0x2dc c:/program files (x86)/gnu tools arm embedded/6 2017-q2-update/bin/../lib/gcc/arm-none-eabi/6.3.1/thumb/v7e-m/fpv4-sp/hard\libgcc.a(_udivmoddi4.o)
                0x080002f0                __udivmoddi4
 .text          0x080005cc        0x4 c:/program files (x86)/gnu tools arm embedded/6 2017-q2-update/bin/../lib/gcc/arm-none-eabi/6.3.1/thumb/v7e-m/fpv4-sp/hard\libgcc.a(_dvmd_tls.o)
                0x080005cc                __aeabi_idiv0
                0x080005cc                __aeabi_ldiv0
 *(.text*)
 .text.MX_GPIO_Init
                0x080005d0       0x24 build/main.o
 .text.MX_USART2_UART_Init
                0x080005f4       0x34 build/main.o
 .text.SystemClock_Config
                0x08000628       0x90 build/main.o
                0x08000628                SystemClock_Config
 .text.wifi_get_AP_settings
                0x080006b8       0xe0 build/main.o
                0x080006b8                wifi_get_AP_settings
 .text.main     0x08000798      0x218 build/main.o
                0x08000798                main
 .text.NMI_Handler
                0x080009b0        0x2 build/stm32f4xx_it.o
                0x080009b0                NMI_Handler
 .text.HardFault_Handler
                0x080009b2        0x2 build/stm32f4xx_it.o
                0x080009b2                HardFault_Handler
 .text.MemManage_Handler
                0x080009b4        0x2 build/stm32f4xx_it.o
                0x080009b4                MemManage_Handler
 .text.BusFault_Handler
                0x080009b6        0x2 build/stm32f4xx_it.o
                0x080009b6                BusFault_Handler
 .text.UsageFault_Handler
                0x080009b8        0x2 build/stm32f4xx_it.o
                0x080009b8                UsageFault_Handler
 .text.SVC_Handler
                0x080009ba        0x2 build/stm32f4xx_it.o
                0x080009ba                SVC_Handler
 .text.DebugMon_Handler
                0x080009bc        0x2 build/stm32f4xx_it.o
                0x080009bc                DebugMon_Handler
 .text.PendSV_Handler
                0x080009be        0x2 build/stm32f4xx_it.o
                0x080009be                PendSV_Handler
 .text.SysTick_Handler
                0x080009c0        0x8 build/stm32f4xx_it.o
                0x080009c0                SysTick_Handler
 .text.HAL_MspInit
                0x080009c8       0x38 build/stm32f4xx_hal_msp.o
                0x080009c8                HAL_MspInit
 .text.HAL_UART_MspInit
                0x08000a00       0x70 build/stm32f4xx_hal_msp.o
                0x08000a00                HAL_UART_MspInit
 .text.HAL_UART_MspDeInit
                0x08000a70       0x2c build/stm32f4xx_hal_msp.o
                0x08000a70                HAL_UART_MspDeInit
 .text.SystemInit
                0x08000a9c       0x1c build/system_stm32f4xx.o
                0x08000a9c                SystemInit
 .text.RetargetInit
                0x08000ab8       0x20 build/retarget.o
                0x08000ab8                RetargetInit
 .text._isatty  0x08000ad8       0x16 build/retarget.o
                0x08000ad8                _isatty
 *fill*         0x08000aee        0x2 
 .text._write   0x08000af0       0x34 build/retarget.o
                0x08000af0                _write
 .text._close   0x08000b24       0x18 build/retarget.o
                0x08000b24                _close
 .text._lseek   0x08000b3c       0x10 build/retarget.o
                0x08000b3c                _lseek
 .text._read    0x08000b4c       0x30 build/retarget.o
                0x08000b4c                _read
 .text._fstat   0x08000b7c       0x1a build/retarget.o
                0x08000b7c                _fstat
 *fill*         0x08000b96        0x2 
 .text.HAL_InitTick
                0x08000b98       0x4c build/stm32f4xx_hal.o
                0x08000b98                HAL_InitTick
 .text.HAL_Init
                0x08000be4       0x34 build/stm32f4xx_hal.o
                0x08000be4                HAL_Init
 .text.HAL_IncTick
                0x08000c18       0x18 build/stm32f4xx_hal.o
                0x08000c18                HAL_IncTick
 .text.HAL_GetTick
                0x08000c30        0xc build/stm32f4xx_hal.o
                0x08000c30                HAL_GetTick
 .text.HAL_Delay
                0x08000c3c       0x28 build/stm32f4xx_hal.o
                0x08000c3c                HAL_Delay
 .text.HAL_NVIC_SetPriorityGrouping
                0x08000c64       0x24 build/stm32f4xx_hal_cortex.o
                0x08000c64                HAL_NVIC_SetPriorityGrouping
 .text.HAL_NVIC_SetPriority
                0x08000c88       0x64 build/stm32f4xx_hal_cortex.o
                0x08000c88                HAL_NVIC_SetPriority
 .text.HAL_SYSTICK_Config
                0x08000cec       0x2c build/stm32f4xx_hal_cortex.o
                0x08000cec                HAL_SYSTICK_Config
 .text.HAL_GPIO_Init
                0x08000d18      0x1b4 build/stm32f4xx_hal_gpio.o
                0x08000d18                HAL_GPIO_Init
 .text.HAL_GPIO_DeInit
                0x08000ecc      0x108 build/stm32f4xx_hal_gpio.o
                0x08000ecc                HAL_GPIO_DeInit
 .text.HAL_GPIO_WritePin
                0x08000fd4        0xc build/stm32f4xx_hal_gpio.o
                0x08000fd4                HAL_GPIO_WritePin
 .text.HAL_RCC_OscConfig
                0x08000fe0      0x3ec build/stm32f4xx_hal_rcc.o
                0x08000fe0                HAL_RCC_OscConfig
 .text.HAL_RCC_GetSysClockFreq
                0x080013cc       0xa4 build/stm32f4xx_hal_rcc.o
                0x080013cc                HAL_RCC_GetSysClockFreq
 .text.HAL_RCC_ClockConfig
                0x08001470      0x160 build/stm32f4xx_hal_rcc.o
                0x08001470                HAL_RCC_ClockConfig
 .text.HAL_RCC_GetHCLKFreq
                0x080015d0        0xc build/stm32f4xx_hal_rcc.o
                0x080015d0                HAL_RCC_GetHCLKFreq
 .text.HAL_RCC_GetPCLK1Freq
                0x080015dc       0x20 build/stm32f4xx_hal_rcc.o
                0x080015dc                HAL_RCC_GetPCLK1Freq
 .text.HAL_RCC_GetPCLK2Freq
                0x080015fc       0x20 build/stm32f4xx_hal_rcc.o
                0x080015fc                HAL_RCC_GetPCLK2Freq
 .text.HAL_TIM_Base_Start_IT
                0x0800161c       0x22 build/stm32f4xx_hal_tim.o
                0x0800161c                HAL_TIM_Base_Start_IT
 *fill*         0x0800163e        0x2 
 .text.UART_SetConfig
                0x08001640      0x1d4 build/stm32f4xx_hal_uart.o
 .text.UART_WaitOnFlagUntilTimeout
                0x08001814       0x64 build/stm32f4xx_hal_uart.o
 .text.HAL_UART_Init
                0x08001878       0x5e build/stm32f4xx_hal_uart.o
                0x08001878                HAL_UART_Init
 .text.HAL_UART_DeInit
                0x080018d6       0x30 build/stm32f4xx_hal_uart.o
                0x080018d6                HAL_UART_DeInit
 .text.HAL_UART_Transmit
                0x08001906       0xe4 build/stm32f4xx_hal_uart.o
                0x08001906                HAL_UART_Transmit
 .text.HAL_UART_Receive
                0x080019ea       0xea build/stm32f4xx_hal_uart.o
                0x080019ea                HAL_UART_Receive
 .text.HAL_UART_Receive_IT
                0x08001ad4       0x5c build/stm32f4xx_hal_uart.o
                0x08001ad4                HAL_UART_Receive_IT
 .text.UART_Configuration
                0x08001b30       0x44 build/stm32_spwf_wifi.o
                0x08001b30                UART_Configuration
 .text.wifi_http_get
                0x08001b74       0x34 build/wifi_interface.o
                0x08001b74                wifi_http_get
 .text.wifi_http_post
                0x08001ba8       0x38 build/wifi_interface.o
                0x08001ba8                wifi_http_post
 .text.wifi_connect
                0x08001be0       0x90 build/wifi_interface.o
                0x08001be0                wifi_connect
 .text.wifi_wakeup
                0x08001c70       0x60 build/wifi_interface.o
                0x08001c70                wifi_wakeup
 .text.wifi_init
                0x08001cd0      0x478 build/wifi_interface.o
                0x08001cd0                wifi_init
 .text.wifi_get_IP_address
                0x08002148       0x60 build/wifi_interface.o
                0x08002148                wifi_get_IP_address
 .text.Set_WiFi_Control_Variables
                0x080021a8       0x78 build/wifi_module.o
                0x080021a8                Set_WiFi_Control_Variables
 .text.Set_WiFi_Counter_Variables
                0x08002220       0x6c build/wifi_module.o
                0x08002220                Set_WiFi_Counter_Variables
 .text.wifi_reset
                0x0800228c       0xb8 build/wifi_module.o
                0x0800228c                wifi_reset
 .text.Receive_Data
                0x08002344       0x38 build/wifi_module.o
                0x08002344                Receive_Data
 .text.Start_Timer
                0x0800237c       0x14 build/wifi_module.o
                0x0800237c                Start_Timer
 .text.USART_Receive_AT_Resp
                0x08002390       0x28 build/wifi_module.o
                0x08002390                USART_Receive_AT_Resp
 .text.Wait_For_Sock_Read_To_Complete
                0x080023b8       0x28 build/wifi_module.o
                0x080023b8                Wait_For_Sock_Read_To_Complete
 .text.Queue_Http_Event
                0x080023e0       0x44 build/wifi_module.o
                0x080023e0                Queue_Http_Event
 .text.Reset_AT_CMD_Buffer
                0x08002424       0x14 build/wifi_module.o
                0x08002424                Reset_AT_CMD_Buffer
 .text.Error_Handler
                0x08002438        0xa build/wifi_module.o
                0x08002438                Error_Handler
 .text.WiFi_UART_Error_Handler
                0x08002442        0xe build/wifi_module.o
                0x08002442                WiFi_UART_Error_Handler
 .text.WiFi_Module_Init
                0x08002450       0x64 build/wifi_module.o
                0x08002450                WiFi_Module_Init
 .text.USART_Transmit_AT_Cmd
                0x080024b4       0x94 build/wifi_module.o
                0x080024b4                USART_Transmit_AT_Cmd
 .text.GET_Configuration_Value
                0x08002548       0x5c build/wifi_module.o
                0x08002548                GET_Configuration_Value
 .text.SET_Configuration_Addr
                0x080025a4       0x3c build/wifi_module.o
                0x080025a4                SET_Configuration_Addr
 .text.SET_Configuration_Value
                0x080025e0       0x3c build/wifi_module.o
                0x080025e0                SET_Configuration_Value
 .text.SET_SSID
                0x0800261c       0x38 build/wifi_module.o
                0x0800261c                SET_SSID
 .text.SET_WiFi_SecKey
                0x08002654       0x38 build/wifi_module.o
                0x08002654                SET_WiFi_SecKey
 .text.Restore_Default_Setting
                0x0800268c       0x38 build/wifi_module.o
                0x0800268c                Restore_Default_Setting
 .text.Save_Current_Setting
                0x080026c4       0x38 build/wifi_module.o
                0x080026c4                Save_Current_Setting
 .text.SET_Power_State
                0x080026fc       0x54 build/wifi_module_uart_01.o
                0x080026fc                SET_Power_State
 .text.event_init
                0x08002750       0x18 build/event_buffer.o
                0x08002750                event_init
 .text.event_full
                0x08002768       0x14 build/event_buffer.o
                0x08002768                event_full
 .text.push_eventbuffer_queue
                0x0800277c       0x8e build/event_buffer.o
                0x0800277c                push_eventbuffer_queue
 .text.reset_event
                0x0800280a       0x18 build/event_buffer.o
                0x0800280a                reset_event
 *fill*         0x08002822        0x2 
 .text.init     0x08002824       0x14 build/ring_buffer.o
                0x08002824                init
 .text.BSP_LED_On
                0x08002838       0x18 build/stm32f4xx_nucleo.o
                0x08002838                BSP_LED_On
 .text.Reset_Handler
                0x08002850       0x50 build/startup_stm32f401xe.o
                0x08002850                Reset_Handler
 .text.Default_Handler
                0x080028a0        0x2 build/startup_stm32f401xe.o
                0x080028a0                RTC_Alarm_IRQHandler
                0x080028a0                EXTI2_IRQHandler
                0x080028a0                SPI4_IRQHandler
                0x080028a0                TIM1_CC_IRQHandler
                0x080028a0                DMA2_Stream5_IRQHandler
                0x080028a0                DMA1_Stream5_IRQHandler
                0x080028a0                PVD_IRQHandler
                0x080028a0                SDIO_IRQHandler
                0x080028a0                TAMP_STAMP_IRQHandler
                0x080028a0                EXTI3_IRQHandler
                0x080028a0                TIM1_UP_TIM10_IRQHandler
                0x080028a0                I2C3_ER_IRQHandler
                0x080028a0                EXTI0_IRQHandler
                0x080028a0                I2C2_EV_IRQHandler
                0x080028a0                DMA1_Stream2_IRQHandler
                0x080028a0                FPU_IRQHandler
                0x080028a0                DMA2_Stream2_IRQHandler
                0x080028a0                SPI1_IRQHandler
                0x080028a0                TIM1_BRK_TIM9_IRQHandler
                0x080028a0                DMA2_Stream3_IRQHandler
                0x080028a0                USART6_IRQHandler
                0x080028a0                DMA2_Stream0_IRQHandler
                0x080028a0                TIM4_IRQHandler
                0x080028a0                I2C1_EV_IRQHandler
                0x080028a0                DMA1_Stream6_IRQHandler
                0x080028a0                DMA1_Stream1_IRQHandler
                0x080028a0                TIM3_IRQHandler
                0x080028a0                RCC_IRQHandler
                0x080028a0                Default_Handler
                0x080028a0                EXTI15_10_IRQHandler
                0x080028a0                ADC_IRQHandler
                0x080028a0                DMA1_Stream7_IRQHandler
                0x080028a0                TIM5_IRQHandler
                0x080028a0                DMA2_Stream7_IRQHandler
                0x080028a0                I2C3_EV_IRQHandler
                0x080028a0                EXTI9_5_IRQHandler
                0x080028a0                RTC_WKUP_IRQHandler
                0x080028a0                SPI2_IRQHandler
                0x080028a0                DMA1_Stream0_IRQHandler
                0x080028a0                EXTI4_IRQHandler
                0x080028a0                WWDG_IRQHandler
                0x080028a0                TIM2_IRQHandler
                0x080028a0                OTG_FS_WKUP_IRQHandler
                0x080028a0                TIM1_TRG_COM_TIM11_IRQHandler
                0x080028a0                EXTI1_IRQHandler
                0x080028a0                USART2_IRQHandler
                0x080028a0                I2C2_ER_IRQHandler
                0x080028a0                DMA2_Stream1_IRQHandler
                0x080028a0                FLASH_IRQHandler
                0x080028a0                DMA2_Stream4_IRQHandler
                0x080028a0                USART1_IRQHandler
                0x080028a0                OTG_FS_IRQHandler
                0x080028a0                SPI3_IRQHandler
                0x080028a0                DMA1_Stream4_IRQHandler
                0x080028a0                I2C1_ER_IRQHandler
                0x080028a0                DMA2_Stream6_IRQHandler
                0x080028a0                DMA1_Stream3_IRQHandler
 *fill*         0x080028a2        0x2 
 .text.__errno  0x080028a4        0xc c:/program files (x86)/gnu tools arm embedded/6 2017-q2-update/bin/../lib/gcc/arm-none-eabi/6.3.1/../../../../arm-none-eabi/lib/thumb/v7e-m/fpv4-sp/hard\libc_nano.a(lib_a-errno.o)
                0x080028a4                __errno
 .text.__sflush_r
                0x080028b0      0x110 c:/program files (x86)/gnu tools arm embedded/6 2017-q2-update/bin/../lib/gcc/arm-none-eabi/6.3.1/../../../../arm-none-eabi/lib/thumb/v7e-m/fpv4-sp/hard\libc_nano.a(lib_a-fflush.o)
                0x080028b0                __sflush_r
 .text._fflush_r
                0x080029c0       0x54 c:/program files (x86)/gnu tools arm embedded/6 2017-q2-update/bin/../lib/gcc/arm-none-eabi/6.3.1/../../../../arm-none-eabi/lib/thumb/v7e-m/fpv4-sp/hard\libc_nano.a(lib_a-fflush.o)
                0x080029c0                _fflush_r
 .text.fflush   0x08002a14       0x24 c:/program files (x86)/gnu tools arm embedded/6 2017-q2-update/bin/../lib/gcc/arm-none-eabi/6.3.1/../../../../arm-none-eabi/lib/thumb/v7e-m/fpv4-sp/hard\libc_nano.a(lib_a-fflush.o)
                0x08002a14                fflush
 .text._cleanup_r
                0x08002a38        0xc c:/program files (x86)/gnu tools arm embedded/6 2017-q2-update/bin/../lib/gcc/arm-none-eabi/6.3.1/../../../../arm-none-eabi/lib/thumb/v7e-m/fpv4-sp/hard\libc_nano.a(lib_a-findfp.o)
                0x08002a38                _cleanup_r
 .text.std.isra.0
                0x08002a44       0x48 c:/program files (x86)/gnu tools arm embedded/6 2017-q2-update/bin/../lib/gcc/arm-none-eabi/6.3.1/../../../../arm-none-eabi/lib/thumb/v7e-m/fpv4-sp/hard\libc_nano.a(lib_a-findfp.o)
 .text.__sfmoreglue
                0x08002a8c       0x2c c:/program files (x86)/gnu tools arm embedded/6 2017-q2-update/bin/../lib/gcc/arm-none-eabi/6.3.1/../../../../arm-none-eabi/lib/thumb/v7e-m/fpv4-sp/hard\libc_nano.a(lib_a-findfp.o)
                0x08002a8c                __sfmoreglue
 .text.__sinit  0x08002ab8       0x60 c:/program files (x86)/gnu tools arm embedded/6 2017-q2-update/bin/../lib/gcc/arm-none-eabi/6.3.1/../../../../arm-none-eabi/lib/thumb/v7e-m/fpv4-sp/hard\libc_nano.a(lib_a-findfp.o)
                0x08002ab8                __sinit
 .text.__sfp    0x08002b18       0x78 c:/program files (x86)/gnu tools arm embedded/6 2017-q2-update/bin/../lib/gcc/arm-none-eabi/6.3.1/../../../../arm-none-eabi/lib/thumb/v7e-m/fpv4-sp/hard\libc_nano.a(lib_a-findfp.o)
                0x08002b18                __sfp
 .text._fwalk_reent
                0x08002b90       0x3c c:/program files (x86)/gnu tools arm embedded/6 2017-q2-update/bin/../lib/gcc/arm-none-eabi/6.3.1/../../../../arm-none-eabi/lib/thumb/v7e-m/fpv4-sp/hard\libc_nano.a(lib_a-fwalk.o)
                0x08002b90                _fwalk_reent
 .text.__libc_init_array
                0x08002bcc       0x48 c:/program files (x86)/gnu tools arm embedded/6 2017-q2-update/bin/../lib/gcc/arm-none-eabi/6.3.1/../../../../arm-none-eabi/lib/thumb/v7e-m/fpv4-sp/hard\libc_nano.a(lib_a-init.o)
                0x08002bcc                __libc_init_array
 .text.memcpy   0x08002c14       0x16 c:/program files (x86)/gnu tools arm embedded/6 2017-q2-update/bin/../lib/gcc/arm-none-eabi/6.3.1/../../../../arm-none-eabi/lib/thumb/v7e-m/fpv4-sp/hard\libc_nano.a(lib_a-memcpy-stub.o)
                0x08002c14                memcpy
 .text.memset   0x08002c2a       0x10 c:/program files (x86)/gnu tools arm embedded/6 2017-q2-update/bin/../lib/gcc/arm-none-eabi/6.3.1/../../../../arm-none-eabi/lib/thumb/v7e-m/fpv4-sp/hard\libc_nano.a(lib_a-memset.o)
                0x08002c2a                memset
 *fill*         0x08002c3a        0x2 
 .text._free_r  0x08002c3c       0x9c c:/program files (x86)/gnu tools arm embedded/6 2017-q2-update/bin/../lib/gcc/arm-none-eabi/6.3.1/../../../../arm-none-eabi/lib/thumb/v7e-m/fpv4-sp/hard\libc_nano.a(lib_a-nano-freer.o)
                0x08002c3c                _free_r
 .text._malloc_r
                0x08002cd8       0xbc c:/program files (x86)/gnu tools arm embedded/6 2017-q2-update/bin/../lib/gcc/arm-none-eabi/6.3.1/../../../../arm-none-eabi/lib/thumb/v7e-m/fpv4-sp/hard\libc_nano.a(lib_a-nano-mallocr.o)
                0x08002cd8                _malloc_r
 .text.printf   0x08002d94       0x30 c:/program files (x86)/gnu tools arm embedded/6 2017-q2-update/bin/../lib/gcc/arm-none-eabi/6.3.1/../../../../arm-none-eabi/lib/thumb/v7e-m/fpv4-sp/hard\libc_nano.a(lib_a-printf.o)
                0x08002d94                iprintf
                0x08002d94                printf
 .text.putchar  0x08002dc4       0x28 c:/program files (x86)/gnu tools arm embedded/6 2017-q2-update/bin/../lib/gcc/arm-none-eabi/6.3.1/../../../../arm-none-eabi/lib/thumb/v7e-m/fpv4-sp/hard\libc_nano.a(lib_a-putchar.o)
                0x08002dc4                putchar
 .text._puts_r  0x08002dec       0xb8 c:/program files (x86)/gnu tools arm embedded/6 2017-q2-update/bin/../lib/gcc/arm-none-eabi/6.3.1/../../../../arm-none-eabi/lib/thumb/v7e-m/fpv4-sp/hard\libc_nano.a(lib_a-puts.o)
                0x08002dec                _puts_r
 .text.puts     0x08002ea4       0x10 c:/program files (x86)/gnu tools arm embedded/6 2017-q2-update/bin/../lib/gcc/arm-none-eabi/6.3.1/../../../../arm-none-eabi/lib/thumb/v7e-m/fpv4-sp/hard\libc_nano.a(lib_a-puts.o)
                0x08002ea4                puts
 .text._sbrk_r  0x08002eb4       0x20 c:/program files (x86)/gnu tools arm embedded/6 2017-q2-update/bin/../lib/gcc/arm-none-eabi/6.3.1/../../../../arm-none-eabi/lib/thumb/v7e-m/fpv4-sp/hard\libc_nano.a(lib_a-sbrkr.o)
                0x08002eb4                _sbrk_r
 .text.setvbuf  0x08002ed4      0x15c c:/program files (x86)/gnu tools arm embedded/6 2017-q2-update/bin/../lib/gcc/arm-none-eabi/6.3.1/../../../../arm-none-eabi/lib/thumb/v7e-m/fpv4-sp/hard\libc_nano.a(lib_a-setvbuf.o)
                0x08002ed4                setvbuf
 .text.sprintf  0x08003030       0x48 c:/program files (x86)/gnu tools arm embedded/6 2017-q2-update/bin/../lib/gcc/arm-none-eabi/6.3.1/../../../../arm-none-eabi/lib/thumb/v7e-m/fpv4-sp/hard\libc_nano.a(lib_a-sprintf.o)
                0x08003030                siprintf
                0x08003030                sprintf
 .text.__sread  0x08003078       0x22 c:/program files (x86)/gnu tools arm embedded/6 2017-q2-update/bin/../lib/gcc/arm-none-eabi/6.3.1/../../../../arm-none-eabi/lib/thumb/v7e-m/fpv4-sp/hard\libc_nano.a(lib_a-stdio.o)
                0x08003078                __sread
 .text.__swrite
                0x0800309a       0x38 c:/program files (x86)/gnu tools arm embedded/6 2017-q2-update/bin/../lib/gcc/arm-none-eabi/6.3.1/../../../../arm-none-eabi/lib/thumb/v7e-m/fpv4-sp/hard\libc_nano.a(lib_a-stdio.o)
                0x0800309a                __swrite
 .text.__sseek  0x080030d2       0x24 c:/program files (x86)/gnu tools arm embedded/6 2017-q2-update/bin/../lib/gcc/arm-none-eabi/6.3.1/../../../../arm-none-eabi/lib/thumb/v7e-m/fpv4-sp/hard\libc_nano.a(lib_a-stdio.o)
                0x080030d2                __sseek
 .text.__sclose
                0x080030f6        0x8 c:/program files (x86)/gnu tools arm embedded/6 2017-q2-update/bin/../lib/gcc/arm-none-eabi/6.3.1/../../../../arm-none-eabi/lib/thumb/v7e-m/fpv4-sp/hard\libc_nano.a(lib_a-stdio.o)
                0x080030f6                __sclose
 *fill*         0x080030fe        0x2 
 .text.__swbuf_r
                0x08003100       0xa4 c:/program files (x86)/gnu tools arm embedded/6 2017-q2-update/bin/../lib/gcc/arm-none-eabi/6.3.1/../../../../arm-none-eabi/lib/thumb/v7e-m/fpv4-sp/hard\libc_nano.a(lib_a-wbuf.o)
                0x08003100                __swbuf_r
 .text._write_r
                0x080031a4       0x24 c:/program files (x86)/gnu tools arm embedded/6 2017-q2-update/bin/../lib/gcc/arm-none-eabi/6.3.1/../../../../arm-none-eabi/lib/thumb/v7e-m/fpv4-sp/hard\libc_nano.a(lib_a-writer.o)
                0x080031a4                _write_r
 .text.__swsetup_r
                0x080031c8       0xdc c:/program files (x86)/gnu tools arm embedded/6 2017-q2-update/bin/../lib/gcc/arm-none-eabi/6.3.1/../../../../arm-none-eabi/lib/thumb/v7e-m/fpv4-sp/hard\libc_nano.a(lib_a-wsetup.o)
                0x080031c8                __swsetup_r
 .text._close_r
                0x080032a4       0x20 c:/program files (x86)/gnu tools arm embedded/6 2017-q2-update/bin/../lib/gcc/arm-none-eabi/6.3.1/../../../../arm-none-eabi/lib/thumb/v7e-m/fpv4-sp/hard\libc_nano.a(lib_a-closer.o)
                0x080032a4                _close_r
 .text._lseek_r
                0x080032c4       0x24 c:/program files (x86)/gnu tools arm embedded/6 2017-q2-update/bin/../lib/gcc/arm-none-eabi/6.3.1/../../../../arm-none-eabi/lib/thumb/v7e-m/fpv4-sp/hard\libc_nano.a(lib_a-lseekr.o)
                0x080032c4                _lseek_r
 .text.__swhatbuf_r
                0x080032e8       0x48 c:/program files (x86)/gnu tools arm embedded/6 2017-q2-update/bin/../lib/gcc/arm-none-eabi/6.3.1/../../../../arm-none-eabi/lib/thumb/v7e-m/fpv4-sp/hard\libc_nano.a(lib_a-makebuf.o)
                0x080032e8                __swhatbuf_r
 .text.__smakebuf_r
                0x08003330       0x80 c:/program files (x86)/gnu tools arm embedded/6 2017-q2-update/bin/../lib/gcc/arm-none-eabi/6.3.1/../../../../arm-none-eabi/lib/thumb/v7e-m/fpv4-sp/hard\libc_nano.a(lib_a-makebuf.o)
                0x08003330                __smakebuf_r
 .text.malloc   0x080033b0       0x10 c:/program files (x86)/gnu tools arm embedded/6 2017-q2-update/bin/../lib/gcc/arm-none-eabi/6.3.1/../../../../arm-none-eabi/lib/thumb/v7e-m/fpv4-sp/hard\libc_nano.a(lib_a-malloc.o)
                0x080033b0                malloc
 .text.__malloc_lock
                0x080033c0        0x2 c:/program files (x86)/gnu tools arm embedded/6 2017-q2-update/bin/../lib/gcc/arm-none-eabi/6.3.1/../../../../arm-none-eabi/lib/thumb/v7e-m/fpv4-sp/hard\libc_nano.a(lib_a-mlock.o)
                0x080033c0                __malloc_lock
 .text.__malloc_unlock
                0x080033c2        0x2 c:/program files (x86)/gnu tools arm embedded/6 2017-q2-update/bin/../lib/gcc/arm-none-eabi/6.3.1/../../../../arm-none-eabi/lib/thumb/v7e-m/fpv4-sp/hard\libc_nano.a(lib_a-mlock.o)
                0x080033c2                __malloc_unlock
 .text.__ssputs_r
                0x080033c4       0xb6 c:/program files (x86)/gnu tools arm embedded/6 2017-q2-update/bin/../lib/gcc/arm-none-eabi/6.3.1/../../../../arm-none-eabi/lib/thumb/v7e-m/fpv4-sp/hard\libc_nano.a(lib_a-nano-svfprintf.o)
                0x080033c4                __ssputs_r
 *fill*         0x0800347a        0x2 
 .text._svfprintf_r
                0x0800347c      0x1e8 c:/program files (x86)/gnu tools arm embedded/6 2017-q2-update/bin/../lib/gcc/arm-none-eabi/6.3.1/../../../../arm-none-eabi/lib/thumb/v7e-m/fpv4-sp/hard\libc_nano.a(lib_a-nano-svfprintf.o)
                0x0800347c                _svfiprintf_r
                0x0800347c                _svfprintf_r
 .text.__sfputc_r
                0x08003664       0x30 c:/program files (x86)/gnu tools arm embedded/6 2017-q2-update/bin/../lib/gcc/arm-none-eabi/6.3.1/../../../../arm-none-eabi/lib/thumb/v7e-m/fpv4-sp/hard\libc_nano.a(lib_a-nano-vfprintf.o)
 .text.__sfputs_r
                0x08003694       0x24 c:/program files (x86)/gnu tools arm embedded/6 2017-q2-update/bin/../lib/gcc/arm-none-eabi/6.3.1/../../../../arm-none-eabi/lib/thumb/v7e-m/fpv4-sp/hard\libc_nano.a(lib_a-nano-vfprintf.o)
                0x08003694                __sfputs_r
 .text._vfprintf_r
                0x080036b8      0x22c c:/program files (x86)/gnu tools arm embedded/6 2017-q2-update/bin/../lib/gcc/arm-none-eabi/6.3.1/../../../../arm-none-eabi/lib/thumb/v7e-m/fpv4-sp/hard\libc_nano.a(lib_a-nano-vfprintf.o)
                0x080036b8                _vfprintf_r
                0x080036b8                _vfiprintf_r
 .text._printf_common
                0x080038e4       0xec c:/program files (x86)/gnu tools arm embedded/6 2017-q2-update/bin/../lib/gcc/arm-none-eabi/6.3.1/../../../../arm-none-eabi/lib/thumb/v7e-m/fpv4-sp/hard\libc_nano.a(lib_a-nano-vfprintf_i.o)
                0x080038e4                _printf_common
 .text._printf_i
                0x080039d0      0x240 c:/program files (x86)/gnu tools arm embedded/6 2017-q2-update/bin/../lib/gcc/arm-none-eabi/6.3.1/../../../../arm-none-eabi/lib/thumb/v7e-m/fpv4-sp/hard\libc_nano.a(lib_a-nano-vfprintf_i.o)
                0x080039d0                _printf_i
 .text._putc_r  0x08003c10       0x6c c:/program files (x86)/gnu tools arm embedded/6 2017-q2-update/bin/../lib/gcc/arm-none-eabi/6.3.1/../../../../arm-none-eabi/lib/thumb/v7e-m/fpv4-sp/hard\libc_nano.a(lib_a-putc.o)
                0x08003c10                _putc_r
 .text._read_r  0x08003c7c       0x24 c:/program files (x86)/gnu tools arm embedded/6 2017-q2-update/bin/../lib/gcc/arm-none-eabi/6.3.1/../../../../arm-none-eabi/lib/thumb/v7e-m/fpv4-sp/hard\libc_nano.a(lib_a-readr.o)
                0x08003c7c                _read_r
 .text._fstat_r
                0x08003ca0       0x24 c:/program files (x86)/gnu tools arm embedded/6 2017-q2-update/bin/../lib/gcc/arm-none-eabi/6.3.1/../../../../arm-none-eabi/lib/thumb/v7e-m/fpv4-sp/hard\libc_nano.a(lib_a-fstatr.o)
                0x08003ca0                _fstat_r
 .text._isatty_r
                0x08003cc4       0x20 c:/program files (x86)/gnu tools arm embedded/6 2017-q2-update/bin/../lib/gcc/arm-none-eabi/6.3.1/../../../../arm-none-eabi/lib/thumb/v7e-m/fpv4-sp/hard\libc_nano.a(lib_a-isattyr.o)
                0x08003cc4                _isatty_r
 .text.memmove  0x08003ce4       0x34 c:/program files (x86)/gnu tools arm embedded/6 2017-q2-update/bin/../lib/gcc/arm-none-eabi/6.3.1/../../../../arm-none-eabi/lib/thumb/v7e-m/fpv4-sp/hard\libc_nano.a(lib_a-memmove.o)
                0x08003ce4                memmove
 .text._realloc_r
                0x08003d18       0x4c c:/program files (x86)/gnu tools arm embedded/6 2017-q2-update/bin/../lib/gcc/arm-none-eabi/6.3.1/../../../../arm-none-eabi/lib/thumb/v7e-m/fpv4-sp/hard\libc_nano.a(lib_a-nano-reallocr.o)
                0x08003d18                _realloc_r
 .text._malloc_usable_size_r
                0x08003d64       0x12 c:/program files (x86)/gnu tools arm embedded/6 2017-q2-update/bin/../lib/gcc/arm-none-eabi/6.3.1/../../../../arm-none-eabi/lib/thumb/v7e-m/fpv4-sp/hard\libc_nano.a(lib_a-nano-msizer.o)
                0x08003d64                _malloc_usable_size_r
 *fill*         0x08003d76        0x2 
 .text._sbrk    0x08003d78       0x1c c:/program files (x86)/gnu tools arm embedded/6 2017-q2-update/bin/../lib/gcc/arm-none-eabi/6.3.1/../../../../arm-none-eabi/lib/thumb/v7e-m/fpv4-sp/hard\libnosys.a(sbrk.o)
                0x08003d78                _sbrk
 *(.glue_7)
 .glue_7        0x08003d94        0x0 linker stubs
 *(.glue_7t)
 .glue_7t       0x08003d94        0x0 linker stubs
 *(.eh_frame)
 .eh_frame      0x08003d94        0x0 c:/program files (x86)/gnu tools arm embedded/6 2017-q2-update/bin/../lib/gcc/arm-none-eabi/6.3.1/thumb/v7e-m/fpv4-sp/hard/crtbegin.o
 *(.init)
 .init          0x08003d94        0x4 c:/program files (x86)/gnu tools arm embedded/6 2017-q2-update/bin/../lib/gcc/arm-none-eabi/6.3.1/thumb/v7e-m/fpv4-sp/hard/crti.o
                0x08003d94                _init
 .init          0x08003d98        0x8 c:/program files (x86)/gnu tools arm embedded/6 2017-q2-update/bin/../lib/gcc/arm-none-eabi/6.3.1/thumb/v7e-m/fpv4-sp/hard/crtn.o
 *(.fini)
 .fini          0x08003da0        0x4 c:/program files (x86)/gnu tools arm embedded/6 2017-q2-update/bin/../lib/gcc/arm-none-eabi/6.3.1/thumb/v7e-m/fpv4-sp/hard/crti.o
                0x08003da0                _fini
 .fini          0x08003da4        0x8 c:/program files (x86)/gnu tools arm embedded/6 2017-q2-update/bin/../lib/gcc/arm-none-eabi/6.3.1/thumb/v7e-m/fpv4-sp/hard/crtn.o
                0x08003dac                . = ALIGN (0x4)
                0x08003dac                _etext = .

.vfp11_veneer   0x08003dac        0x0
 .vfp11_veneer  0x08003dac        0x0 linker stubs

.v4_bx          0x08003dac        0x0
 .v4_bx         0x08003dac        0x0 linker stubs

.iplt           0x08003dac        0x0
 .iplt          0x08003dac        0x0 c:/program files (x86)/gnu tools arm embedded/6 2017-q2-update/bin/../lib/gcc/arm-none-eabi/6.3.1/thumb/v7e-m/fpv4-sp/hard/crtbegin.o

.rodata         0x08003dac      0xa30
                0x08003dac                . = ALIGN (0x4)
 *(.rodata)
 *(.rodata*)
 .rodata.main.str1.4
                0x08003dac      0x1d7 build/main.o
 *fill*         0x08003f83        0x1 
 .rodata.str1.4
                0x08003f84       0x82 build/main.o
 *fill*         0x08004006        0x2 
 .rodata.wifi_get_AP_settings.str1.4
                0x08004008      0x2aa build/main.o
 *fill*         0x080042b2        0x2 
 .rodata.AHBPrescTable
                0x080042b4       0x10 build/system_stm32f4xx.o
                0x080042b4                AHBPrescTable
 .rodata.APBPrescTable
                0x080042c4        0x8 build/system_stm32f4xx.o
                0x080042c4                APBPrescTable
 .rodata.wifi_adhoc_create.str1.4
                0x080042cc       0x54 build/wifi_interface.o
                                 0x60 (size before relaxing)
 .rodata.wifi_ap_start.str1.4
                0x08004320       0x2c build/wifi_interface.o
 .rodata.wifi_get_IP_address.str1.4
                0x0800434c        0xd build/wifi_interface.o
 *fill*         0x08004359        0x3 
 .rodata.wifi_init.str1.4
                0x0800435c      0x247 build/wifi_interface.o
 *fill*         0x080045a3        0x1 
 .rodata.wifi_set_socket_certificates.str1.4
                0x080045a4       0x99 build/wifi_interface.o
 *fill*         0x0800463d        0x3 
 .rodata.wifi_standby.str1.4
                0x08004640       0x3c build/wifi_interface.o
 .rodata.Read_WiFi_Mode.str1.4
                0x0800467c       0x1d build/wifi_module.o
                                 0x29 (size before relaxing)
 *fill*         0x08004699        0x3 
 .rodata.Restore_Default_Setting.str1.4
                0x0800469c        0x6 build/wifi_module.o
 *fill*         0x080046a2        0x2 
 .rodata.SET_Configuration_Addr.str1.4
                0x080046a4       0x11 build/wifi_module.o
 *fill*         0x080046b5        0x3 
 .rodata.SET_Configuration_Value.str1.4
                0x080046b8       0x11 build/wifi_module.o
 *fill*         0x080046c9        0x3 
 .rodata.SET_SSID.str1.4
                0x080046cc       0x11 build/wifi_module.o
 *fill*         0x080046dd        0x3 
 .rodata.SET_WiFi_SecKey.str1.4
                0x080046e0       0x20 build/wifi_module.o
 .rodata.Save_Current_Setting.str1.4
                0x08004700        0x6 build/wifi_module.o
 .rodata.USART_Transmit_AT_Cmd.str1.4
                0x08004700       0x20 build/wifi_module.o
 .rodata.wifi_reset.str1.4
                0x08004720       0x24 build/wifi_module.o
                                 0x22 (size before relaxing)
 .rodata.SET_Power_State.str1.4
                0x08004744        0xc build/wifi_module_uart_01.o
 .rodata.__sf_fake_stderr
                0x08004744       0x20 c:/program files (x86)/gnu tools arm embedded/6 2017-q2-update/bin/../lib/gcc/arm-none-eabi/6.3.1/../../../../arm-none-eabi/lib/thumb/v7e-m/fpv4-sp/hard\libc_nano.a(lib_a-findfp.o)
                0x08004744                __sf_fake_stderr
 .rodata.__sf_fake_stdin
                0x08004764       0x20 c:/program files (x86)/gnu tools arm embedded/6 2017-q2-update/bin/../lib/gcc/arm-none-eabi/6.3.1/../../../../arm-none-eabi/lib/thumb/v7e-m/fpv4-sp/hard\libc_nano.a(lib_a-findfp.o)
                0x08004764                __sf_fake_stdin
 .rodata.__sf_fake_stdout
                0x08004784       0x20 c:/program files (x86)/gnu tools arm embedded/6 2017-q2-update/bin/../lib/gcc/arm-none-eabi/6.3.1/../../../../arm-none-eabi/lib/thumb/v7e-m/fpv4-sp/hard\libc_nano.a(lib_a-findfp.o)
                0x08004784                __sf_fake_stdout
 .rodata._global_impure_ptr
                0x080047a4        0x4 c:/program files (x86)/gnu tools arm embedded/6 2017-q2-update/bin/../lib/gcc/arm-none-eabi/6.3.1/../../../../arm-none-eabi/lib/thumb/v7e-m/fpv4-sp/hard\libc_nano.a(lib_a-impure.o)
                0x080047a4                _global_impure_ptr
 .rodata._svfprintf_r.str1.1
                0x080047a8       0x11 c:/program files (x86)/gnu tools arm embedded/6 2017-q2-update/bin/../lib/gcc/arm-none-eabi/6.3.1/../../../../arm-none-eabi/lib/thumb/v7e-m/fpv4-sp/hard\libc_nano.a(lib_a-nano-svfprintf.o)
 .rodata._vfprintf_r.str1.1
                0x080047b9       0x11 c:/program files (x86)/gnu tools arm embedded/6 2017-q2-update/bin/../lib/gcc/arm-none-eabi/6.3.1/../../../../arm-none-eabi/lib/thumb/v7e-m/fpv4-sp/hard\libc_nano.a(lib_a-nano-vfprintf.o)
 .rodata._printf_i.str1.1
                0x080047b9       0x22 c:/program files (x86)/gnu tools arm embedded/6 2017-q2-update/bin/../lib/gcc/arm-none-eabi/6.3.1/../../../../arm-none-eabi/lib/thumb/v7e-m/fpv4-sp/hard\libc_nano.a(lib_a-nano-vfprintf_i.o)
                0x080047dc                . = ALIGN (0x4)
 *fill*         0x080047db        0x1 

.ARM.extab
 *(.ARM.extab* .gnu.linkonce.armextab.*)

.ARM            0x080047dc        0x8
                0x080047dc                __exidx_start = .
 *(.ARM.exidx*)
 .ARM.exidx     0x080047dc        0x8 c:/program files (x86)/gnu tools arm embedded/6 2017-q2-update/bin/../lib/gcc/arm-none-eabi/6.3.1/thumb/v7e-m/fpv4-sp/hard\libgcc.a(_udivmoddi4.o)
                0x080047e4                __exidx_end = .

.rel.dyn        0x080047e4        0x0
 .rel.iplt      0x080047e4        0x0 c:/program files (x86)/gnu tools arm embedded/6 2017-q2-update/bin/../lib/gcc/arm-none-eabi/6.3.1/thumb/v7e-m/fpv4-sp/hard/crtbegin.o

.preinit_array  0x080047e4        0x0
                0x080047e4                PROVIDE (__preinit_array_start, .)
 *(.preinit_array*)
                0x080047e4                PROVIDE (__preinit_array_end, .)

.init_array     0x080047e4        0x4
                0x080047e4                PROVIDE (__init_array_start, .)
 *(SORT(.init_array.*))
 *(.init_array*)
 .init_array    0x080047e4        0x4 c:/program files (x86)/gnu tools arm embedded/6 2017-q2-update/bin/../lib/gcc/arm-none-eabi/6.3.1/thumb/v7e-m/fpv4-sp/hard/crtbegin.o
                0x080047e8                PROVIDE (__init_array_end, .)

.fini_array     0x080047e8        0x4
                [!provide]                PROVIDE (__fini_array_start, .)
 *(SORT(.fini_array.*))
 *(.fini_array*)
 .fini_array    0x080047e8        0x4 c:/program files (x86)/gnu tools arm embedded/6 2017-q2-update/bin/../lib/gcc/arm-none-eabi/6.3.1/thumb/v7e-m/fpv4-sp/hard/crtbegin.o
                [!provide]                PROVIDE (__fini_array_end, .)
                0x080047ec                _sidata = LOADADDR (.data)

.data           0x20000000       0x90 load address 0x080047ec
                0x20000000                . = ALIGN (0x4)
                0x20000000                _sdata = .
 *(.data)
 *(.data*)
 .data.baud_rate
                0x20000000        0x4 build/main.o
                0x20000000                baud_rate
 .data.gcfg_key2
                0x20000004        0x4 build/main.o
                0x20000004                gcfg_key2
 .data.hostname
                0x20000008        0x4 build/main.o
                0x20000008                hostname
 .data.mode     0x2000000c        0x1 build/main.o
                0x2000000c                mode
 *fill*         0x2000000d        0x3 
 .data.post_hostname
                0x20000010        0x4 build/main.o
                0x20000010                post_hostname
 .data.seckey   0x20000014        0x4 build/main.o
                0x20000014                seckey
 .data.ssid     0x20000018        0x4 build/main.o
                0x20000018                ssid
 .data.SystemCoreClock
                0x2000001c        0x4 build/system_stm32f4xx.o
                0x2000001c                SystemCoreClock
 .data.uwTickFreq
                0x20000020        0x1 build/stm32f4xx_hal.o
                0x20000020                uwTickFreq
 *fill*         0x20000021        0x3 
 .data.uwTickPrio
                0x20000024        0x4 build/stm32f4xx_hal.o
                0x20000024                uwTickPrio
 .data.GPIO_PORT
                0x20000028        0x4 build/stm32f4xx_nucleo.o
                0x20000028                GPIO_PORT
 .data._impure_ptr
                0x2000002c        0x4 c:/program files (x86)/gnu tools arm embedded/6 2017-q2-update/bin/../lib/gcc/arm-none-eabi/6.3.1/../../../../arm-none-eabi/lib/thumb/v7e-m/fpv4-sp/hard\libc_nano.a(lib_a-impure.o)
                0x2000002c                _impure_ptr
 .data.impure_data
                0x20000030       0x60 c:/program files (x86)/gnu tools arm embedded/6 2017-q2-update/bin/../lib/gcc/arm-none-eabi/6.3.1/../../../../arm-none-eabi/lib/thumb/v7e-m/fpv4-sp/hard\libc_nano.a(lib_a-impure.o)
                0x20000090                . = ALIGN (0x4)
                0x20000090                _edata = .

.jcr            0x20000090        0x0 load address 0x0800487c
 .jcr           0x20000090        0x0 c:/program files (x86)/gnu tools arm embedded/6 2017-q2-update/bin/../lib/gcc/arm-none-eabi/6.3.1/thumb/v7e-m/fpv4-sp/hard/crtbegin.o

.igot.plt       0x20000090        0x0 load address 0x0800487c
 .igot.plt      0x20000090        0x0 c:/program files (x86)/gnu tools arm embedded/6 2017-q2-update/bin/../lib/gcc/arm-none-eabi/6.3.1/thumb/v7e-m/fpv4-sp/hard/crtbegin.o
                0x20000090                . = ALIGN (0x4)

.bss            0x20000090     0x2258 load address 0x0800487c
                0x20000090                _sbss = .
                0x20000090                __bss_start__ = _sbss
 *(.bss)
 .bss           0x20000090       0x1c c:/program files (x86)/gnu tools arm embedded/6 2017-q2-update/bin/../lib/gcc/arm-none-eabi/6.3.1/thumb/v7e-m/fpv4-sp/hard/crtbegin.o
 *(.bss*)
 .bss.http_post_request
                0x200000ac        0x1 build/main.o
                0x200000ac                http_post_request
 *fill*         0x200000ad        0x3 
 .bss.event_buffer
                0x200000b0      0x190 build/event_buffer.o
 .bss.ring_buffer
                0x20000240      0x400 build/ring_buffer.o
 .bss.wifi_connected
                0x20000640        0x1 build/wifi_globals.o
                0x20000640                wifi_connected
 *fill*         0x20000641        0x3 
 .bss.__malloc_free_list
                0x20000644        0x4 c:/program files (x86)/gnu tools arm embedded/6 2017-q2-update/bin/../lib/gcc/arm-none-eabi/6.3.1/../../../../arm-none-eabi/lib/thumb/v7e-m/fpv4-sp/hard\libc_nano.a(lib_a-nano-mallocr.o)
                0x20000644                __malloc_free_list
 .bss.__malloc_sbrk_start
                0x20000648        0x4 c:/program files (x86)/gnu tools arm embedded/6 2017-q2-update/bin/../lib/gcc/arm-none-eabi/6.3.1/../../../../arm-none-eabi/lib/thumb/v7e-m/fpv4-sp/hard\libc_nano.a(lib_a-nano-mallocr.o)
                0x20000648                __malloc_sbrk_start
 .bss.heap_end.5239
                0x2000064c        0x4 c:/program files (x86)/gnu tools arm embedded/6 2017-q2-update/bin/../lib/gcc/arm-none-eabi/6.3.1/../../../../arm-none-eabi/lib/thumb/v7e-m/fpv4-sp/hard\libnosys.a(sbrk.o)
 *(COMMON)
 COMMON         0x20000650      0x520 build/main.o
                0x20000650                console_host
                0x20000664                wifi_ip_addr
                0x20000678                cin
                0x20000679                wifi_state
                0x2000067a                http_char
                0x2000067c                console_ssid
                0x200006a4                user_buffer
                0x20000aa4                huart2
                0x20000ae4                console_psk
                0x20000af8                UART_MsgHandle
                0x20000b38                config
 COMMON         0x20000b70        0x4 build/retarget.o
                0x20000b70                gHuart
 COMMON         0x20000b74        0x4 build/stm32f4xx_hal.o
                0x20000b74                uwTick
 COMMON         0x20000b78       0x44 build/wifi_module.o
                0x20000b78                wifi_instances
 COMMON         0x20000bbc     0x1728 build/wifi_globals.o
                0x20000bbc                client_connected_on_server_socket
                0x20000bcc                IO_status_flag
                0x20000be4                UartMsgHandle
                0x20000be8                wifi_scanned_list
                0x20000bec                UserDataBuff
                0x20000dec                UartWiFiHandle
                0x20000e2c                packet_payload_data_available
                0x20000e30                WiFi_Control_Variables
                0x20000e3c                WiFi_Counter_Variables
                0x20000f38                WiFi_SPI_Packet
                0x20000fb8                open_sockets
                0x20000fc0                PushTimHandle
                0x20001000                open_web_socket
                0x20001004                SpiHandle
                0x2000105c                dma_buffer
                0x2000185c                element
                0x20001864                Client_Socket_Close_Callback
                0x2000186c                WiFi_Config_Variables
                0x200018a0                WiFi_AT_Cmd_Buff
                0x200020a0                pop_buffer
                0x200022a0                open_server_sockets
                0x200022a4                TimHandle
 COMMON         0x200022e4        0x4 c:/program files (x86)/gnu tools arm embedded/6 2017-q2-update/bin/../lib/gcc/arm-none-eabi/6.3.1/../../../../arm-none-eabi/lib/thumb/v7e-m/fpv4-sp/hard\libc_nano.a(lib_a-reent.o)
                0x200022e4                errno
                0x200022e8                . = ALIGN (0x4)
                0x200022e8                _ebss = .
                0x200022e8                __bss_end__ = _ebss

._user_heap_stack
                0x200022e8      0x600 load address 0x0800487c
                0x200022e8                . = ALIGN (0x8)
                0x200022e8                PROVIDE (end, .)
                [!provide]                PROVIDE (_end, .)
                0x200024e8                . = (. + _Min_Heap_Size)
 *fill*         0x200022e8      0x200 
                0x200028e8                . = (. + _Min_Stack_Size)
 *fill*         0x200024e8      0x400 
                0x200028e8                . = ALIGN (0x8)

/DISCARD/
 libc.a(*)
 libm.a(*)
 libgcc.a(*)

.ARM.attributes
                0x00000000       0x30
 *(.ARM.attributes)
 .ARM.attributes
                0x00000000       0x22 c:/program files (x86)/gnu tools arm embedded/6 2017-q2-update/bin/../lib/gcc/arm-none-eabi/6.3.1/thumb/v7e-m/fpv4-sp/hard/crti.o
 .ARM.attributes
                0x00000022       0x34 c:/program files (x86)/gnu tools arm embedded/6 2017-q2-update/bin/../lib/gcc/arm-none-eabi/6.3.1/thumb/v7e-m/fpv4-sp/hard/crtbegin.o
 .ARM.attributes
                0x00000056       0x39 build/main.o
 .ARM.attributes
                0x0000008f       0x39 build/stm32f4xx_it.o
 .ARM.attributes
                0x000000c8       0x39 build/stm32f4xx_hal_msp.o
 .ARM.attributes
                0x00000101       0x39 build/system_stm32f4xx.o
 .ARM.attributes
                0x0000013a       0x39 build/retarget.o
 .ARM.attributes
                0x00000173       0x39 build/stm32f4xx_hal.o
 .ARM.attributes
                0x000001ac       0x39 build/stm32f4xx_hal_cortex.o
 .ARM.attributes
                0x000001e5       0x39 build/stm32f4xx_hal_gpio.o
 .ARM.attributes
                0x0000021e       0x39 build/stm32f4xx_hal_rcc.o
 .ARM.attributes
                0x00000257       0x39 build/stm32f4xx_hal_tim.o
 .ARM.attributes
                0x00000290       0x39 build/stm32f4xx_hal_uart.o
 .ARM.attributes
                0x000002c9       0x39 build/stm32_spwf_wifi.o
 .ARM.attributes
                0x00000302       0x39 build/wifi_interface.o
 .ARM.attributes
                0x0000033b       0x39 build/wifi_module.o
 .ARM.attributes
                0x00000374       0x39 build/wifi_module_uart_01.o
 .ARM.attributes
                0x000003ad       0x39 build/event_buffer.o
 .ARM.attributes
                0x000003e6       0x39 build/ring_buffer.o
 .ARM.attributes
                0x0000041f       0x39 build/wifi_globals.o
 .ARM.attributes
                0x00000458       0x39 build/stm32f4xx_nucleo.o
 .ARM.attributes
                0x00000491       0x21 build/startup_stm32f401xe.o
 .ARM.attributes
                0x000004b2       0x34 c:/program files (x86)/gnu tools arm embedded/6 2017-q2-update/bin/../lib/gcc/arm-none-eabi/6.3.1/../../../../arm-none-eabi/lib/thumb/v7e-m/fpv4-sp/hard\libc_nano.a(lib_a-errno.o)
 .ARM.attributes
                0x000004e6       0x34 c:/program files (x86)/gnu tools arm embedded/6 2017-q2-update/bin/../lib/gcc/arm-none-eabi/6.3.1/../../../../arm-none-eabi/lib/thumb/v7e-m/fpv4-sp/hard\libc_nano.a(lib_a-fflush.o)
 .ARM.attributes
                0x0000051a       0x34 c:/program files (x86)/gnu tools arm embedded/6 2017-q2-update/bin/../lib/gcc/arm-none-eabi/6.3.1/../../../../arm-none-eabi/lib/thumb/v7e-m/fpv4-sp/hard\libc_nano.a(lib_a-findfp.o)
 .ARM.attributes
                0x0000054e       0x34 c:/program files (x86)/gnu tools arm embedded/6 2017-q2-update/bin/../lib/gcc/arm-none-eabi/6.3.1/../../../../arm-none-eabi/lib/thumb/v7e-m/fpv4-sp/hard\libc_nano.a(lib_a-fwalk.o)
 .ARM.attributes
                0x00000582       0x34 c:/program files (x86)/gnu tools arm embedded/6 2017-q2-update/bin/../lib/gcc/arm-none-eabi/6.3.1/../../../../arm-none-eabi/lib/thumb/v7e-m/fpv4-sp/hard\libc_nano.a(lib_a-impure.o)
 .ARM.attributes
                0x000005b6       0x34 c:/program files (x86)/gnu tools arm embedded/6 2017-q2-update/bin/../lib/gcc/arm-none-eabi/6.3.1/../../../../arm-none-eabi/lib/thumb/v7e-m/fpv4-sp/hard\libc_nano.a(lib_a-init.o)
 .ARM.attributes
                0x000005ea       0x34 c:/program files (x86)/gnu tools arm embedded/6 2017-q2-update/bin/../lib/gcc/arm-none-eabi/6.3.1/../../../../arm-none-eabi/lib/thumb/v7e-m/fpv4-sp/hard\libc_nano.a(lib_a-memcpy-stub.o)
 .ARM.attributes
                0x0000061e       0x34 c:/program files (x86)/gnu tools arm embedded/6 2017-q2-update/bin/../lib/gcc/arm-none-eabi/6.3.1/../../../../arm-none-eabi/lib/thumb/v7e-m/fpv4-sp/hard\libc_nano.a(lib_a-memset.o)
 .ARM.attributes
                0x00000652       0x34 c:/program files (x86)/gnu tools arm embedded/6 2017-q2-update/bin/../lib/gcc/arm-none-eabi/6.3.1/../../../../arm-none-eabi/lib/thumb/v7e-m/fpv4-sp/hard\libc_nano.a(lib_a-nano-freer.o)
 .ARM.attributes
                0x00000686       0x34 c:/program files (x86)/gnu tools arm embedded/6 2017-q2-update/bin/../lib/gcc/arm-none-eabi/6.3.1/../../../../arm-none-eabi/lib/thumb/v7e-m/fpv4-sp/hard\libc_nano.a(lib_a-nano-mallocr.o)
 .ARM.attributes
                0x000006ba       0x34 c:/program files (x86)/gnu tools arm embedded/6 2017-q2-update/bin/../lib/gcc/arm-none-eabi/6.3.1/../../../../arm-none-eabi/lib/thumb/v7e-m/fpv4-sp/hard\libc_nano.a(lib_a-printf.o)
 .ARM.attributes
                0x000006ee       0x34 c:/program files (x86)/gnu tools arm embedded/6 2017-q2-update/bin/../lib/gcc/arm-none-eabi/6.3.1/../../../../arm-none-eabi/lib/thumb/v7e-m/fpv4-sp/hard\libc_nano.a(lib_a-putchar.o)
 .ARM.attributes
                0x00000722       0x34 c:/program files (x86)/gnu tools arm embedded/6 2017-q2-update/bin/../lib/gcc/arm-none-eabi/6.3.1/../../../../arm-none-eabi/lib/thumb/v7e-m/fpv4-sp/hard\libc_nano.a(lib_a-puts.o)
 .ARM.attributes
                0x00000756       0x34 c:/program files (x86)/gnu tools arm embedded/6 2017-q2-update/bin/../lib/gcc/arm-none-eabi/6.3.1/../../../../arm-none-eabi/lib/thumb/v7e-m/fpv4-sp/hard\libc_nano.a(lib_a-sbrkr.o)
 .ARM.attributes
                0x0000078a       0x34 c:/program files (x86)/gnu tools arm embedded/6 2017-q2-update/bin/../lib/gcc/arm-none-eabi/6.3.1/../../../../arm-none-eabi/lib/thumb/v7e-m/fpv4-sp/hard\libc_nano.a(lib_a-setvbuf.o)
 .ARM.attributes
                0x000007be       0x34 c:/program files (x86)/gnu tools arm embedded/6 2017-q2-update/bin/../lib/gcc/arm-none-eabi/6.3.1/../../../../arm-none-eabi/lib/thumb/v7e-m/fpv4-sp/hard\libc_nano.a(lib_a-sprintf.o)
 .ARM.attributes
                0x000007f2       0x34 c:/program files (x86)/gnu tools arm embedded/6 2017-q2-update/bin/../lib/gcc/arm-none-eabi/6.3.1/../../../../arm-none-eabi/lib/thumb/v7e-m/fpv4-sp/hard\libc_nano.a(lib_a-stdio.o)
 .ARM.attributes
                0x00000826       0x1b c:/program files (x86)/gnu tools arm embedded/6 2017-q2-update/bin/../lib/gcc/arm-none-eabi/6.3.1/../../../../arm-none-eabi/lib/thumb/v7e-m/fpv4-sp/hard\libc_nano.a(lib_a-strlen.o)
 .ARM.attributes
                0x00000841       0x34 c:/program files (x86)/gnu tools arm embedded/6 2017-q2-update/bin/../lib/gcc/arm-none-eabi/6.3.1/../../../../arm-none-eabi/lib/thumb/v7e-m/fpv4-sp/hard\libc_nano.a(lib_a-wbuf.o)
 .ARM.attributes
                0x00000875       0x34 c:/program files (x86)/gnu tools arm embedded/6 2017-q2-update/bin/../lib/gcc/arm-none-eabi/6.3.1/../../../../arm-none-eabi/lib/thumb/v7e-m/fpv4-sp/hard\libc_nano.a(lib_a-writer.o)
 .ARM.attributes
                0x000008a9       0x34 c:/program files (x86)/gnu tools arm embedded/6 2017-q2-update/bin/../lib/gcc/arm-none-eabi/6.3.1/../../../../arm-none-eabi/lib/thumb/v7e-m/fpv4-sp/hard\libc_nano.a(lib_a-wsetup.o)
 .ARM.attributes
                0x000008dd       0x34 c:/program files (x86)/gnu tools arm embedded/6 2017-q2-update/bin/../lib/gcc/arm-none-eabi/6.3.1/../../../../arm-none-eabi/lib/thumb/v7e-m/fpv4-sp/hard\libc_nano.a(lib_a-closer.o)
 .ARM.attributes
                0x00000911       0x34 c:/program files (x86)/gnu tools arm embedded/6 2017-q2-update/bin/../lib/gcc/arm-none-eabi/6.3.1/../../../../arm-none-eabi/lib/thumb/v7e-m/fpv4-sp/hard\libc_nano.a(lib_a-lseekr.o)
 .ARM.attributes
                0x00000945       0x34 c:/program files (x86)/gnu tools arm embedded/6 2017-q2-update/bin/../lib/gcc/arm-none-eabi/6.3.1/../../../../arm-none-eabi/lib/thumb/v7e-m/fpv4-sp/hard\libc_nano.a(lib_a-makebuf.o)
 .ARM.attributes
                0x00000979       0x34 c:/program files (x86)/gnu tools arm embedded/6 2017-q2-update/bin/../lib/gcc/arm-none-eabi/6.3.1/../../../../arm-none-eabi/lib/thumb/v7e-m/fpv4-sp/hard\libc_nano.a(lib_a-malloc.o)
 .ARM.attributes
                0x000009ad       0x34 c:/program files (x86)/gnu tools arm embedded/6 2017-q2-update/bin/../lib/gcc/arm-none-eabi/6.3.1/../../../../arm-none-eabi/lib/thumb/v7e-m/fpv4-sp/hard\libc_nano.a(lib_a-mlock.o)
 .ARM.attributes
                0x000009e1       0x34 c:/program files (x86)/gnu tools arm embedded/6 2017-q2-update/bin/../lib/gcc/arm-none-eabi/6.3.1/../../../../arm-none-eabi/lib/thumb/v7e-m/fpv4-sp/hard\libc_nano.a(lib_a-nano-svfprintf.o)
 .ARM.attributes
                0x00000a15       0x34 c:/program files (x86)/gnu tools arm embedded/6 2017-q2-update/bin/../lib/gcc/arm-none-eabi/6.3.1/../../../../arm-none-eabi/lib/thumb/v7e-m/fpv4-sp/hard\libc_nano.a(lib_a-nano-vfprintf.o)
 .ARM.attributes
                0x00000a49       0x34 c:/program files (x86)/gnu tools arm embedded/6 2017-q2-update/bin/../lib/gcc/arm-none-eabi/6.3.1/../../../../arm-none-eabi/lib/thumb/v7e-m/fpv4-sp/hard\libc_nano.a(lib_a-nano-vfprintf_i.o)
 .ARM.attributes
                0x00000a7d       0x34 c:/program files (x86)/gnu tools arm embedded/6 2017-q2-update/bin/../lib/gcc/arm-none-eabi/6.3.1/../../../../arm-none-eabi/lib/thumb/v7e-m/fpv4-sp/hard\libc_nano.a(lib_a-putc.o)
 .ARM.attributes
                0x00000ab1       0x34 c:/program files (x86)/gnu tools arm embedded/6 2017-q2-update/bin/../lib/gcc/arm-none-eabi/6.3.1/../../../../arm-none-eabi/lib/thumb/v7e-m/fpv4-sp/hard\libc_nano.a(lib_a-readr.o)
 .ARM.attributes
                0x00000ae5       0x34 c:/program files (x86)/gnu tools arm embedded/6 2017-q2-update/bin/../lib/gcc/arm-none-eabi/6.3.1/../../../../arm-none-eabi/lib/thumb/v7e-m/fpv4-sp/hard\libc_nano.a(lib_a-reent.o)
 .ARM.attributes
                0x00000b19       0x34 c:/program files (x86)/gnu tools arm embedded/6 2017-q2-update/bin/../lib/gcc/arm-none-eabi/6.3.1/../../../../arm-none-eabi/lib/thumb/v7e-m/fpv4-sp/hard\libc_nano.a(lib_a-fstatr.o)
 .ARM.attributes
                0x00000b4d       0x34 c:/program files (x86)/gnu tools arm embedded/6 2017-q2-update/bin/../lib/gcc/arm-none-eabi/6.3.1/../../../../arm-none-eabi/lib/thumb/v7e-m/fpv4-sp/hard\libc_nano.a(lib_a-isattyr.o)
 .ARM.attributes
                0x00000b81       0x20 c:/program files (x86)/gnu tools arm embedded/6 2017-q2-update/bin/../lib/gcc/arm-none-eabi/6.3.1/../../../../arm-none-eabi/lib/thumb/v7e-m/fpv4-sp/hard\libc_nano.a(lib_a-memchr.o)
 .ARM.attributes
                0x00000ba1       0x34 c:/program files (x86)/gnu tools arm embedded/6 2017-q2-update/bin/../lib/gcc/arm-none-eabi/6.3.1/../../../../arm-none-eabi/lib/thumb/v7e-m/fpv4-sp/hard\libc_nano.a(lib_a-memmove.o)
 .ARM.attributes
                0x00000bd5       0x34 c:/program files (x86)/gnu tools arm embedded/6 2017-q2-update/bin/../lib/gcc/arm-none-eabi/6.3.1/../../../../arm-none-eabi/lib/thumb/v7e-m/fpv4-sp/hard\libc_nano.a(lib_a-nano-reallocr.o)
 .ARM.attributes
                0x00000c09       0x34 c:/program files (x86)/gnu tools arm embedded/6 2017-q2-update/bin/../lib/gcc/arm-none-eabi/6.3.1/../../../../arm-none-eabi/lib/thumb/v7e-m/fpv4-sp/hard\libc_nano.a(lib_a-nano-msizer.o)
 .ARM.attributes
                0x00000c3d       0x34 c:/program files (x86)/gnu tools arm embedded/6 2017-q2-update/bin/../lib/gcc/arm-none-eabi/6.3.1/../../../../arm-none-eabi/lib/thumb/v7e-m/fpv4-sp/hard\libnosys.a(sbrk.o)
 .ARM.attributes
                0x00000c71       0x22 c:/program files (x86)/gnu tools arm embedded/6 2017-q2-update/bin/../lib/gcc/arm-none-eabi/6.3.1/thumb/v7e-m/fpv4-sp/hard\libgcc.a(_aeabi_uldivmod.o)
 .ARM.attributes
                0x00000c93       0x34 c:/program files (x86)/gnu tools arm embedded/6 2017-q2-update/bin/../lib/gcc/arm-none-eabi/6.3.1/thumb/v7e-m/fpv4-sp/hard\libgcc.a(_udivmoddi4.o)
 .ARM.attributes
                0x00000cc7       0x22 c:/program files (x86)/gnu tools arm embedded/6 2017-q2-update/bin/../lib/gcc/arm-none-eabi/6.3.1/thumb/v7e-m/fpv4-sp/hard\libgcc.a(_dvmd_tls.o)
 .ARM.attributes
                0x00000ce9       0x22 c:/program files (x86)/gnu tools arm embedded/6 2017-q2-update/bin/../lib/gcc/arm-none-eabi/6.3.1/thumb/v7e-m/fpv4-sp/hard/crtn.o
OUTPUT(build/IDW-testing.elf elf32-littlearm)

.debug_info     0x00000000    0x29f0e
 .debug_info    0x00000000     0x3831 build/main.o
 .debug_info    0x00003831      0xb97 build/stm32f4xx_it.o
 .debug_info    0x000043c8     0x13e8 build/stm32f4xx_hal_msp.o
 .debug_info    0x000057b0      0x60e build/system_stm32f4xx.o
 .debug_info    0x00005dbe     0x1466 build/retarget.o
 .debug_info    0x00007224      0xa64 build/stm32f4xx_hal.o
 .debug_info    0x00007c88      0xfe0 build/stm32f4xx_hal_cortex.o
 .debug_info    0x00008c68      0x88f build/stm32f4xx_hal_gpio.o
 .debug_info    0x000094f7      0xba5 build/stm32f4xx_hal_rcc.o
 .debug_info    0x0000a09c     0x34c8 build/stm32f4xx_hal_tim.o
 .debug_info    0x0000d564     0x1897 build/stm32f4xx_hal_uart.o
 .debug_info    0x0000edfb     0x366c build/stm32_spwf_wifi.o
 .debug_info    0x00012467     0x5422 build/wifi_interface.o
 .debug_info    0x00017889     0x5982 build/wifi_module.o
 .debug_info    0x0001d20b     0x4044 build/wifi_module_uart_01.o
 .debug_info    0x0002124f     0x2ad2 build/event_buffer.o
 .debug_info    0x00023d21     0x2c2e build/ring_buffer.o
 .debug_info    0x0002694f     0x2a6d build/wifi_globals.o
 .debug_info    0x000293bc      0xaeb build/stm32f4xx_nucleo.o
 .debug_info    0x00029ea7       0x67 build/startup_stm32f401xe.o

.debug_abbrev   0x00000000     0x335f
 .debug_abbrev  0x00000000      0x3ac build/main.o
 .debug_abbrev  0x000003ac      0x1e1 build/stm32f4xx_it.o
 .debug_abbrev  0x0000058d      0x216 build/stm32f4xx_hal_msp.o
 .debug_abbrev  0x000007a3      0x128 build/system_stm32f4xx.o
 .debug_abbrev  0x000008cb      0x26d build/retarget.o
 .debug_abbrev  0x00000b38      0x216 build/stm32f4xx_hal.o
 .debug_abbrev  0x00000d4e      0x33b build/stm32f4xx_hal_cortex.o
 .debug_abbrev  0x00001089      0x21a build/stm32f4xx_hal_gpio.o
 .debug_abbrev  0x000012a3      0x28b build/stm32f4xx_hal_rcc.o
 .debug_abbrev  0x0000152e      0x27f build/stm32f4xx_hal_tim.o
 .debug_abbrev  0x000017ad      0x2e4 build/stm32f4xx_hal_uart.o
 .debug_abbrev  0x00001a91      0x357 build/stm32_spwf_wifi.o
 .debug_abbrev  0x00001de8      0x3a5 build/wifi_interface.o
 .debug_abbrev  0x0000218d      0x3a8 build/wifi_module.o
 .debug_abbrev  0x00002535      0x394 build/wifi_module_uart_01.o
 .debug_abbrev  0x000028c9      0x2e1 build/event_buffer.o
 .debug_abbrev  0x00002baa      0x348 build/ring_buffer.o
 .debug_abbrev  0x00002ef2      0x22f build/wifi_globals.o
 .debug_abbrev  0x00003121      0x22c build/stm32f4xx_nucleo.o
 .debug_abbrev  0x0000334d       0x12 build/startup_stm32f401xe.o

.debug_loc      0x00000000     0xbfc6
 .debug_loc     0x00000000      0x1b6 build/main.o
 .debug_loc     0x000001b6       0x20 build/stm32f4xx_it.o
 .debug_loc     0x000001d6      0x104 build/stm32f4xx_hal_msp.o
 .debug_loc     0x000002da      0x13e build/system_stm32f4xx.o
 .debug_loc     0x00000418      0x3e4 build/retarget.o
 .debug_loc     0x000007fc      0x1ad build/stm32f4xx_hal.o
 .debug_loc     0x000009a9      0x6a6 build/stm32f4xx_hal_cortex.o
 .debug_loc     0x0000104f      0x524 build/stm32f4xx_hal_gpio.o
 .debug_loc     0x00001573      0x55c build/stm32f4xx_hal_rcc.o
 .debug_loc     0x00001acf     0x4343 build/stm32f4xx_hal_tim.o
 .debug_loc     0x00005e12     0x1a59 build/stm32f4xx_hal_uart.o
 .debug_loc     0x0000786b      0x39e build/stm32_spwf_wifi.o
 .debug_loc     0x00007c09     0x1db2 build/wifi_interface.o
 .debug_loc     0x000099bb     0x1947 build/wifi_module.o
 .debug_loc     0x0000b302      0x6d7 build/wifi_module_uart_01.o
 .debug_loc     0x0000b9d9      0x16a build/event_buffer.o
 .debug_loc     0x0000bb43      0x1ec build/ring_buffer.o
 .debug_loc     0x0000bd2f      0x297 build/stm32f4xx_nucleo.o

.debug_aranges  0x00000000      0xfb0
 .debug_aranges
                0x00000000       0x60 build/main.o
 .debug_aranges
                0x00000060       0x60 build/stm32f4xx_it.o
 .debug_aranges
                0x000000c0       0x30 build/stm32f4xx_hal_msp.o
 .debug_aranges
                0x000000f0       0x28 build/system_stm32f4xx.o
 .debug_aranges
                0x00000118       0x50 build/retarget.o
 .debug_aranges
                0x00000168       0xf0 build/stm32f4xx_hal.o
 .debug_aranges
                0x00000258       0xa8 build/stm32f4xx_hal_cortex.o
 .debug_aranges
                0x00000300       0x58 build/stm32f4xx_hal_gpio.o
 .debug_aranges
                0x00000358       0x88 build/stm32f4xx_hal_rcc.o
 .debug_aranges
                0x000003e0      0x3a8 build/stm32f4xx_hal_tim.o
 .debug_aranges
                0x00000788      0x1d0 build/stm32f4xx_hal_uart.o
 .debug_aranges
                0x00000958       0x90 build/stm32_spwf_wifi.o
 .debug_aranges
                0x000009e8      0x160 build/wifi_interface.o
 .debug_aranges
                0x00000b48      0x2e8 build/wifi_module.o
 .debug_aranges
                0x00000e30       0x30 build/wifi_module_uart_01.o
 .debug_aranges
                0x00000e60       0x48 build/event_buffer.o
 .debug_aranges
                0x00000ea8       0x60 build/ring_buffer.o
 .debug_aranges
                0x00000f08       0x20 build/wifi_globals.o
 .debug_aranges
                0x00000f28       0x60 build/stm32f4xx_nucleo.o
 .debug_aranges
                0x00000f88       0x28 build/startup_stm32f401xe.o

.debug_ranges   0x00000000      0xf28
 .debug_ranges  0x00000000       0x50 build/main.o
 .debug_ranges  0x00000050       0x50 build/stm32f4xx_it.o
 .debug_ranges  0x000000a0       0x20 build/stm32f4xx_hal_msp.o
 .debug_ranges  0x000000c0       0x18 build/system_stm32f4xx.o
 .debug_ranges  0x000000d8       0x40 build/retarget.o
 .debug_ranges  0x00000118       0xe0 build/stm32f4xx_hal.o
 .debug_ranges  0x000001f8       0xf8 build/stm32f4xx_hal_cortex.o
 .debug_ranges  0x000002f0       0x48 build/stm32f4xx_hal_gpio.o
 .debug_ranges  0x00000338       0x90 build/stm32f4xx_hal_rcc.o
 .debug_ranges  0x000003c8      0x398 build/stm32f4xx_hal_tim.o
 .debug_ranges  0x00000760      0x1c0 build/stm32f4xx_hal_uart.o
 .debug_ranges  0x00000920       0x80 build/stm32_spwf_wifi.o
 .debug_ranges  0x000009a0      0x150 build/wifi_interface.o
 .debug_ranges  0x00000af0      0x2f0 build/wifi_module.o
 .debug_ranges  0x00000de0       0x20 build/wifi_module_uart_01.o
 .debug_ranges  0x00000e00       0x38 build/event_buffer.o
 .debug_ranges  0x00000e38       0x70 build/ring_buffer.o
 .debug_ranges  0x00000ea8       0x10 build/wifi_globals.o
 .debug_ranges  0x00000eb8       0x50 build/stm32f4xx_nucleo.o
 .debug_ranges  0x00000f08       0x20 build/startup_stm32f401xe.o

.debug_line     0x00000000     0x7b8d
 .debug_line    0x00000000      0x55e build/main.o
 .debug_line    0x0000055e      0x328 build/stm32f4xx_it.o
 .debug_line    0x00000886      0x350 build/stm32f4xx_hal_msp.o
 .debug_line    0x00000bd6      0x1f9 build/system_stm32f4xx.o
 .debug_line    0x00000dcf      0x3b4 build/retarget.o
 .debug_line    0x00001183      0x40a build/stm32f4xx_hal.o
 .debug_line    0x0000158d      0x438 build/stm32f4xx_hal_cortex.o
 .debug_line    0x000019c5      0x37c build/stm32f4xx_hal_gpio.o
 .debug_line    0x00001d41      0x4c2 build/stm32f4xx_hal_rcc.o
 .debug_line    0x00002203     0x1361 build/stm32f4xx_hal_tim.o
 .debug_line    0x00003564      0xb87 build/stm32f4xx_hal_uart.o
 .debug_line    0x000040eb      0x5e0 build/stm32_spwf_wifi.o
 .debug_line    0x000046cb      0xaa4 build/wifi_interface.o
 .debug_line    0x0000516f     0x103d build/wifi_module.o
 .debug_line    0x000061ac      0x996 build/wifi_module_uart_01.o
 .debug_line    0x00006b42      0x461 build/event_buffer.o
 .debug_line    0x00006fa3      0x4c4 build/ring_buffer.o
 .debug_line    0x00007467      0x3e3 build/wifi_globals.o
 .debug_line    0x0000784a      0x2d0 build/stm32f4xx_nucleo.o
 .debug_line    0x00007b1a       0x73 build/startup_stm32f401xe.o

.debug_str      0x00000000     0x697f
 .debug_str     0x00000000     0x2ba6 build/main.o
                               0x2f0b (size before relaxing)
 .debug_str     0x00002ba6       0xb4 build/stm32f4xx_it.o
                                0x722 (size before relaxing)
 .debug_str     0x00002c5a       0xd9 build/stm32f4xx_hal_msp.o
                                0xc6c (size before relaxing)
 .debug_str     0x00002d33       0xac build/system_stm32f4xx.o
                                0x42b (size before relaxing)
 .debug_str     0x00002ddf      0x183 build/retarget.o
                                0xc7f (size before relaxing)
 .debug_str     0x00002f62      0x65d build/stm32f4xx_hal.o
                                0xa5b (size before relaxing)
 .debug_str     0x000035bf      0x44c build/stm32f4xx_hal_cortex.o
                                0xb88 (size before relaxing)
 .debug_str     0x00003a0b      0x14e build/stm32f4xx_hal_gpio.o
                                0x5c2 (size before relaxing)
 .debug_str     0x00003b59      0x190 build/stm32f4xx_hal_rcc.o
                                0x7a0 (size before relaxing)
 .debug_str     0x00003ce9      0xe5b build/stm32f4xx_hal_tim.o
                               0x158d (size before relaxing)
 .debug_str     0x00004b44      0x4b0 build/stm32f4xx_hal_uart.o
                                0xcf1 (size before relaxing)
 .debug_str     0x00004ff4      0x1d2 build/stm32_spwf_wifi.o
                               0x3039 (size before relaxing)
 .debug_str     0x000051c6      0x79a build/wifi_interface.o
                               0x3785 (size before relaxing)
 .debug_str     0x00005960      0xc76 build/wifi_module.o
                               0x3b34 (size before relaxing)
 .debug_str     0x000065d6      0x137 build/wifi_module_uart_01.o
                               0x3439 (size before relaxing)
 .debug_str     0x0000670d       0x67 build/event_buffer.o
                               0x28b8 (size before relaxing)
 .debug_str     0x00006774       0x63 build/ring_buffer.o
                               0x28c4 (size before relaxing)
 .debug_str     0x000067d7       0x45 build/wifi_globals.o
                               0x281f (size before relaxing)
 .debug_str     0x0000681c      0x163 build/stm32f4xx_nucleo.o
                                0x9bc (size before relaxing)

.comment        0x00000000       0x7f
 .comment       0x00000000       0x7f build/main.o
                                 0x80 (size before relaxing)
 .comment       0x0000007f       0x80 build/stm32f4xx_it.o
 .comment       0x0000007f       0x80 build/stm32f4xx_hal_msp.o
 .comment       0x0000007f       0x80 build/system_stm32f4xx.o
 .comment       0x0000007f       0x80 build/retarget.o
 .comment       0x0000007f       0x80 build/stm32f4xx_hal.o
 .comment       0x0000007f       0x80 build/stm32f4xx_hal_cortex.o
 .comment       0x0000007f       0x80 build/stm32f4xx_hal_gpio.o
 .comment       0x0000007f       0x80 build/stm32f4xx_hal_rcc.o
 .comment       0x0000007f       0x80 build/stm32f4xx_hal_tim.o
 .comment       0x0000007f       0x80 build/stm32f4xx_hal_uart.o
 .comment       0x0000007f       0x80 build/stm32_spwf_wifi.o
 .comment       0x0000007f       0x80 build/wifi_interface.o
 .comment       0x0000007f       0x80 build/wifi_module.o
 .comment       0x0000007f       0x80 build/wifi_module_uart_01.o
 .comment       0x0000007f       0x80 build/event_buffer.o
 .comment       0x0000007f       0x80 build/ring_buffer.o
 .comment       0x0000007f       0x80 build/wifi_globals.o
 .comment       0x0000007f       0x80 build/stm32f4xx_nucleo.o

.debug_frame    0x00000000     0x3834
 .debug_frame   0x00000000       0xe8 build/main.o
 .debug_frame   0x000000e8       0xac build/stm32f4xx_it.o
 .debug_frame   0x00000194       0x64 build/stm32f4xx_hal_msp.o
 .debug_frame   0x000001f8       0x30 build/system_stm32f4xx.o
 .debug_frame   0x00000228       0xd4 build/retarget.o
 .debug_frame   0x000002fc      0x200 build/stm32f4xx_hal.o
 .debug_frame   0x000004fc      0x16c build/stm32f4xx_hal_cortex.o
 .debug_frame   0x00000668       0xf0 build/stm32f4xx_hal_gpio.o
 .debug_frame   0x00000758      0x1ac build/stm32f4xx_hal_rcc.o
 .debug_frame   0x00000904      0xbd0 build/stm32f4xx_hal_tim.o
 .debug_frame   0x000014d4      0x580 build/stm32f4xx_hal_uart.o
 .debug_frame   0x00001a54      0x1e4 build/stm32_spwf_wifi.o
 .debug_frame   0x00001c38      0x52c build/wifi_interface.o
 .debug_frame   0x00002164      0x904 build/wifi_module.o
 .debug_frame   0x00002a68       0x90 build/wifi_module_uart_01.o
 .debug_frame   0x00002af8       0x94 build/event_buffer.o
 .debug_frame   0x00002b8c       0xc8 build/ring_buffer.o
 .debug_frame   0x00002c54       0x20 build/wifi_globals.o
 .debug_frame   0x00002c74      0x11c build/stm32f4xx_nucleo.o
 .debug_frame   0x00002d90       0x20 c:/program files (x86)/gnu tools arm embedded/6 2017-q2-update/bin/../lib/gcc/arm-none-eabi/6.3.1/../../../../arm-none-eabi/lib/thumb/v7e-m/fpv4-sp/hard\libc_nano.a(lib_a-errno.o)
 .debug_frame   0x00002db0       0x68 c:/program files (x86)/gnu tools arm embedded/6 2017-q2-update/bin/../lib/gcc/arm-none-eabi/6.3.1/../../../../arm-none-eabi/lib/thumb/v7e-m/fpv4-sp/hard\libc_nano.a(lib_a-fflush.o)
 .debug_frame   0x00002e18      0x11c c:/program files (x86)/gnu tools arm embedded/6 2017-q2-update/bin/../lib/gcc/arm-none-eabi/6.3.1/../../../../arm-none-eabi/lib/thumb/v7e-m/fpv4-sp/hard\libc_nano.a(lib_a-findfp.o)
 .debug_frame   0x00002f34       0x54 c:/program files (x86)/gnu tools arm embedded/6 2017-q2-update/bin/../lib/gcc/arm-none-eabi/6.3.1/../../../../arm-none-eabi/lib/thumb/v7e-m/fpv4-sp/hard\libc_nano.a(lib_a-fwalk.o)
 .debug_frame   0x00002f88       0x2c c:/program files (x86)/gnu tools arm embedded/6 2017-q2-update/bin/../lib/gcc/arm-none-eabi/6.3.1/../../../../arm-none-eabi/lib/thumb/v7e-m/fpv4-sp/hard\libc_nano.a(lib_a-init.o)
 .debug_frame   0x00002fb4       0x28 c:/program files (x86)/gnu tools arm embedded/6 2017-q2-update/bin/../lib/gcc/arm-none-eabi/6.3.1/../../../../arm-none-eabi/lib/thumb/v7e-m/fpv4-sp/hard\libc_nano.a(lib_a-memcpy-stub.o)
 .debug_frame   0x00002fdc       0x20 c:/program files (x86)/gnu tools arm embedded/6 2017-q2-update/bin/../lib/gcc/arm-none-eabi/6.3.1/../../../../arm-none-eabi/lib/thumb/v7e-m/fpv4-sp/hard\libc_nano.a(lib_a-memset.o)
 .debug_frame   0x00002ffc       0x38 c:/program files (x86)/gnu tools arm embedded/6 2017-q2-update/bin/../lib/gcc/arm-none-eabi/6.3.1/../../../../arm-none-eabi/lib/thumb/v7e-m/fpv4-sp/hard\libc_nano.a(lib_a-nano-freer.o)
 .debug_frame   0x00003034       0x2c c:/program files (x86)/gnu tools arm embedded/6 2017-q2-update/bin/../lib/gcc/arm-none-eabi/6.3.1/../../../../arm-none-eabi/lib/thumb/v7e-m/fpv4-sp/hard\libc_nano.a(lib_a-nano-mallocr.o)
 .debug_frame   0x00003060       0x74 c:/program files (x86)/gnu tools arm embedded/6 2017-q2-update/bin/../lib/gcc/arm-none-eabi/6.3.1/../../../../arm-none-eabi/lib/thumb/v7e-m/fpv4-sp/hard\libc_nano.a(lib_a-printf.o)
 .debug_frame   0x000030d4       0x58 c:/program files (x86)/gnu tools arm embedded/6 2017-q2-update/bin/../lib/gcc/arm-none-eabi/6.3.1/../../../../arm-none-eabi/lib/thumb/v7e-m/fpv4-sp/hard\libc_nano.a(lib_a-putchar.o)
 .debug_frame   0x0000312c       0x3c c:/program files (x86)/gnu tools arm embedded/6 2017-q2-update/bin/../lib/gcc/arm-none-eabi/6.3.1/../../../../arm-none-eabi/lib/thumb/v7e-m/fpv4-sp/hard\libc_nano.a(lib_a-puts.o)
 .debug_frame   0x00003168       0x2c c:/program files (x86)/gnu tools arm embedded/6 2017-q2-update/bin/../lib/gcc/arm-none-eabi/6.3.1/../../../../arm-none-eabi/lib/thumb/v7e-m/fpv4-sp/hard\libc_nano.a(lib_a-sbrkr.o)
 .debug_frame   0x00003194       0x38 c:/program files (x86)/gnu tools arm embedded/6 2017-q2-update/bin/../lib/gcc/arm-none-eabi/6.3.1/../../../../arm-none-eabi/lib/thumb/v7e-m/fpv4-sp/hard\libc_nano.a(lib_a-setvbuf.o)
 .debug_frame   0x000031cc       0x70 c:/program files (x86)/gnu tools arm embedded/6 2017-q2-update/bin/../lib/gcc/arm-none-eabi/6.3.1/../../../../arm-none-eabi/lib/thumb/v7e-m/fpv4-sp/hard\libc_nano.a(lib_a-sprintf.o)
 .debug_frame   0x0000323c       0x88 c:/program files (x86)/gnu tools arm embedded/6 2017-q2-update/bin/../lib/gcc/arm-none-eabi/6.3.1/../../../../arm-none-eabi/lib/thumb/v7e-m/fpv4-sp/hard\libc_nano.a(lib_a-stdio.o)
 .debug_frame   0x000032c4       0x40 c:/program files (x86)/gnu tools arm embedded/6 2017-q2-update/bin/../lib/gcc/arm-none-eabi/6.3.1/../../../../arm-none-eabi/lib/thumb/v7e-m/fpv4-sp/hard\libc_nano.a(lib_a-wbuf.o)
 .debug_frame   0x00003304       0x2c c:/program files (x86)/gnu tools arm embedded/6 2017-q2-update/bin/../lib/gcc/arm-none-eabi/6.3.1/../../../../arm-none-eabi/lib/thumb/v7e-m/fpv4-sp/hard\libc_nano.a(lib_a-writer.o)
 .debug_frame   0x00003330       0x2c c:/program files (x86)/gnu tools arm embedded/6 2017-q2-update/bin/../lib/gcc/arm-none-eabi/6.3.1/../../../../arm-none-eabi/lib/thumb/v7e-m/fpv4-sp/hard\libc_nano.a(lib_a-wsetup.o)
 .debug_frame   0x0000335c       0x2c c:/program files (x86)/gnu tools arm embedded/6 2017-q2-update/bin/../lib/gcc/arm-none-eabi/6.3.1/../../../../arm-none-eabi/lib/thumb/v7e-m/fpv4-sp/hard\libc_nano.a(lib_a-closer.o)
 .debug_frame   0x00003388       0x2c c:/program files (x86)/gnu tools arm embedded/6 2017-q2-update/bin/../lib/gcc/arm-none-eabi/6.3.1/../../../../arm-none-eabi/lib/thumb/v7e-m/fpv4-sp/hard\libc_nano.a(lib_a-lseekr.o)
 .debug_frame   0x000033b4       0x58 c:/program files (x86)/gnu tools arm embedded/6 2017-q2-update/bin/../lib/gcc/arm-none-eabi/6.3.1/../../../../arm-none-eabi/lib/thumb/v7e-m/fpv4-sp/hard\libc_nano.a(lib_a-makebuf.o)
 .debug_frame   0x0000340c       0x30 c:/program files (x86)/gnu tools arm embedded/6 2017-q2-update/bin/../lib/gcc/arm-none-eabi/6.3.1/../../../../arm-none-eabi/lib/thumb/v7e-m/fpv4-sp/hard\libc_nano.a(lib_a-malloc.o)
 .debug_frame   0x0000343c       0x30 c:/program files (x86)/gnu tools arm embedded/6 2017-q2-update/bin/../lib/gcc/arm-none-eabi/6.3.1/../../../../arm-none-eabi/lib/thumb/v7e-m/fpv4-sp/hard\libc_nano.a(lib_a-mlock.o)
 .debug_frame   0x0000346c       0x90 c:/program files (x86)/gnu tools arm embedded/6 2017-q2-update/bin/../lib/gcc/arm-none-eabi/6.3.1/../../../../arm-none-eabi/lib/thumb/v7e-m/fpv4-sp/hard\libc_nano.a(lib_a-nano-svfprintf.o)
 .debug_frame   0x000034fc       0xac c:/program files (x86)/gnu tools arm embedded/6 2017-q2-update/bin/../lib/gcc/arm-none-eabi/6.3.1/../../../../arm-none-eabi/lib/thumb/v7e-m/fpv4-sp/hard\libc_nano.a(lib_a-nano-vfprintf.o)
 .debug_frame   0x000035a8       0x60 c:/program files (x86)/gnu tools arm embedded/6 2017-q2-update/bin/../lib/gcc/arm-none-eabi/6.3.1/../../../../arm-none-eabi/lib/thumb/v7e-m/fpv4-sp/hard\libc_nano.a(lib_a-nano-vfprintf_i.o)
 .debug_frame   0x00003608       0x48 c:/program files (x86)/gnu tools arm embedded/6 2017-q2-update/bin/../lib/gcc/arm-none-eabi/6.3.1/../../../../arm-none-eabi/lib/thumb/v7e-m/fpv4-sp/hard\libc_nano.a(lib_a-putc.o)
 .debug_frame   0x00003650       0x2c c:/program files (x86)/gnu tools arm embedded/6 2017-q2-update/bin/../lib/gcc/arm-none-eabi/6.3.1/../../../../arm-none-eabi/lib/thumb/v7e-m/fpv4-sp/hard\libc_nano.a(lib_a-readr.o)
 .debug_frame   0x0000367c       0x5c c:/program files (x86)/gnu tools arm embedded/6 2017-q2-update/bin/../lib/gcc/arm-none-eabi/6.3.1/../../../../arm-none-eabi/lib/thumb/v7e-m/fpv4-sp/hard\libc_nano.a(lib_a-reent.o)
 .debug_frame   0x000036d8       0x2c c:/program files (x86)/gnu tools arm embedded/6 2017-q2-update/bin/../lib/gcc/arm-none-eabi/6.3.1/../../../../arm-none-eabi/lib/thumb/v7e-m/fpv4-sp/hard\libc_nano.a(lib_a-fstatr.o)
 .debug_frame   0x00003704       0x2c c:/program files (x86)/gnu tools arm embedded/6 2017-q2-update/bin/../lib/gcc/arm-none-eabi/6.3.1/../../../../arm-none-eabi/lib/thumb/v7e-m/fpv4-sp/hard\libc_nano.a(lib_a-isattyr.o)
 .debug_frame   0x00003730       0x28 c:/program files (x86)/gnu tools arm embedded/6 2017-q2-update/bin/../lib/gcc/arm-none-eabi/6.3.1/../../../../arm-none-eabi/lib/thumb/v7e-m/fpv4-sp/hard\libc_nano.a(lib_a-memmove.o)
 .debug_frame   0x00003758       0x3c c:/program files (x86)/gnu tools arm embedded/6 2017-q2-update/bin/../lib/gcc/arm-none-eabi/6.3.1/../../../../arm-none-eabi/lib/thumb/v7e-m/fpv4-sp/hard\libc_nano.a(lib_a-nano-reallocr.o)
 .debug_frame   0x00003794       0x20 c:/program files (x86)/gnu tools arm embedded/6 2017-q2-update/bin/../lib/gcc/arm-none-eabi/6.3.1/../../../../arm-none-eabi/lib/thumb/v7e-m/fpv4-sp/hard\libc_nano.a(lib_a-nano-msizer.o)
 .debug_frame   0x000037b4       0x20 c:/program files (x86)/gnu tools arm embedded/6 2017-q2-update/bin/../lib/gcc/arm-none-eabi/6.3.1/../../../../arm-none-eabi/lib/thumb/v7e-m/fpv4-sp/hard\libnosys.a(sbrk.o)
 .debug_frame   0x000037d4       0x2c c:/program files (x86)/gnu tools arm embedded/6 2017-q2-update/bin/../lib/gcc/arm-none-eabi/6.3.1/thumb/v7e-m/fpv4-sp/hard\libgcc.a(_aeabi_uldivmod.o)
 .debug_frame   0x00003800       0x34 c:/program files (x86)/gnu tools arm embedded/6 2017-q2-update/bin/../lib/gcc/arm-none-eabi/6.3.1/thumb/v7e-m/fpv4-sp/hard\libgcc.a(_udivmoddi4.o)

Cross Reference Table

Symbol                                            File
ADC_IRQHandler                                    build/startup_stm32f401xe.o
AHBPrescTable                                     build/system_stm32f4xx.o
                                                  build/stm32f4xx_ll_utils.o
                                                  build/stm32f4xx_hal_rcc.o
APBPrescTable                                     build/system_stm32f4xx.o
                                                  build/stm32f4xx_hal_rcc.o
Attention_Cmd                                     build/wifi_module.o
Attention_Cmd_Check                               build/wifi_module.o
                                                  build/stm32_spwf_wifi.o
BSP_GetVersion                                    build/stm32f4xx_nucleo.o
BSP_LED_DeInit                                    build/stm32f4xx_nucleo.o
BSP_LED_Init                                      build/stm32f4xx_nucleo.o
BSP_LED_Off                                       build/stm32f4xx_nucleo.o
BSP_LED_On                                        build/stm32f4xx_nucleo.o
                                                  build/wifi_module.o
BSP_LED_Toggle                                    build/stm32f4xx_nucleo.o
BSP_PB_DeInit                                     build/stm32f4xx_nucleo.o
BSP_PB_GetState                                   build/stm32f4xx_nucleo.o
BSP_PB_Init                                       build/stm32f4xx_nucleo.o
BUTTON_IRQn                                       build/stm32f4xx_nucleo.o
BUTTON_PIN                                        build/stm32f4xx_nucleo.o
BUTTON_PORT                                       build/stm32f4xx_nucleo.o
BusFault_Handler                                  build/stm32f4xx_it.o
Client_Socket_Close_Callback                      build/wifi_globals.o
                                                  build/wifi_module.o
DMA1_Stream0_IRQHandler                           build/startup_stm32f401xe.o
DMA1_Stream1_IRQHandler                           build/startup_stm32f401xe.o
DMA1_Stream2_IRQHandler                           build/startup_stm32f401xe.o
DMA1_Stream3_IRQHandler                           build/startup_stm32f401xe.o
DMA1_Stream4_IRQHandler                           build/startup_stm32f401xe.o
DMA1_Stream5_IRQHandler                           build/startup_stm32f401xe.o
DMA1_Stream6_IRQHandler                           build/startup_stm32f401xe.o
DMA1_Stream7_IRQHandler                           build/startup_stm32f401xe.o
DMA2_Stream0_IRQHandler                           build/startup_stm32f401xe.o
DMA2_Stream1_IRQHandler                           build/startup_stm32f401xe.o
DMA2_Stream2_IRQHandler                           build/startup_stm32f401xe.o
DMA2_Stream3_IRQHandler                           build/startup_stm32f401xe.o
DMA2_Stream4_IRQHandler                           build/startup_stm32f401xe.o
DMA2_Stream5_IRQHandler                           build/startup_stm32f401xe.o
DMA2_Stream6_IRQHandler                           build/startup_stm32f401xe.o
DMA2_Stream7_IRQHandler                           build/startup_stm32f401xe.o
DebugMon_Handler                                  build/stm32f4xx_it.o
Default_Handler                                   build/startup_stm32f401xe.o
DisableEnable_SPI_CS                              build/stm32_spwf_wifi.o
Disable_SPI_CS                                    build/stm32_spwf_wifi.o
                                                  build/wifi_module_spi.o
Disable_SPI_Receiving_Path                        build/stm32_spwf_wifi.o
                                                  build/wifi_module_spi.o
Display_Help_Text                                 build/wifi_module.o
EXTI0_IRQHandler                                  build/startup_stm32f401xe.o
EXTI15_10_IRQHandler                              build/startup_stm32f401xe.o
EXTI1_IRQHandler                                  build/startup_stm32f401xe.o
EXTI2_IRQHandler                                  build/startup_stm32f401xe.o
EXTI3_IRQHandler                                  build/startup_stm32f401xe.o
EXTI4_IRQHandler                                  build/startup_stm32f401xe.o
EXTI9_5_IRQHandler                                build/startup_stm32f401xe.o
Enable_SPI_CS                                     build/stm32_spwf_wifi.o
                                                  build/wifi_module_spi.o
Enable_SPI_Receiving_Path                         build/stm32_spwf_wifi.o
                                                  build/wifi_module_spi.o
Error_Handler                                     build/wifi_module.o
                                                  build/stm32_spwf_wifi.o
                                                  build/main.o
FLASH_Erase_Sector                                build/stm32f4xx_hal_flash_ex.o
                                                  build/stm32f4xx_hal_flash.o
FLASH_FlushCaches                                 build/stm32f4xx_hal_flash_ex.o
                                                  build/stm32f4xx_hal_flash.o
FLASH_IRQHandler                                  build/startup_stm32f401xe.o
FLASH_WaitForLastOperation                        build/stm32f4xx_hal_flash.o
                                                  build/stm32f4xx_hal_flash_ex.o
FPU_IRQHandler                                    build/startup_stm32f401xe.o
GET_Configuration_Value                           build/wifi_module.o
                                                  build/main.o
GPIO_PIN                                          build/stm32f4xx_nucleo.o
GPIO_PORT                                         build/stm32f4xx_nucleo.o
HAL_DBGMCU_DisableDBGSleepMode                    build/stm32f4xx_hal.o
HAL_DBGMCU_DisableDBGStandbyMode                  build/stm32f4xx_hal.o
HAL_DBGMCU_DisableDBGStopMode                     build/stm32f4xx_hal.o
HAL_DBGMCU_EnableDBGSleepMode                     build/stm32f4xx_hal.o
HAL_DBGMCU_EnableDBGStandbyMode                   build/stm32f4xx_hal.o
HAL_DBGMCU_EnableDBGStopMode                      build/stm32f4xx_hal.o
HAL_DMAEx_ChangeMemory                            build/stm32f4xx_hal_dma_ex.o
HAL_DMAEx_MultiBufferStart                        build/stm32f4xx_hal_dma_ex.o
HAL_DMAEx_MultiBufferStart_IT                     build/stm32f4xx_hal_dma_ex.o
HAL_DMA_Abort                                     build/stm32f4xx_hal_dma.o
                                                  build/stm32f4xx_hal_uart.o
HAL_DMA_Abort_IT                                  build/stm32f4xx_hal_dma.o
                                                  build/stm32f4xx_hal_uart.o